core_cm3.h:1876:26:ITM_SendChar	16	static
syscalls.c:76:6:initialise_monitor_handles	4	static
syscalls.c:80:5:_getpid	4	static
syscalls.c:85:5:_kill	16	static
syscalls.c:91:6:_exit	16	static
syscalls.c:97:27:_read	40	static
syscalls.c:109:5:_write	32	static
syscalls.c:128:9:_sbrk	24	static
syscalls.c:151:5:_close	16	static
syscalls.c:157:5:_fstat	16	static
syscalls.c:163:5:_isatty	16	static
syscalls.c:168:5:_lseek	24	static
syscalls.c:173:5:_open	12	static
syscalls.c:179:5:_wait	16	static
syscalls.c:185:5:_unlink	16	static
syscalls.c:191:5:_times	16	static
syscalls.c:196:5:_stat	16	static
syscalls.c:202:5:_link	16	static
syscalls.c:208:5:_fork	8	static
syscalls.c:214:5:_execve	24	static
