i2c.c:172:15:HAL_I2C_DeInit	16	static
i2c.c:202:13:HAL_I2C_MspInit	16	static
i2c.c:206:13:HAL_I2C_MspDeInit	16	static
i2c.c:210:15:HAL_I2C_Master_Transmit	40	static
i2c.c:318:15:HAL_I2C_Master_Receive	56	static
i2c.c:552:15:HAL_I2C_Slave_Transmit	48	static
i2c.c:672:15:HAL_I2C_Slave_Receive	48	static
i2c.c:782:15:HAL_I2C_Master_Transmit_IT	32	static
i2c.c:851:15:HAL_I2C_Master_Receive_IT	32	static
i2c.c:924:15:HAL_I2C_Slave_Transmit_IT	24	static
i2c.c:977:15:HAL_I2C_Slave_Receive_IT	24	static
i2c.c:1030:15:HAL_I2C_Master_Transmit_DMA	32	static
i2c.c:1158:15:HAL_I2C_Master_Receive_DMA	32	static
i2c.c:1286:15:HAL_I2C_Slave_Transmit_DMA	32	static
i2c.c:1370:15:HAL_I2C_Slave_Receive_DMA	32	static
i2c.c:1455:15:HAL_I2C_Mem_Write	40	static
i2c.c:1564:15:HAL_I2C_Mem_Read	56	static
i2c.c:1798:15:HAL_I2C_Mem_Write_IT	32	static
i2c.c:1874:15:HAL_I2C_Mem_Read_IT	32	static
i2c.c:1955:15:HAL_I2C_Mem_Write_DMA	48	static
i2c.c:2082:15:HAL_I2C_Mem_Read_DMA	56	static
i2c.c:2226:15:HAL_I2C_IsDeviceReady	48	static
i2c.c:2349:15:HAL_I2C_Master_Seq_Transmit_IT	32	static
i2c.c:2434:15:HAL_I2C_Master_Seq_Transmit_DMA	40	static
i2c.c:2587:15:HAL_I2C_Master_Seq_Receive_IT	40	static
i2c.c:2698:15:HAL_I2C_Master_Seq_Receive_DMA	40	static
i2c.c:2890:15:HAL_I2C_Slave_Seq_Transmit_IT	32	static
i2c.c:2945:15:HAL_I2C_Slave_Seq_Transmit_DMA	32	static
i2c.c:3091:15:HAL_I2C_Slave_Seq_Receive_IT	32	static
i2c.c:3146:15:HAL_I2C_Slave_Seq_Receive_DMA	32	static
i2c.c:3292:15:HAL_I2C_EnableListen_IT	16	static
i2c.c:3318:15:HAL_I2C_DisableListen_IT	24	static
i2c.c:3344:15:HAL_I2C_Master_Abort_IT	16	static
i2c.c:3384:6:HAL_I2C_EV_IRQHandler	40	static
i2c.c:3536:6:HAL_I2C_ER_IRQHandler	48	static
i2c.c:3609:13:HAL_I2C_MasterTxCpltCallback	16	static
i2c.c:3613:13:HAL_I2C_MasterRxCpltCallback	16	static
i2c.c:3618:13:HAL_I2C_SlaveTxCpltCallback	16	static
i2c.c:3622:13:HAL_I2C_SlaveRxCpltCallback	16	static
i2c.c:3626:13:HAL_I2C_AddrCallback	16	static
i2c.c:3632:13:HAL_I2C_ListenCpltCallback	16	static
i2c.c:3636:13:HAL_I2C_MemTxCpltCallback	16	static
i2c.c:3640:13:HAL_I2C_MemRxCpltCallback	16	static
i2c.c:3644:13:HAL_I2C_ErrorCallback	16	static
i2c.c:3648:13:HAL_I2C_AbortCpltCallback	16	static
i2c.c:3652:22:HAL_I2C_GetState	16	static
i2c.c:3656:21:HAL_I2C_GetMode	16	static
i2c.c:3660:10:HAL_I2C_GetError	16	static
i2c.c:3664:13:I2C_MasterTransmit_TXE	24	static
i2c.c:3741:13:I2C_MasterTransmit_BTF	24	static
i2c.c:3809:13:I2C_MemoryTransmit_TXE_BTF	16	static
i2c.c:3865:13:I2C_MasterReceive_RXNE	24	static
i2c.c:3933:13:I2C_MasterReceive_BTF	24	static
i2c.c:4045:13:I2C_Master_SB	16	static
i2c.c:4099:13:I2C_Master_ADD10	16	static
i2c.c:4113:13:I2C_Master_ADDR	72	static
i2c.c:4251:13:I2C_SlaveTransmit_TXE	24	static
i2c.c:4282:13:I2C_SlaveTransmit_BTF	16	static
i2c.c:4296:13:I2C_SlaveReceive_RXNE	24	static
i2c.c:4327:13:I2C_SlaveReceive_BTF	16	static
i2c.c:4341:13:I2C_Slave_ADDR	24	static
i2c.c:4383:13:I2C_Slave_STOPF	24	static
i2c.c:4536:13:I2C_Slave_AF	24	static
i2c.c:4587:13:I2C_ITError	24	static
i2c.c:4733:22:I2C_MasterRequestWrite	40	static
i2c.c:4792:22:I2C_MasterRequestRead	40	static
i2c.c:4879:22:I2C_RequestMemoryWrite	40	static
i2c.c:4946:22:I2C_RequestMemoryRead	40	static
i2c.c:5049:13:I2C_DMAXferCplt	32	static
i2c.c:5167:13:I2C_DMAError	24	static
i2c.c:5182:13:I2C_DMAAbort	24	static
i2c.c:5257:22:I2C_WaitOnFlagUntilTimeout	24	static
i2c.c:5281:22:I2C_WaitOnMasterAddressFlagUntilTimeout	24	static
i2c.c:5323:22:I2C_WaitOnTXEFlagUntilTimeout	24	static
i2c.c:5352:22:I2C_WaitOnBTFFlagUntilTimeout	24	static
i2c.c:5381:22:I2C_WaitOnSTOPFlagUntilTimeout	24	static
i2c.c:5407:22:I2C_WaitOnRXNEFlagUntilTimeout	24	static
i2c.c:5445:22:I2C_IsAcknowledgeFailed	16	static
i2c.c:5464:13:I2C_ConvertOtherXferOptions	16	static
