Archive member included to satisfy reference by file (symbol)

d:/programm/atolik/truestudio for stm32 9.3.0/armtools/bin/../lib/gcc/arm-atollic-eabi/6.3.1/../../../../arm-atollic-eabi/lib/armv7-m\libc.a(lib_a-errno.o)
                              Src\syscalls.o (__errno)
d:/programm/atolik/truestudio for stm32 9.3.0/armtools/bin/../lib/gcc/arm-atollic-eabi/6.3.1/../../../../arm-atollic-eabi/lib/armv7-m\libc.a(lib_a-impure.o)
                              d:/programm/atolik/truestudio for stm32 9.3.0/armtools/bin/../lib/gcc/arm-atollic-eabi/6.3.1/../../../../arm-atollic-eabi/lib/armv7-m\libc.a(lib_a-errno.o) (_impure_ptr)
d:/programm/atolik/truestudio for stm32 9.3.0/armtools/bin/../lib/gcc/arm-atollic-eabi/6.3.1/../../../../arm-atollic-eabi/lib/armv7-m\libc.a(lib_a-init.o)
                              startup\startup_stm32f103xe.o (__libc_init_array)
d:/programm/atolik/truestudio for stm32 9.3.0/armtools/bin/../lib/gcc/arm-atollic-eabi/6.3.1/../../../../arm-atollic-eabi/lib/armv7-m\libc.a(lib_a-memcpy-stub.o)
                              Src\main.o (memcpy)
d:/programm/atolik/truestudio for stm32 9.3.0/armtools/bin/../lib/gcc/arm-atollic-eabi/6.3.1/../../../../arm-atollic-eabi/lib/armv7-m\libc.a(lib_a-memset.o)
                              Src\main.o (memset)
d:/programm/atolik/truestudio for stm32 9.3.0/armtools/bin/../lib/gcc/arm-atollic-eabi/6.3.1/../../../../arm-atollic-eabi/lib/armv7-m\libc.a(lib_a-printf.o)
                              LIBerry_V0\Tools\C\UART_RS485.o (printf)
d:/programm/atolik/truestudio for stm32 9.3.0/armtools/bin/../lib/gcc/arm-atollic-eabi/6.3.1/../../../../arm-atollic-eabi/lib/armv7-m\libc.a(lib_a-puts.o)
                              LIBerry_V0\Tools\C\lcd.o (puts)
d:/programm/atolik/truestudio for stm32 9.3.0/armtools/bin/../lib/gcc/arm-atollic-eabi/6.3.1/../../../../arm-atollic-eabi/lib/armv7-m\libc.a(lib_a-snprintf.o)
                              LIBerry_V0\Tools\C\lcd.o (snprintf)
d:/programm/atolik/truestudio for stm32 9.3.0/armtools/bin/../lib/gcc/arm-atollic-eabi/6.3.1/../../../../arm-atollic-eabi/lib/armv7-m\libc.a(lib_a-strlen.o)
                              LIBerry_V0\Tools\C\lcd.o (strlen)
d:/programm/atolik/truestudio for stm32 9.3.0/armtools/bin/../lib/gcc/arm-atollic-eabi/6.3.1/../../../../arm-atollic-eabi/lib/armv7-m\libc.a(lib_a-svfprintf.o)
                              d:/programm/atolik/truestudio for stm32 9.3.0/armtools/bin/../lib/gcc/arm-atollic-eabi/6.3.1/../../../../arm-atollic-eabi/lib/armv7-m\libc.a(lib_a-snprintf.o) (_svfprintf_r)
d:/programm/atolik/truestudio for stm32 9.3.0/armtools/bin/../lib/gcc/arm-atollic-eabi/6.3.1/../../../../arm-atollic-eabi/lib/armv7-m\libc.a(lib_a-vfprintf.o)
                              d:/programm/atolik/truestudio for stm32 9.3.0/armtools/bin/../lib/gcc/arm-atollic-eabi/6.3.1/../../../../arm-atollic-eabi/lib/armv7-m\libc.a(lib_a-printf.o) (_vfprintf_r)
d:/programm/atolik/truestudio for stm32 9.3.0/armtools/bin/../lib/gcc/arm-atollic-eabi/6.3.1/../../../../arm-atollic-eabi/lib/armv7-m\libc.a(lib_a-wsetup.o)
                              d:/programm/atolik/truestudio for stm32 9.3.0/armtools/bin/../lib/gcc/arm-atollic-eabi/6.3.1/../../../../arm-atollic-eabi/lib/armv7-m\libc.a(lib_a-vfprintf.o) (__swsetup_r)
d:/programm/atolik/truestudio for stm32 9.3.0/armtools/bin/../lib/gcc/arm-atollic-eabi/6.3.1/../../../../arm-atollic-eabi/lib/armv7-m\libc.a(lib_a-dtoa.o)
                              d:/programm/atolik/truestudio for stm32 9.3.0/armtools/bin/../lib/gcc/arm-atollic-eabi/6.3.1/../../../../arm-atollic-eabi/lib/armv7-m\libc.a(lib_a-svfprintf.o) (_dtoa_r)
d:/programm/atolik/truestudio for stm32 9.3.0/armtools/bin/../lib/gcc/arm-atollic-eabi/6.3.1/../../../../arm-atollic-eabi/lib/armv7-m\libc.a(lib_a-fflush.o)
                              d:/programm/atolik/truestudio for stm32 9.3.0/armtools/bin/../lib/gcc/arm-atollic-eabi/6.3.1/../../../../arm-atollic-eabi/lib/armv7-m\libc.a(lib_a-vfprintf.o) (_fflush_r)
d:/programm/atolik/truestudio for stm32 9.3.0/armtools/bin/../lib/gcc/arm-atollic-eabi/6.3.1/../../../../arm-atollic-eabi/lib/armv7-m\libc.a(lib_a-findfp.o)
                              d:/programm/atolik/truestudio for stm32 9.3.0/armtools/bin/../lib/gcc/arm-atollic-eabi/6.3.1/../../../../arm-atollic-eabi/lib/armv7-m\libc.a(lib_a-printf.o) (__sinit)
d:/programm/atolik/truestudio for stm32 9.3.0/armtools/bin/../lib/gcc/arm-atollic-eabi/6.3.1/../../../../arm-atollic-eabi/lib/armv7-m\libc.a(lib_a-freer.o)
                              d:/programm/atolik/truestudio for stm32 9.3.0/armtools/bin/../lib/gcc/arm-atollic-eabi/6.3.1/../../../../arm-atollic-eabi/lib/armv7-m\libc.a(lib_a-wsetup.o) (_free_r)
d:/programm/atolik/truestudio for stm32 9.3.0/armtools/bin/../lib/gcc/arm-atollic-eabi/6.3.1/../../../../arm-atollic-eabi/lib/armv7-m\libc.a(lib_a-fvwrite.o)
[...]
Memory Configuration

Name             Origin             Length             Attributes
FLASH            0x08000000         0x00080000         xr
RAM              0x20000000         0x00010000         xrw
MEMORY_B1        0x60000000         0x00000000         xr
*default*        0x00000000         0xffffffff

Linker script and memory map

LOAD d:/programm/atolik/truestudio for stm32 9.3.0/armtools/bin/../lib/gcc/arm-atollic-eabi/6.3.1/armv7-m/crti.o
LOAD d:/programm/atolik/truestudio for stm32 9.3.0/armtools/bin/../lib/gcc/arm-atollic-eabi/6.3.1/armv7-m/crtbegin.o
LOAD Drivers\STM32F1xx_HAL_Driver\Src\stm32f1xx_hal.o
LOAD Drivers\STM32F1xx_HAL_Driver\Src\stm32f1xx_hal_adc.o
LOAD Drivers\STM32F1xx_HAL_Driver\Src\stm32f1xx_hal_adc_ex.o
LOAD Drivers\STM32F1xx_HAL_Driver\Src\stm32f1xx_hal_cortex.o
LOAD Drivers\STM32F1xx_HAL_Driver\Src\stm32f1xx_hal_dma.o
LOAD Drivers\STM32F1xx_HAL_Driver\Src\stm32f1xx_hal_exti.o
LOAD Drivers\STM32F1xx_HAL_Driver\Src\stm32f1xx_hal_flash.o
LOAD Drivers\STM32F1xx_HAL_Driver\Src\stm32f1xx_hal_flash_ex.o
LOAD Drivers\STM32F1xx_HAL_Driver\Src\stm32f1xx_hal_gpio.o
LOAD Drivers\STM32F1xx_HAL_Driver\Src\stm32f1xx_hal_gpio_ex.o
LOAD Drivers\STM32F1xx_HAL_Driver\Src\stm32f1xx_hal_pwr.o
LOAD Drivers\STM32F1xx_HAL_Driver\Src\stm32f1xx_hal_rcc.o
LOAD Drivers\STM32F1xx_HAL_Driver\Src\stm32f1xx_hal_rcc_ex.o
LOAD Drivers\STM32F1xx_HAL_Driver\Src\stm32f1xx_hal_tim.o
LOAD Drivers\STM32F1xx_HAL_Driver\Src\stm32f1xx_hal_tim_ex.o
LOAD Drivers\STM32F1xx_HAL_Driver\Src\stm32f1xx_hal_uart.o
LOAD LIBerry_V0\ARM\arm3\GPIO_ARM3.o
LOAD LIBerry_V0\ARM\arm4\GPIO_ARM4.o
LOAD LIBerry_V0\ARM\arm7\GPIO_ARM7.o
LOAD LIBerry_V0\Cpp\ARM\ARM3_PLUS.o
LOAD LIBerry_V0\Cpp\TEst\GPIO.o
LOAD LIBerry_V0\DS1307\DS1307.o
LOAD LIBerry_V0\Tools\C\UART_RS485.o
LOAD LIBerry_V0\Tools\C\i2c.o
LOAD LIBerry_V0\Tools\C\jtag.o
LOAD LIBerry_V0\Tools\C\lcd.o
LOAD LIBerry_V0\Tools\C\rcc.o
LOAD LIBerry_V0\Tools\LCD\LCD_I2C.o
LOAD Src\main.o
LOAD Src\stm32f1xx_hal_msp.o
LOAD Src\stm32f1xx_it.o
LOAD Src\syscalls.o
LOAD Src\system_stm32f1xx.o
LOAD startup\startup_stm32f103xe.o
                0x00001000                malloc_getpagesize_P = 0x1000
START GROUP
LOAD d:/programm/atolik/truestudio for stm32 9.3.0/armtools/bin/../lib/gcc/arm-atollic-eabi/6.3.1/../../../../arm-atollic-eabi/lib/armv7-m\libstdc++.a
LOAD d:/programm/atolik/truestudio for stm32 9.3.0/armtools/bin/../lib/gcc/arm-atollic-eabi/6.3.1/../../../../arm-atollic-eabi/lib/armv7-m\libsupc++.a
END GROUP
LOAD d:/programm/atolik/truestudio for stm32 9.3.0/armtools/bin/../lib/gcc/arm-atollic-eabi/6.3.1/../../../../arm-atollic-eabi/lib/armv7-m\libstdc++.a
LOAD d:/programm/atolik/truestudio for stm32 9.3.0/armtools/bin/../lib/gcc/arm-atollic-eabi/6.3.1/../../../../arm-atollic-eabi/lib/armv7-m\libm.a
LOAD d:/programm/atolik/truestudio for stm32 9.3.0/armtools/bin/../lib/gcc/arm-atollic-eabi/6.3.1/../../../../arm-atollic-eabi/lib/armv7-m\libc.a
START GROUP
LOAD d:/programm/atolik/truestudio for stm32 9.3.0/armtools/bin/../lib/gcc/arm-atollic-eabi/6.3.1/armv7-m\libgcc.a
LOAD d:/programm/atolik/truestudio for stm32 9.3.0/armtools/bin/../lib/gcc/arm-atollic-eabi/6.3.1/../../../../arm-atollic-eabi/lib/armv7-m\libc.a
END GROUP
START GROUP
LOAD d:/programm/atolik/truestudio for stm32 9.3.0/armtools/bin/../lib/gcc/arm-atollic-eabi/6.3.1/armv7-m\libgcc.a
LOAD d:/programm/atolik/truestudio for stm32 9.3.0/armtools/bin/../lib/gcc/arm-atollic-eabi/6.3.1/../../../../arm-atollic-eabi/lib/armv7-m\libc.a
LOAD d:/programm/atolik/truestudio for stm32 9.3.0/armtools/bin/../lib/gcc/arm-atollic-eabi/6.3.1/../../../../arm-atollic-eabi/lib/armv7-m\libnosys.a
END GROUP
LOAD d:/programm/atolik/truestudio for stm32 9.3.0/armtools/bin/../lib/gcc/arm-atollic-eabi/6.3.1/armv7-m/crtend.o
LOAD d:/programm/atolik/truestudio for stm32 9.3.0/armtools/bin/../lib/gcc/arm-atollic-eabi/6.3.1/armv7-m/crtn.o
                0x20010000                _estack = 0x20010000
                0x00000000                _Min_Heap_Size = 0x0
                0x00000200                _Min_Stack_Size = 0x200

.isr_vector     0x08000000      0x1e4
                0x08000000                . = ALIGN (0x4)
 *(.isr_vector)
 .isr_vector    0x08000000      0x1e4 startup\startup_stm32f103xe.o
                0x08000000                g_pfnVectors
                0x080001e4                . = ALIGN (0x4)

.text           0x080001e8     0x893c
                0x080001e8                . = ALIGN (0x4)
 *(.text)
 .text          0x080001e8       0x40 d:/programm/atolik/truestudio for stm32 9.3.0/armtools/bin/../lib/gcc/arm-atollic-eabi/6.3.1/armv7-m/crtbegin.o
 .text          0x08000228       0x10 d:/programm/atolik/truestudio for stm32 9.3.0/armtools/bin/../lib/gcc/arm-atollic-eabi/6.3.1/../../../../arm-atollic-eabi/lib/armv7-m\libc.a(lib_a-strlen.o)
                0x08000228                strlen
 .text          0x08000238      0x370 d:/programm/atolik/truestudio for stm32 9.3.0/armtools/bin/../lib/gcc/arm-atollic-eabi/6.3.1/armv7-m\libgcc.a(_arm_addsubdf3.o)
                0x08000238                __aeabi_drsub
                0x08000240                __aeabi_dsub
                0x08000240                __subdf3
                0x08000244                __aeabi_dadd
                0x08000244                __adddf3
                0x080004bc                __floatunsidf
                0x080004bc                __aeabi_ui2d
                0x080004dc                __floatsidf
                0x080004dc                __aeabi_i2d
                0x08000500                __aeabi_f2d
                0x08000500                __extendsfdf2
                0x0800053c                __floatundidf
                0x0800053c                __aeabi_ul2d
                0x0800054c                __floatdidf
                0x0800054c                __aeabi_l2d
 .text          0x080005a8      0x424 d:/programm/atolik/truestudio for stm32 9.3.0/armtools/bin/../lib/gcc/arm-atollic-eabi/6.3.1/armv7-m\libgcc.a(_arm_muldivdf3.o)
                0x080005a8                __aeabi_dmul
                0x080005a8                __muldf3
                0x080007fc                __divdf3
                0x080007fc                __aeabi_ddiv
 .text          0x080009cc      0x110 d:/programm/atolik/truestudio for stm32 9.3.0/armtools/bin/../lib/gcc/arm-atollic-eabi/6.3.1/armv7-m\libgcc.a(_arm_cmpdf2.o)
                0x080009cc                __gtdf2
                0x080009cc                __gedf2
                0x080009d4                __ltdf2
                0x080009d4                __ledf2
                0x080009dc                __nedf2
                0x080009dc                __eqdf2
                0x080009dc                __cmpdf2
                0x08000a58                __aeabi_cdrcmple
                0x08000a68                __aeabi_cdcmpeq
                0x08000a68                __aeabi_cdcmple
                0x08000a78                __aeabi_dcmpeq
                0x08000a8c                __aeabi_dcmplt
                0x08000aa0                __aeabi_dcmple
                0x08000ab4                __aeabi_dcmpge
                0x08000ac8                __aeabi_dcmpgt
 .text          0x08000adc       0x2c d:/programm/atolik/truestudio for stm32 9.3.0/armtools/bin/../lib/gcc/arm-atollic-eabi/6.3.1/armv7-m\libgcc.a(_arm_unorddf2.o)
                0x08000adc                __unorddf2
                0x08000adc                __aeabi_dcmpun
 .text          0x08000b08       0x50 d:/programm/atolik/truestudio for stm32 9.3.0/armtools/bin/../lib/gcc/arm-atollic-eabi/6.3.1/armv7-m\libgcc.a(_arm_fixdfsi.o)
                0x08000b08                __aeabi_d2iz
                0x08000b08                __fixdfsi
 .text          0x08000b58       0x40 d:/programm/atolik/truestudio for stm32 9.3.0/armtools/bin/../lib/gcc/arm-atollic-eabi/6.3.1/armv7-m\libgcc.a(_arm_fixunsdfsi.o)
                0x08000b58                __aeabi_d2uiz
                0x08000b58                __fixunsdfsi
 .text          0x08000b98       0x30 d:/programm/atolik/truestudio for stm32 9.3.0/armtools/bin/../lib/gcc/arm-atollic-eabi/6.3.1/armv7-m\libgcc.a(_aeabi_uldivmod.o)
                0x08000b98                __aeabi_uldivmod
 .text          0x08000bc8      0x2dc d:/programm/atolik/truestudio for stm32 9.3.0/armtools/bin/../lib/gcc/arm-atollic-eabi/6.3.1/armv7-m\libgcc.a(_udivmoddi4.o)
                0x08000bc8                __udivmoddi4
 .text          0x08000ea4      0x9dc d:/programm/atolik/truestudio for stm32 9.3.0/armtools/bin/../lib/gcc/arm-atollic-eabi/6.3.1/armv7-m\libgcc.a(unwind-arm.o)
                0x08001168                _Unwind_GetCFA
                0x0800116c                __gnu_Unwind_RaiseException
                0x080011cc                __gnu_Unwind_ForcedUnwind
                0x080011e0                __gnu_Unwind_Resume
                0x08001224                __gnu_Unwind_Resume_or_Rethrow
                0x08001238                _Unwind_Complete
                0x0800123c                _Unwind_DeleteException
                0x08001248                _Unwind_VRS_Get
                0x08001294                _Unwind_VRS_Set
                0x080012e4                __gnu_Unwind_Backtrace
                0x08001628                __aeabi_unwind_cpp_pr0
                0x0800162c                __aeabi_unwind_cpp_pr1
                0x08001630                __aeabi_unwind_cpp_pr2
                0x08001634                _Unwind_VRS_Pop
 .text          0x08001880      0x1ac d:/programm/atolik/truestudio for stm32 9.3.0/armtools/bin/../lib/gcc/arm-atollic-eabi/6.3.1/armv7-m\libgcc.a(libunwind.o)
                0x08001880                __restore_core_regs
                0x08001880                restore_core_regs
                0x08001898                __gnu_Unwind_Restore_VFP
                0x080018a0                __gnu_Unwind_Save_VFP
                0x080018a8                __gnu_Unwind_Restore_VFP_D
                0x080018b0                __gnu_Unwind_Save_VFP_D
                0x080018b8                __gnu_Unwind_Restore_VFP_D_16_to_31
                0x080018c0                __gnu_Unwind_Save_VFP_D_16_to_31
                0x080018c8                __gnu_Unwind_Restore_WMMXD
                0x0800190c                __gnu_Unwind_Save_WMMXD
                0x08001950                __gnu_Unwind_Restore_WMMXC
                0x08001964                __gnu_Unwind_Save_WMMXC
                0x08001978                ___Unwind_RaiseException
                0x08001978                _Unwind_RaiseException
                0x0800199c                _Unwind_Resume
                0x0800199c                ___Unwind_Resume
                0x080019c0                _Unwind_Resume_or_Rethrow
                0x080019c0                ___Unwind_Resume_or_Rethrow
                0x080019e4                _Unwind_ForcedUnwind
                0x080019e4                ___Unwind_ForcedUnwind
                0x08001a08                ___Unwind_Backtrace
                0x08001a08                _Unwind_Backtrace
 .text          0x08001a2c      0x384 d:/programm/atolik/truestudio for stm32 9.3.0/armtools/bin/../lib/gcc/arm-atollic-eabi/6.3.1/armv7-m\libgcc.a(pr-support.o)
                0x08001a84                __gnu_unwind_execute
                0x08001d54                __gnu_unwind_frame
                0x08001d80                _Unwind_GetRegionStart
                0x08001d8c                _Unwind_GetLanguageSpecificData
                0x08001da0                _Unwind_GetTextRelBase
                0x08001da8                _Unwind_GetDataRelBase
 .text          0x08001db0        0x4 d:/programm/atolik/truestudio for stm32 9.3.0/armtools/bin/../lib/gcc/arm-atollic-eabi/6.3.1/armv7-m\libgcc.a(_dvmd_tls.o)
                0x08001db0                __aeabi_idiv0
                0x08001db0                __aeabi_ldiv0
 *(.text*)
 .text.HAL_Init
                0x08001db4       0x2c Drivers\STM32F1xx_HAL_Driver\Src\stm32f1xx_hal.o
                0x08001db4                HAL_Init
 .text.HAL_InitTick
                0x08001de0       0x60 Drivers\STM32F1xx_HAL_Driver\Src\stm32f1xx_hal.o
                0x08001de0                HAL_InitTick
 .text.HAL_IncTick
                0x08001e40       0x24 Drivers\STM32F1xx_HAL_Driver\Src\stm32f1xx_hal.o
                0x08001e40                HAL_IncTick
 .text.HAL_GetTick
                0x08001e64       0x14 Drivers\STM32F1xx_HAL_Driver\Src\stm32f1xx_hal.o
                0x08001e64                HAL_GetTick
 .text.HAL_Delay
                0x08001e78       0x44 Drivers\STM32F1xx_HAL_Driver\Src\stm32f1xx_hal.o
                0x08001e78                HAL_Delay
 .text.HAL_ADC_Init
                0x08001ebc      0x1d4 Drivers\STM32F1xx_HAL_Driver\Src\stm32f1xx_hal_adc.o
                0x08001ebc                HAL_ADC_Init
 .text.HAL_ADC_MspInit
                0x08002090       0x12 Drivers\STM32F1xx_HAL_Driver\Src\stm32f1xx_hal_adc.o
                0x08002090                HAL_ADC_MspInit
 *fill*         0x080020a2        0x2 
 .text.HAL_ADC_Start
                0x080020a4      0x15c Drivers\STM32F1xx_HAL_Driver\Src\stm32f1xx_hal_adc.o
                0x080020a4                HAL_ADC_Start
 .text.HAL_ADC_PollForConversion
                0x08002200      0x1f4 Drivers\STM32F1xx_HAL_Driver\Src\stm32f1xx_hal_adc.o
                0x08002200                HAL_ADC_PollForConversion
 .text.HAL_ADC_GetValue
                0x080023f4       0x18 Drivers\STM32F1xx_HAL_Driver\Src\stm32f1xx_hal_adc.o
                0x080023f4                HAL_ADC_GetValue
 .text.HAL_ADC_ConfigChannel
                0x0800240c      0x1f0 Drivers\STM32F1xx_HAL_Driver\Src\stm32f1xx_hal_adc.o
                0x0800240c                HAL_ADC_ConfigChannel
 .text.ADC_Enable
                0x080025fc       0xa4 Drivers\STM32F1xx_HAL_Driver\Src\stm32f1xx_hal_adc.o
                0x080025fc                ADC_Enable
 .text.ADC_ConversionStop_Disable
                0x080026a0       0x74 Drivers\STM32F1xx_HAL_Driver\Src\stm32f1xx_hal_adc.o
                0x080026a0                ADC_ConversionStop_Disable
 .text.__NVIC_SetPriorityGrouping
                0x08002714       0x48 Drivers\STM32F1xx_HAL_Driver\Src\stm32f1xx_hal_cortex.o
 .text.__NVIC_GetPriorityGrouping
                0x0800275c       0x1c Drivers\STM32F1xx_HAL_Driver\Src\stm32f1xx_hal_cortex.o
 .text.__NVIC_SetPriority
                0x08002778       0x54 Drivers\STM32F1xx_HAL_Driver\Src\stm32f1xx_hal_cortex.o
 .text.NVIC_EncodePriority
                0x080027cc       0x60 Drivers\STM32F1xx_HAL_Driver\Src\stm32f1xx_hal_cortex.o
 .text.SysTick_Config
                0x0800282c       0x44 Drivers\STM32F1xx_HAL_Driver\Src\stm32f1xx_hal_cortex.o
 .text.HAL_NVIC_SetPriorityGrouping
                0x08002870       0x16 Drivers\STM32F1xx_HAL_Driver\Src\stm32f1xx_hal_cortex.o
                0x08002870                HAL_NVIC_SetPriorityGrouping
 .text.HAL_NVIC_SetPriority
                0x08002886       0x38 Drivers\STM32F1xx_HAL_Driver\Src\stm32f1xx_hal_cortex.o
                0x08002886                HAL_NVIC_SetPriority
 .text.HAL_SYSTICK_Config
                0x080028be       0x18 Drivers\STM32F1xx_HAL_Driver\Src\stm32f1xx_hal_cortex.o
                0x080028be                HAL_SYSTICK_Config
 *fill*         0x080028d6        0x2 
 .text.HAL_GPIO_Init
                0x080028d8      0x2d4 Drivers\STM32F1xx_HAL_Driver\Src\stm32f1xx_hal_gpio.o
                0x080028d8                HAL_GPIO_Init
 .text.HAL_RCC_OscConfig
                0x08002bac      0x500 Drivers\STM32F1xx_HAL_Driver\Src\stm32f1xx_hal_rcc.o
                0x08002bac                HAL_RCC_OscConfig
 .text.HAL_RCC_ClockConfig
                0x080030ac      0x1d4 Drivers\STM32F1xx_HAL_Driver\Src\stm32f1xx_hal_rcc.o
                0x080030ac                HAL_RCC_ClockConfig
 .text.HAL_RCC_GetSysClockFreq
                0x08003280       0xc4 Drivers\STM32F1xx_HAL_Driver\Src\stm32f1xx_hal_rcc.o
                0x08003280                HAL_RCC_GetSysClockFreq
 .text.HAL_RCC_GetHCLKFreq
                0x08003344       0x14 Drivers\STM32F1xx_HAL_Driver\Src\stm32f1xx_hal_rcc.o
                0x08003344                HAL_RCC_GetHCLKFreq
 .text.HAL_RCC_GetPCLK1Freq
                0x08003358       0x28 Drivers\STM32F1xx_HAL_Driver\Src\stm32f1xx_hal_rcc.o
                0x08003358                HAL_RCC_GetPCLK1Freq
 .text.HAL_RCC_GetPCLK2Freq
                0x08003380       0x28 Drivers\STM32F1xx_HAL_Driver\Src\stm32f1xx_hal_rcc.o
                0x08003380                HAL_RCC_GetPCLK2Freq
 .text.RCC_Delay
                0x080033a8       0x3c Drivers\STM32F1xx_HAL_Driver\Src\stm32f1xx_hal_rcc.o
 .text.HAL_RCCEx_GetPeriphCLKFreq
                0x080033e4      0x1d0 Drivers\STM32F1xx_HAL_Driver\Src\stm32f1xx_hal_rcc_ex.o
                0x080033e4                HAL_RCCEx_GetPeriphCLKFreq
 .text._ZN6DS1307C2Ev
                0x080035b4       0x14 LIBerry_V0\DS1307\DS1307.o
                0x080035b4                DS1307::DS1307()
                0x080035b4                DS1307::DS1307()
 .text._Z41__static_initialization_and_destruction_0ii
                0x080035c8       0x2c LIBerry_V0\DS1307\DS1307.o
 .text._GLOBAL__sub_I__ZN6DS1307C2Ev
                0x080035f4       0x10 LIBerry_V0\DS1307\DS1307.o
 .text.HAL_I2C_Master_Transmit
                0x08003604      0x1fc LIBerry_V0\Tools\C\i2c.o
                0x08003604                HAL_I2C_Master_Transmit
 .text.I2C_MasterRequestWrite
                0x08003800      0x100 LIBerry_V0\Tools\C\i2c.o
 .text.I2C_WaitOnFlagUntilTimeout
                0x08003900       0xac LIBerry_V0\Tools\C\i2c.o
 .text.I2C_WaitOnMasterAddressFlagUntilTimeout
                0x080039ac       0xfe LIBerry_V0\Tools\C\i2c.o
 .text.I2C_WaitOnTXEFlagUntilTimeout
                0x08003aaa       0x82 LIBerry_V0\Tools\C\i2c.o
 .text.I2C_WaitOnBTFFlagUntilTimeout
                0x08003b2c       0x82 LIBerry_V0\Tools\C\i2c.o
 .text.I2C_IsAcknowledgeFailed
                0x08003bae       0x5c LIBerry_V0\Tools\C\i2c.o
 .text._ZN6stm1034ARM34HIGHEP12GPIO_TypeDeft
                0x08003c0a       0x28 Src\main.o
                0x08003c0a                stm103::ARM3::HIGH(GPIO_TypeDef*, unsigned short)
 .text._ZN6stm1034ARM33LOWEP12GPIO_TypeDeft
                0x08003c32       0x26 Src\main.o
                0x08003c32                stm103::ARM3::LOW(GPIO_TypeDef*, unsigned short)
 .text._ZN6stm1034ARM33OUTEP12GPIO_TypeDeft
                0x08003c58       0x7c Src\main.o
                0x08003c58                stm103::ARM3::OUT(GPIO_TypeDef*, unsigned short)
 .text._ZN6stm1035Tools11fail_signalEP12GPIO_TypeDeft
                0x08003cd4       0x4a Src\main.o
                0x08003cd4                stm103::Tools::fail_signal(GPIO_TypeDef*, unsigned short)
 *fill*         0x08003d1e        0x2 
 .text._ZN6stm1035Tools8clockingEh
                0x08003d20       0xa0 Src\main.o
                0x08003d20                stm103::Tools::clocking(unsigned char)
 .text._ZN6stm1035Tools9GPIO_InitEv
                0x08003dc0       0x38 Src\main.o
                0x08003dc0                stm103::Tools::GPIO_Init()
 .text._ZN6stm1034_I2C4InitEP17I2C_HandleTypeDef7PIN_I2C
                0x08003df8      0x2c8 Src\main.o
                0x08003df8                stm103::_I2C::Init(I2C_HandleTypeDef*, PIN_I2C)
 .text._ZN6stm1034_I2C11I2C_MspInitEP17I2C_HandleTypeDef7PIN_I2C
                0x080040c0       0xd4 Src\main.o
                0x080040c0                stm103::_I2C::I2C_MspInit(I2C_HandleTypeDef*, PIN_I2C)
 .text._ZN6stm1034_I2C26I2C_WaitOnFlagUntilTimeoutEP17I2C_HandleTypeDefm10FlagStatusmm
                0x08004194       0xba Src\main.o
                0x08004194                stm103::_I2C::I2C_WaitOnFlagUntilTimeout(I2C_HandleTypeDef*, unsigned long, FlagStatus, unsigned long, unsigned long)
 *fill*         0x0800424e        0x2 
 .text._ZN6stm1034_I2C11I2C_IDReadyE7PIN_I2CPh
                0x08004250       0xa0 Src\main.o
                0x08004250                stm103::_I2C::I2C_IDReady(PIN_I2C, unsigned char*)
 .text._ZN6stm1034_I2C17I2C_IsDeviceReadyEP17I2C_HandleTypeDeftmm
                0x080042f0      0x2b4 Src\main.o
                0x080042f0                stm103::_I2C::I2C_IsDeviceReady(I2C_HandleTypeDef*, unsigned short, unsigned long, unsigned long)
 .text._ZN6stm1038_LCD16026lcd_ONEP17I2C_HandleTypeDefPchh
                0x080045a4       0x9c Src\main.o
                0x080045a4                stm103::_LCD1602::lcd_ON(I2C_HandleTypeDef*, char*, unsigned char, unsigned char)
 .text._ZN6stm1038_LCD16028sendDataEPNS0_7LCD1602EPh
                0x08004640       0x8c Src\main.o
                0x08004640                stm103::_LCD1602::sendData(stm103::_LCD1602::LCD1602*, unsigned char*)
 .text._ZN6stm1038_LCD16027initLCDEPNS0_7LCD1602E
                0x080046cc      0x10c Src\main.o
                0x080046cc                stm103::_LCD1602::initLCD(stm103::_LCD1602::LCD1602*)
 .text._ZN6stm1038_LCD16028writeLCDEPNS0_7LCD1602Eh
                0x080047d8       0x52 Src\main.o
                0x080047d8                stm103::_LCD1602::writeLCD(stm103::_LCD1602::LCD1602*, unsigned char)
 .text._ZN6stm1038_LCD16029lsd_printEPNS0_7LCD1602EPc
                0x0800482a       0x40 Src\main.o
                0x0800482a                stm103::_LCD1602::lsd_print(stm103::_LCD1602::LCD1602*, char*)
 .text._ZN6stm1038_LCD16026moveXYEPNS0_7LCD1602Ehh
                0x0800486a       0xbc Src\main.o
                0x0800486a                stm103::_LCD1602::moveXY(stm103::_LCD1602::LCD1602*, unsigned char, unsigned char)
 *fill*         0x08004926        0x2 
 .text.main     0x08004928      0x188 Src\main.o
                0x08004928                main
 .text._Z18SystemClock_Configv
                0x08004ab0       0x8a Src\main.o
                0x08004ab0                SystemClock_Config()
 *fill*         0x08004b3a        0x2 
 .text._ZL12MX_ADC1_Initv
                0x08004b3c       0x90 Src\main.o
 .text.Error_Handler
                0x08004bcc        0xc Src\main.o
                0x08004bcc                Error_Handler
 .text.HAL_MspInit
                0x08004bd8       0x64 Src\stm32f1xx_hal_msp.o
                0x08004bd8                HAL_MspInit
 .text.NMI_Handler
                0x08004c3c        0xc Src\stm32f1xx_it.o
                0x08004c3c                NMI_Handler
 .text.HardFault_Handler
                0x08004c48        0x6 Src\stm32f1xx_it.o
                0x08004c48                HardFault_Handler
 .text.MemManage_Handler
                0x08004c4e        0x6 Src\stm32f1xx_it.o
                0x08004c4e                MemManage_Handler
 .text.BusFault_Handler
                0x08004c54        0x6 Src\stm32f1xx_it.o
                0x08004c54                BusFault_Handler
 .text.UsageFault_Handler
                0x08004c5a        0x6 Src\stm32f1xx_it.o
                0x08004c5a                UsageFault_Handler
 .text.SVC_Handler
                0x08004c60        0xc Src\stm32f1xx_it.o
                0x08004c60                SVC_Handler
 .text.DebugMon_Handler
                0x08004c6c        0xc Src\stm32f1xx_it.o
                0x08004c6c                DebugMon_Handler
 .text.PendSV_Handler
                0x08004c78        0xc Src\stm32f1xx_it.o
                0x08004c78                PendSV_Handler
 .text.SysTick_Handler
                0x08004c84        0xc Src\stm32f1xx_it.o
                0x08004c84                SysTick_Handler
 .text.ITM_SendChar
                0x08004c90       0x4c Src\syscalls.o
 .text._getpid  0x08004cdc        0xe Src\syscalls.o
                0x08004cdc                _getpid
 .text._kill    0x08004cea       0x20 Src\syscalls.o
                0x08004cea                _kill
 .text._exit    0x08004d0a       0x14 Src\syscalls.o
                0x08004d0a                _exit
 .text._read    0x08004d1e       0x3a Src\syscalls.o
                0x08004d1e                _read
 .text._write   0x08004d58       0x38 Src\syscalls.o
                0x08004d58                _write
 .text._sbrk    0x08004d90       0x58 Src\syscalls.o
                0x08004d90                _sbrk
 .text._close   0x08004de8       0x16 Src\syscalls.o
                0x08004de8                _close
 .text._fstat   0x08004dfe       0x1e Src\syscalls.o
                0x08004dfe                _fstat
 .text._isatty  0x08004e1c       0x14 Src\syscalls.o
                0x08004e1c                _isatty
 .text._lseek   0x08004e30       0x18 Src\syscalls.o
                0x08004e30                _lseek
 .text.SystemInit
                0x08004e48        0xc Src\system_stm32f1xx.o
                0x08004e48                SystemInit
 .text.Reset_Handler
                0x08004e54       0x48 startup\startup_stm32f103xe.o
                0x08004e54                Reset_Handler
 .text.Default_Handler
                0x08004e9c        0x2 startup\startup_stm32f103xe.o
                0x08004e9c                RTC_Alarm_IRQHandler
                0x08004e9c                EXTI2_IRQHandler
                0x08004e9c                TIM8_TRG_COM_IRQHandler
                0x08004e9c                TIM8_CC_IRQHandler
                0x08004e9c                TIM1_CC_IRQHandler
                0x08004e9c                TIM6_IRQHandler
                0x08004e9c                PVD_IRQHandler
                0x08004e9c                SDIO_IRQHandler
                0x08004e9c                EXTI3_IRQHandler
                0x08004e9c                EXTI0_IRQHandler
                0x08004e9c                I2C2_EV_IRQHandler
                0x08004e9c                ADC1_2_IRQHandler
                0x08004e9c                SPI1_IRQHandler
                0x08004e9c                TAMPER_IRQHandler
                0x08004e9c                TIM8_UP_IRQHandler
                0x08004e9c                DMA2_Channel2_IRQHandler
                0x08004e9c                DMA1_Channel4_IRQHandler
                0x08004e9c                USART3_IRQHandler
                0x08004e9c                RTC_IRQHandler
                0x08004e9c                DMA1_Channel7_IRQHandler
                0x08004e9c                CAN1_RX1_IRQHandler
                0x08004e9c                UART5_IRQHandler
                0x08004e9c                ADC3_IRQHandler
                0x08004e9c                TIM4_IRQHandler
                0x08004e9c                DMA2_Channel1_IRQHandler
                0x08004e9c                I2C1_EV_IRQHandler
                0x08004e9c                DMA1_Channel6_IRQHandler
                0x08004e9c                UART4_IRQHandler
                0x08004e9c                TIM3_IRQHandler
                0x08004e9c                RCC_IRQHandler
                0x08004e9c                TIM1_TRG_COM_IRQHandler
                0x08004e9c                DMA1_Channel1_IRQHandler
                0x08004e9c                Default_Handler
                0x08004e9c                EXTI15_10_IRQHandler
                0x08004e9c                TIM7_IRQHandler
                0x08004e9c                TIM5_IRQHandler
                0x08004e9c                EXTI9_5_IRQHandler
                0x08004e9c                SPI2_IRQHandler
                0x08004e9c                DMA1_Channel5_IRQHandler
                0x08004e9c                EXTI4_IRQHandler
                0x08004e9c                USB_LP_CAN1_RX0_IRQHandler
                0x08004e9c                USB_HP_CAN1_TX_IRQHandler
                0x08004e9c                DMA1_Channel3_IRQHandler
                0x08004e9c                FSMC_IRQHandler
                0x08004e9c                TIM1_UP_IRQHandler
                0x08004e9c                WWDG_IRQHandler
                0x08004e9c                TIM2_IRQHandler
                0x08004e9c                TIM1_BRK_IRQHandler
                0x08004e9c                EXTI1_IRQHandler
                0x08004e9c                DMA2_Channel4_5_IRQHandler
                0x08004e9c                USART2_IRQHandler
                0x08004e9c                I2C2_ER_IRQHandler
                0x08004e9c                DMA1_Channel2_IRQHandler
                0x08004e9c                TIM8_BRK_IRQHandler
                0x08004e9c                CAN1_SCE_IRQHandler
                0x08004e9c                FLASH_IRQHandler
                0x08004e9c                USART1_IRQHandler
                0x08004e9c                SPI3_IRQHandler
                0x08004e9c                I2C1_ER_IRQHandler
                0x08004e9c                USBWakeUp_IRQHandler
                0x08004e9c                DMA2_Channel3_IRQHandler
 *fill*         0x08004e9e        0x2 
 .text.__errno  0x08004ea0        0xc d:/programm/atolik/truestudio for stm32 9.3.0/armtools/bin/../lib/gcc/arm-atollic-eabi/6.3.1/../../../../arm-atollic-eabi/lib/armv7-m\libc.a(lib_a-errno.o)
                0x08004ea0                __errno
 .text.__libc_init_array
                0x08004eac       0x48 d:/programm/atolik/truestudio for stm32 9.3.0/armtools/bin/../lib/gcc/arm-atollic-eabi/6.3.1/../../../../arm-atollic-eabi/lib/armv7-m\libc.a(lib_a-init.o)
                0x08004eac                __libc_init_array
 .text.memcpy   0x08004ef4       0x16 d:/programm/atolik/truestudio for stm32 9.3.0/armtools/bin/../lib/gcc/arm-atollic-eabi/6.3.1/../../../../arm-atollic-eabi/lib/armv7-m\libc.a(lib_a-memcpy-stub.o)
                0x08004ef4                memcpy
 .text.memset   0x08004f0a       0x10 d:/programm/atolik/truestudio for stm32 9.3.0/armtools/bin/../lib/gcc/arm-atollic-eabi/6.3.1/../../../../arm-atollic-eabi/lib/armv7-m\libc.a(lib_a-memset.o)
                0x08004f0a                memset
 *fill*         0x08004f1a        0x2 
 .text.printf   0x08004f1c       0x30 d:/programm/atolik/truestudio for stm32 9.3.0/armtools/bin/../lib/gcc/arm-atollic-eabi/6.3.1/../../../../arm-atollic-eabi/lib/armv7-m\libc.a(lib_a-printf.o)
                0x08004f1c                printf
 .text._puts_r  0x08004f4c       0xc0 d:/programm/atolik/truestudio for stm32 9.3.0/armtools/bin/../lib/gcc/arm-atollic-eabi/6.3.1/../../../../arm-atollic-eabi/lib/armv7-m\libc.a(lib_a-puts.o)
                0x08004f4c                _puts_r
 .text.puts     0x0800500c       0x10 d:/programm/atolik/truestudio for stm32 9.3.0/armtools/bin/../lib/gcc/arm-atollic-eabi/6.3.1/../../../../arm-atollic-eabi/lib/armv7-m\libc.a(lib_a-puts.o)
                0x0800500c                puts
 .text._vfprintf_r
                0x0800501c     0x106c d:/programm/atolik/truestudio for stm32 9.3.0/armtools/bin/../lib/gcc/arm-atollic-eabi/6.3.1/../../../../arm-atollic-eabi/lib/armv7-m\libc.a(lib_a-vfprintf.o)
                0x0800501c                _vfprintf_r
 .text.__sbprintf
                0x08006088       0x80 d:/programm/atolik/truestudio for stm32 9.3.0/armtools/bin/../lib/gcc/arm-atollic-eabi/6.3.1/../../../../arm-atollic-eabi/lib/armv7-m\libc.a(lib_a-vfprintf.o)
 .text.__swsetup_r
                0x08006108       0xdc d:/programm/atolik/truestudio for stm32 9.3.0/armtools/bin/../lib/gcc/arm-atollic-eabi/6.3.1/../../../../arm-atollic-eabi/lib/armv7-m\libc.a(lib_a-wsetup.o)
                0x08006108                __swsetup_r
 .text.quorem   0x080061e4      0x118 d:/programm/atolik/truestudio for stm32 9.3.0/armtools/bin/../lib/gcc/arm-atollic-eabi/6.3.1/../../../../arm-atollic-eabi/lib/armv7-m\libc.a(lib_a-dtoa.o)
 *fill*         0x080062fc        0x4 
 .text._dtoa_r  0x08006300      0xba8 d:/programm/atolik/truestudio for stm32 9.3.0/armtools/bin/../lib/gcc/arm-atollic-eabi/6.3.1/../../../../arm-atollic-eabi/lib/armv7-m\libc.a(lib_a-dtoa.o)
                0x08006300                _dtoa_r
 .text.__sflush_r
                0x08006ea8      0x124 d:/programm/atolik/truestudio for stm32 9.3.0/armtools/bin/../lib/gcc/arm-atollic-eabi/6.3.1/../../../../arm-atollic-eabi/lib/armv7-m\libc.a(lib_a-fflush.o)
                0x08006ea8                __sflush_r
 .text._fflush_r
                0x08006fcc       0x78 d:/programm/atolik/truestudio for stm32 9.3.0/armtools/bin/../lib/gcc/arm-atollic-eabi/6.3.1/../../../../arm-atollic-eabi/lib/armv7-m\libc.a(lib_a-fflush.o)
                0x08006fcc                _fflush_r
 .text._cleanup_r
                0x08007044        0xc d:/programm/atolik/truestudio for stm32 9.3.0/armtools/bin/../lib/gcc/arm-atollic-eabi/6.3.1/../../../../arm-atollic-eabi/lib/armv7-m\libc.a(lib_a-findfp.o)
                0x08007044                _cleanup_r
 .text.std.isra.0
                0x08007050       0x48 d:/programm/atolik/truestudio for stm32 9.3.0/armtools/bin/../lib/gcc/arm-atollic-eabi/6.3.1/../../../../arm-atollic-eabi/lib/armv7-m\libc.a(lib_a-findfp.o)
 .text.__sfmoreglue
                0x08007098       0x2c d:/programm/atolik/truestudio for stm32 9.3.0/armtools/bin/../lib/gcc/arm-atollic-eabi/6.3.1/../../../../arm-atollic-eabi/lib/armv7-m\libc.a(lib_a-findfp.o)
                0x08007098                __sfmoreglue
 .text.__sfp_lock_acquire
                0x080070c4        0xc d:/programm/atolik/truestudio for stm32 9.3.0/armtools/bin/../lib/gcc/arm-atollic-eabi/6.3.1/../../../../arm-atollic-eabi/lib/armv7-m\libc.a(lib_a-findfp.o)
                0x080070c4                __sfp_lock_acquire
 .text.__sfp_lock_release
                0x080070d0        0xc d:/programm/atolik/truestudio for stm32 9.3.0/armtools/bin/../lib/gcc/arm-atollic-eabi/6.3.1/../../../../arm-atollic-eabi/lib/armv7-m\libc.a(lib_a-findfp.o)
                0x080070d0                __sfp_lock_release
 .text.__sinit_lock_acquire
                0x080070dc        0xc d:/programm/atolik/truestudio for stm32 9.3.0/armtools/bin/../lib/gcc/arm-atollic-eabi/6.3.1/../../../../arm-atollic-eabi/lib/armv7-m\libc.a(lib_a-findfp.o)
                0x080070dc                __sinit_lock_acquire
 .text.__sinit_lock_release
                0x080070e8        0xc d:/programm/atolik/truestudio for stm32 9.3.0/armtools/bin/../lib/gcc/arm-atollic-eabi/6.3.1/../../../../arm-atollic-eabi/lib/armv7-m\libc.a(lib_a-findfp.o)
                0x080070e8                __sinit_lock_release
 .text.__sinit  0x080070f4       0x78 d:/programm/atolik/truestudio for stm32 9.3.0/armtools/bin/../lib/gcc/arm-atollic-eabi/6.3.1/../../../../arm-atollic-eabi/lib/armv7-m\libc.a(lib_a-findfp.o)
                0x080070f4                __sinit
 .text.__sfp    0x0800716c       0x8c d:/programm/atolik/truestudio for stm32 9.3.0/armtools/bin/../lib/gcc/arm-atollic-eabi/6.3.1/../../../../arm-atollic-eabi/lib/armv7-m\libc.a(lib_a-findfp.o)
                0x0800716c                __sfp
 .text._malloc_trim_r
                0x080071f8       0xac d:/programm/atolik/truestudio for stm32 9.3.0/armtools/bin/../lib/gcc/arm-atollic-eabi/6.3.1/../../../../arm-atollic-eabi/lib/armv7-m\libc.a(lib_a-freer.o)
                0x080071f8                _malloc_trim_r
 .text._free_r  0x080072a4      0x178 d:/programm/atolik/truestudio for stm32 9.3.0/armtools/bin/../lib/gcc/arm-atollic-eabi/6.3.1/../../../../arm-atollic-eabi/lib/armv7-m\libc.a(lib_a-freer.o)
                0x080072a4                _free_r
 .text.__sfvwrite_r
                0x0800741c      0x29c d:/programm/atolik/truestudio for stm32 9.3.0/armtools/bin/../lib/gcc/arm-atollic-eabi/6.3.1/../../../../arm-atollic-eabi/lib/armv7-m\libc.a(lib_a-fvwrite.o)
                0x0800741c                __sfvwrite_r
 .text._fwalk_reent
                0x080076b8       0x3c d:/programm/atolik/truestudio for stm32 9.3.0/armtools/bin/../lib/gcc/arm-atollic-eabi/6.3.1/../../../../arm-atollic-eabi/lib/armv7-m\libc.a(lib_a-fwalk.o)
                0x080076b8                _fwalk_reent
 .text._localeconv_r
                0x080076f4       0x1c d:/programm/atolik/truestudio for stm32 9.3.0/armtools/bin/../lib/gcc/arm-atollic-eabi/6.3.1/../../../../arm-atollic-eabi/lib/armv7-m\libc.a(lib_a-localeconv.o)
                0x080076f4                _localeconv_r
 .text.__retarget_lock_init_recursive
                0x08007710        0x2 d:/programm/atolik/truestudio for stm32 9.3.0/armtools/bin/../lib/gcc/arm-atollic-eabi/6.3.1/../../../../arm-atollic-eabi/lib/armv7-m\libc.a(lib_a-lock.o)
                0x08007710                __retarget_lock_init_recursive
 .text.__retarget_lock_close_recursive
                0x08007712        0x2 d:/programm/atolik/truestudio for stm32 9.3.0/armtools/bin/../lib/gcc/arm-atollic-eabi/6.3.1/../../../../arm-atollic-eabi/lib/armv7-m\libc.a(lib_a-lock.o)
                0x08007712                __retarget_lock_close_recursive
 .text.__retarget_lock_acquire_recursive
                0x08007714        0x2 d:/programm/atolik/truestudio for stm32 9.3.0/armtools/bin/../lib/gcc/arm-atollic-eabi/6.3.1/../../../../arm-atollic-eabi/lib/armv7-m\libc.a(lib_a-lock.o)
                0x08007714                __retarget_lock_acquire_recursive
 .text.__retarget_lock_release_recursive
                0x08007716        0x2 d:/programm/atolik/truestudio for stm32 9.3.0/armtools/bin/../lib/gcc/arm-atollic-eabi/6.3.1/../../../../arm-atollic-eabi/lib/armv7-m\libc.a(lib_a-lock.o)
                0x08007716                __retarget_lock_release_recursive
 .text.__swhatbuf_r
                0x08007718       0x56 d:/programm/atolik/truestudio for stm32 9.3.0/armtools/bin/../lib/gcc/arm-atollic-eabi/6.3.1/../../../../arm-atollic-eabi/lib/armv7-m\libc.a(lib_a-makebuf.o)
                0x08007718                __swhatbuf_r
 *fill*         0x0800776e        0x2 
 .text.__smakebuf_r
                0x08007770       0x80 d:/programm/atolik/truestudio for stm32 9.3.0/armtools/bin/../lib/gcc/arm-atollic-eabi/6.3.1/../../../../arm-atollic-eabi/lib/armv7-m\libc.a(lib_a-makebuf.o)
                0x08007770                __smakebuf_r
 .text.malloc   0x080077f0       0x10 d:/programm/atolik/truestudio for stm32 9.3.0/armtools/bin/../lib/gcc/arm-atollic-eabi/6.3.1/../../../../arm-atollic-eabi/lib/armv7-m\libc.a(lib_a-malloc.o)
                0x080077f0                malloc
 .text._malloc_r
                0x08007800      0x418 d:/programm/atolik/truestudio for stm32 9.3.0/armtools/bin/../lib/gcc/arm-atollic-eabi/6.3.1/../../../../arm-atollic-eabi/lib/armv7-m\libc.a(lib_a-mallocr.o)
                0x08007800                _malloc_r
 .text.memchr   0x08007c18       0x1c d:/programm/atolik/truestudio for stm32 9.3.0/armtools/bin/../lib/gcc/arm-atollic-eabi/6.3.1/../../../../arm-atollic-eabi/lib/armv7-m\libc.a(lib_a-memchr-stub.o)
                0x08007c18                memchr
 .text.memmove  0x08007c34       0x34 d:/programm/atolik/truestudio for stm32 9.3.0/armtools/bin/../lib/gcc/arm-atollic-eabi/6.3.1/../../../../arm-atollic-eabi/lib/armv7-m\libc.a(lib_a-memmove.o)
                0x08007c34                memmove
 .text.__malloc_lock
                0x08007c68        0xc d:/programm/atolik/truestudio for stm32 9.3.0/armtools/bin/../lib/gcc/arm-atollic-eabi/6.3.1/../../../../arm-atollic-eabi/lib/armv7-m\libc.a(lib_a-mlock.o)
                0x08007c68                __malloc_lock
 .text.__malloc_unlock
                0x08007c74        0xc d:/programm/atolik/truestudio for stm32 9.3.0/armtools/bin/../lib/gcc/arm-atollic-eabi/6.3.1/../../../../arm-atollic-eabi/lib/armv7-m\libc.a(lib_a-mlock.o)
                0x08007c74                __malloc_unlock
 .text._Balloc  0x08007c80       0x68 d:/programm/atolik/truestudio for stm32 9.3.0/armtools/bin/../lib/gcc/arm-atollic-eabi/6.3.1/../../../../arm-atollic-eabi/lib/armv7-m\libc.a(lib_a-mprec.o)
                0x08007c80                _Balloc
 .text._Bfree   0x08007ce8       0x2e d:/programm/atolik/truestudio for stm32 9.3.0/armtools/bin/../lib/gcc/arm-atollic-eabi/6.3.1/../../../../arm-atollic-eabi/lib/armv7-m\libc.a(lib_a-mprec.o)
                0x08007ce8                _Bfree
 .text.__multadd
                0x08007d16       0x76 d:/programm/atolik/truestudio for stm32 9.3.0/armtools/bin/../lib/gcc/arm-atollic-eabi/6.3.1/../../../../arm-atollic-eabi/lib/armv7-m\libc.a(lib_a-mprec.o)
                0x08007d16                __multadd
 .text.__hi0bits
                0x08007d8c       0x3e d:/programm/atolik/truestudio for stm32 9.3.0/armtools/bin/../lib/gcc/arm-atollic-eabi/6.3.1/../../../../arm-atollic-eabi/lib/armv7-m\libc.a(lib_a-mprec.o)
                0x08007d8c                __hi0bits
 .text.__lo0bits
                0x08007dca       0x5e d:/programm/atolik/truestudio for stm32 9.3.0/armtools/bin/../lib/gcc/arm-atollic-eabi/6.3.1/../../../../arm-atollic-eabi/lib/armv7-m\libc.a(lib_a-mprec.o)
                0x08007dca                __lo0bits
 .text.__i2b    0x08007e28       0x12 d:/programm/atolik/truestudio for stm32 9.3.0/armtools/bin/../lib/gcc/arm-atollic-eabi/6.3.1/../../../../arm-atollic-eabi/lib/armv7-m\libc.a(lib_a-mprec.o)
                0x08007e28                __i2b
 .text.__multiply
                0x08007e3a      0x118 d:/programm/atolik/truestudio for stm32 9.3.0/armtools/bin/../lib/gcc/arm-atollic-eabi/6.3.1/../../../../arm-atollic-eabi/lib/armv7-m\libc.a(lib_a-mprec.o)
                0x08007e3a                __multiply
 *fill*         0x08007f52        0x2 
 .text.__pow5mult
                0x08007f54       0x9c d:/programm/atolik/truestudio for stm32 9.3.0/armtools/bin/../lib/gcc/arm-atollic-eabi/6.3.1/../../../../arm-atollic-eabi/lib/armv7-m\libc.a(lib_a-mprec.o)
                0x08007f54                __pow5mult
 .text.__lshift
                0x08007ff0       0xa2 d:/programm/atolik/truestudio for stm32 9.3.0/armtools/bin/../lib/gcc/arm-atollic-eabi/6.3.1/../../../../arm-atollic-eabi/lib/armv7-m\libc.a(lib_a-mprec.o)
                0x08007ff0                __lshift
 .text.__mcmp   0x08008092       0x34 d:/programm/atolik/truestudio for stm32 9.3.0/armtools/bin/../lib/gcc/arm-atollic-eabi/6.3.1/../../../../arm-atollic-eabi/lib/armv7-m\libc.a(lib_a-mprec.o)
                0x08008092                __mcmp
 .text.__mdiff  0x080080c6       0xbe d:/programm/atolik/truestudio for stm32 9.3.0/armtools/bin/../lib/gcc/arm-atollic-eabi/6.3.1/../../../../arm-atollic-eabi/lib/armv7-m\libc.a(lib_a-mprec.o)
                0x080080c6                __mdiff
 .text.__d2b    0x08008184       0x9e d:/programm/atolik/truestudio for stm32 9.3.0/armtools/bin/../lib/gcc/arm-atollic-eabi/6.3.1/../../../../arm-atollic-eabi/lib/armv7-m\libc.a(lib_a-mprec.o)
                0x08008184                __d2b
 *fill*         0x08008222        0x2 
 .text._realloc_r
                0x08008224      0x304 d:/programm/atolik/truestudio for stm32 9.3.0/armtools/bin/../lib/gcc/arm-atollic-eabi/6.3.1/../../../../arm-atollic-eabi/lib/armv7-m\libc.a(lib_a-reallocr.o)
                0x08008224                _realloc_r
 .text._sbrk_r  0x08008528       0x20 d:/programm/atolik/truestudio for stm32 9.3.0/armtools/bin/../lib/gcc/arm-atollic-eabi/6.3.1/../../../../arm-atollic-eabi/lib/armv7-m\libc.a(lib_a-sbrkr.o)
                0x08008528                _sbrk_r
 .text.__sread  0x08008548       0x22 d:/programm/atolik/truestudio for stm32 9.3.0/armtools/bin/../lib/gcc/arm-atollic-eabi/6.3.1/../../../../arm-atollic-eabi/lib/armv7-m\libc.a(lib_a-stdio.o)
                0x08008548                __sread
 .text.__swrite
                0x0800856a       0x38 d:/programm/atolik/truestudio for stm32 9.3.0/armtools/bin/../lib/gcc/arm-atollic-eabi/6.3.1/../../../../arm-atollic-eabi/lib/armv7-m\libc.a(lib_a-stdio.o)
                0x0800856a                __swrite
 .text.__sseek  0x080085a2       0x24 d:/programm/atolik/truestudio for stm32 9.3.0/armtools/bin/../lib/gcc/arm-atollic-eabi/6.3.1/../../../../arm-atollic-eabi/lib/armv7-m\libc.a(lib_a-stdio.o)
                0x080085a2                __sseek
 .text.__sclose
                0x080085c6        0x8 d:/programm/atolik/truestudio for stm32 9.3.0/armtools/bin/../lib/gcc/arm-atollic-eabi/6.3.1/../../../../arm-atollic-eabi/lib/armv7-m\libc.a(lib_a-stdio.o)
                0x080085c6                __sclose
 .text.__sprint_r
                0x080085ce       0x6a d:/programm/atolik/truestudio for stm32 9.3.0/armtools/bin/../lib/gcc/arm-atollic-eabi/6.3.1/../../../../arm-atollic-eabi/lib/armv7-m\libc.a(lib_a-vfiprintf.o)
                0x080085ce                __sprint_r
 .text._write_r
                0x08008638       0x24 d:/programm/atolik/truestudio for stm32 9.3.0/armtools/bin/../lib/gcc/arm-atollic-eabi/6.3.1/../../../../arm-atollic-eabi/lib/armv7-m\libc.a(lib_a-writer.o)
                0x08008638                _write_r
 .text._calloc_r
                0x0800865c       0x5a d:/programm/atolik/truestudio for stm32 9.3.0/armtools/bin/../lib/gcc/arm-atollic-eabi/6.3.1/../../../../arm-atollic-eabi/lib/armv7-m\libc.a(lib_a-callocr.o)
                0x0800865c                _calloc_r
 *fill*         0x080086b6        0x2 
 .text._close_r
                0x080086b8       0x20 d:/programm/atolik/truestudio for stm32 9.3.0/armtools/bin/../lib/gcc/arm-atollic-eabi/6.3.1/../../../../arm-atollic-eabi/lib/armv7-m\libc.a(lib_a-closer.o)
                0x080086b8                _close_r
 .text._fclose_r
                0x080086d8       0xd8 d:/programm/atolik/truestudio for stm32 9.3.0/armtools/bin/../lib/gcc/arm-atollic-eabi/6.3.1/../../../../arm-atollic-eabi/lib/armv7-m\libc.a(lib_a-fclose.o)
                0x080086d8                _fclose_r
 .text.__fputwc
                0x080087b0       0x82 d:/programm/atolik/truestudio for stm32 9.3.0/armtools/bin/../lib/gcc/arm-atollic-eabi/6.3.1/../../../../arm-atollic-eabi/lib/armv7-m\libc.a(lib_a-fputwc.o)
                0x080087b0                __fputwc
 .text._fputwc_r
                0x08008832       0x52 d:/programm/atolik/truestudio for stm32 9.3.0/armtools/bin/../lib/gcc/arm-atollic-eabi/6.3.1/../../../../arm-atollic-eabi/lib/armv7-m\libc.a(lib_a-fputwc.o)
                0x08008832                _fputwc_r
 .text._fstat_r
                0x08008884       0x24 d:/programm/atolik/truestudio for stm32 9.3.0/armtools/bin/../lib/gcc/arm-atollic-eabi/6.3.1/../../../../arm-atollic-eabi/lib/armv7-m\libc.a(lib_a-fstatr.o)
                0x08008884                _fstat_r
 .text._isatty_r
                0x080088a8       0x20 d:/programm/atolik/truestudio for stm32 9.3.0/armtools/bin/../lib/gcc/arm-atollic-eabi/6.3.1/../../../../arm-atollic-eabi/lib/armv7-m\libc.a(lib_a-isattyr.o)
                0x080088a8                _isatty_r
 .text.__locale_mb_cur_max
                0x080088c8       0x1c d:/programm/atolik/truestudio for stm32 9.3.0/armtools/bin/../lib/gcc/arm-atollic-eabi/6.3.1/../../../../arm-atollic-eabi/lib/armv7-m\libc.a(lib_a-locale.o)
                0x080088c8                __locale_mb_cur_max
 .text._lseek_r
                0x080088e4       0x24 d:/programm/atolik/truestudio for stm32 9.3.0/armtools/bin/../lib/gcc/arm-atollic-eabi/6.3.1/../../../../arm-atollic-eabi/lib/armv7-m\libc.a(lib_a-lseekr.o)
                0x080088e4                _lseek_r
 .text.__ascii_mbtowc
                0x08008908       0x24 d:/programm/atolik/truestudio for stm32 9.3.0/armtools/bin/../lib/gcc/arm-atollic-eabi/6.3.1/../../../../arm-atollic-eabi/lib/armv7-m\libc.a(lib_a-mbtowc_r.o)
                0x08008908                __ascii_mbtowc
 .text._read_r  0x0800892c       0x24 d:/programm/atolik/truestudio for stm32 9.3.0/armtools/bin/../lib/gcc/arm-atollic-eabi/6.3.1/../../../../arm-atollic-eabi/lib/armv7-m\libc.a(lib_a-readr.o)
                0x0800892c                _read_r
 .text.__swbuf_r
                0x08008950       0xbc d:/programm/atolik/truestudio for stm32 9.3.0/armtools/bin/../lib/gcc/arm-atollic-eabi/6.3.1/../../../../arm-atollic-eabi/lib/armv7-m\libc.a(lib_a-wbuf.o)
                0x08008950                __swbuf_r
 .text._wcrtomb_r
                0x08008a0c       0x50 d:/programm/atolik/truestudio for stm32 9.3.0/armtools/bin/../lib/gcc/arm-atollic-eabi/6.3.1/../../../../arm-atollic-eabi/lib/armv7-m\libc.a(lib_a-wcrtomb.o)
                0x08008a0c                _wcrtomb_r
 .text.__ascii_wctomb
                0x08008a5c       0x1a d:/programm/atolik/truestudio for stm32 9.3.0/armtools/bin/../lib/gcc/arm-atollic-eabi/6.3.1/../../../../arm-atollic-eabi/lib/armv7-m\libc.a(lib_a-wctomb_r.o)
                0x08008a5c                __ascii_wctomb
 .text.abort    0x08008a76        0xe d:/programm/atolik/truestudio for stm32 9.3.0/armtools/bin/../lib/gcc/arm-atollic-eabi/6.3.1/../../../../arm-atollic-eabi/lib/armv7-m\libc.a(lib_a-abort.o)
                0x08008a76                abort
 .text._raise_r
                0x08008a84       0x50 d:/programm/atolik/truestudio for stm32 9.3.0/armtools/bin/../lib/gcc/arm-atollic-eabi/6.3.1/../../../../arm-atollic-eabi/lib/armv7-m\libc.a(lib_a-signal.o)
                0x08008a84                _raise_r
 .text.raise    0x08008ad4       0x10 d:/programm/atolik/truestudio for stm32 9.3.0/armtools/bin/../lib/gcc/arm-atollic-eabi/6.3.1/../../../../arm-atollic-eabi/lib/armv7-m\libc.a(lib_a-signal.o)
                0x08008ad4                raise
 .text._kill_r  0x08008ae4       0x24 d:/programm/atolik/truestudio for stm32 9.3.0/armtools/bin/../lib/gcc/arm-atollic-eabi/6.3.1/../../../../arm-atollic-eabi/lib/armv7-m\libc.a(lib_a-signalr.o)
                0x08008ae4                _kill_r
 .text._getpid_r
                0x08008b08        0x4 d:/programm/atolik/truestudio for stm32 9.3.0/armtools/bin/../lib/gcc/arm-atollic-eabi/6.3.1/../../../../arm-atollic-eabi/lib/armv7-m\libc.a(lib_a-signalr.o)
                0x08008b08                _getpid_r
 *(.glue_7)
 .glue_7        0x08008b0c        0x0 linker stubs
 *(.glue_7t)
 .glue_7t       0x08008b0c        0x0 linker stubs
 *(.eh_frame)
 .eh_frame      0x08008b0c        0x0 d:/programm/atolik/truestudio for stm32 9.3.0/armtools/bin/../lib/gcc/arm-atollic-eabi/6.3.1/armv7-m/crtbegin.o
 *(.init)
 .init          0x08008b0c        0x4 d:/programm/atolik/truestudio for stm32 9.3.0/armtools/bin/../lib/gcc/arm-atollic-eabi/6.3.1/armv7-m/crti.o
                0x08008b0c                _init
 .init          0x08008b10        0x8 d:/programm/atolik/truestudio for stm32 9.3.0/armtools/bin/../lib/gcc/arm-atollic-eabi/6.3.1/armv7-m/crtn.o
 *(.fini)
 .fini          0x08008b18        0x4 d:/programm/atolik/truestudio for stm32 9.3.0/armtools/bin/../lib/gcc/arm-atollic-eabi/6.3.1/armv7-m/crti.o
                0x08008b18                _fini
 .fini          0x08008b1c        0x8 d:/programm/atolik/truestudio for stm32 9.3.0/armtools/bin/../lib/gcc/arm-atollic-eabi/6.3.1/armv7-m/crtn.o
                0x08008b24                . = ALIGN (0x4)
                0x08008b24                _etext = .

.vfp11_veneer   0x08008b24        0x0
 .vfp11_veneer  0x08008b24        0x0 linker stubs

.v4_bx          0x08008b24        0x0
 .v4_bx         0x08008b24        0x0 linker stubs

.iplt           0x08008b24        0x0
 .iplt          0x08008b24        0x0 d:/programm/atolik/truestudio for stm32 9.3.0/armtools/bin/../lib/gcc/arm-atollic-eabi/6.3.1/armv7-m/crtbegin.o

.rodata         0x08008b28      0x378
                0x08008b28                . = ALIGN (0x4)
 *(.rodata)
 .rodata        0x08008b28       0x12 Drivers\STM32F1xx_HAL_Driver\Src\stm32f1xx_hal_rcc.o
 *fill*         0x08008b3a        0x2 
 .rodata        0x08008b3c       0x12 Drivers\STM32F1xx_HAL_Driver\Src\stm32f1xx_hal_rcc_ex.o
 *fill*         0x08008b4e        0x2 
 .rodata        0x08008b50       0x62 Src\main.o
 *(.rodata*)
 *fill*         0x08008bb2        0x2 
 .rodata.AHBPrescTable
                0x08008bb4       0x10 Src\system_stm32f1xx.o
                0x08008bb4                AHBPrescTable
 .rodata.APBPrescTable
                0x08008bc4        0x8 Src\system_stm32f1xx.o
                0x08008bc4                APBPrescTable
 .rodata._global_impure_ptr
                0x08008bcc        0x4 d:/programm/atolik/truestudio for stm32 9.3.0/armtools/bin/../lib/gcc/arm-atollic-eabi/6.3.1/../../../../arm-atollic-eabi/lib/armv7-m\libc.a(lib_a-impure.o)
                0x08008bcc                _global_impure_ptr
 .rodata._puts_r.str1.1
                0x08008bd0        0x2 d:/programm/atolik/truestudio for stm32 9.3.0/armtools/bin/../lib/gcc/arm-atollic-eabi/6.3.1/../../../../arm-atollic-eabi/lib/armv7-m\libc.a(lib_a-puts.o)
 .rodata._vfprintf_r.str1.1
                0x08008bd2       0x34 d:/programm/atolik/truestudio for stm32 9.3.0/armtools/bin/../lib/gcc/arm-atollic-eabi/6.3.1/../../../../arm-atollic-eabi/lib/armv7-m\libc.a(lib_a-vfprintf.o)
 .rodata.blanks.7251
                0x08008c06       0x10 d:/programm/atolik/truestudio for stm32 9.3.0/armtools/bin/../lib/gcc/arm-atollic-eabi/6.3.1/../../../../arm-atollic-eabi/lib/armv7-m\libc.a(lib_a-vfprintf.o)
 .rodata.zeroes.7252
                0x08008c16       0x10 d:/programm/atolik/truestudio for stm32 9.3.0/armtools/bin/../lib/gcc/arm-atollic-eabi/6.3.1/../../../../arm-atollic-eabi/lib/armv7-m\libc.a(lib_a-vfprintf.o)
 .rodata._dtoa_r.str1.1
                0x08008c26        0xd d:/programm/atolik/truestudio for stm32 9.3.0/armtools/bin/../lib/gcc/arm-atollic-eabi/6.3.1/../../../../arm-atollic-eabi/lib/armv7-m\libc.a(lib_a-dtoa.o)
                                  0xf (size before relaxing)
 *fill*         0x08008c33        0x1 
 .rodata.__sf_fake_stderr
                0x08008c34       0x20 d:/programm/atolik/truestudio for stm32 9.3.0/armtools/bin/../lib/gcc/arm-atollic-eabi/6.3.1/../../../../arm-atollic-eabi/lib/armv7-m\libc.a(lib_a-findfp.o)
                0x08008c34                __sf_fake_stderr
 .rodata.__sf_fake_stdin
                0x08008c54       0x20 d:/programm/atolik/truestudio for stm32 9.3.0/armtools/bin/../lib/gcc/arm-atollic-eabi/6.3.1/../../../../arm-atollic-eabi/lib/armv7-m\libc.a(lib_a-findfp.o)
                0x08008c54                __sf_fake_stdin
 .rodata.__sf_fake_stdout
                0x08008c74       0x20 d:/programm/atolik/truestudio for stm32 9.3.0/armtools/bin/../lib/gcc/arm-atollic-eabi/6.3.1/../../../../arm-atollic-eabi/lib/armv7-m\libc.a(lib_a-findfp.o)
                0x08008c74                __sf_fake_stdout
 *fill*         0x08008c94        0x4 
 .rodata.__mprec_bigtens
                0x08008c98       0x28 d:/programm/atolik/truestudio for stm32 9.3.0/armtools/bin/../lib/gcc/arm-atollic-eabi/6.3.1/../../../../arm-atollic-eabi/lib/armv7-m\libc.a(lib_a-mprec.o)
                0x08008c98                __mprec_bigtens
 .rodata.__mprec_tens
                0x08008cc0       0xc8 d:/programm/atolik/truestudio for stm32 9.3.0/armtools/bin/../lib/gcc/arm-atollic-eabi/6.3.1/../../../../arm-atollic-eabi/lib/armv7-m\libc.a(lib_a-mprec.o)
                0x08008cc0                __mprec_tens
 .rodata.p05.6073
                0x08008d88        0xc d:/programm/atolik/truestudio for stm32 9.3.0/armtools/bin/../lib/gcc/arm-atollic-eabi/6.3.1/../../../../arm-atollic-eabi/lib/armv7-m\libc.a(lib_a-mprec.o)
 .rodata._setlocale_r.str1.1
                0x08008d94        0x8 d:/programm/atolik/truestudio for stm32 9.3.0/armtools/bin/../lib/gcc/arm-atollic-eabi/6.3.1/../../../../arm-atollic-eabi/lib/armv7-m\libc.a(lib_a-locale.o)
                                  0x9 (size before relaxing)
 .rodata.str1.1
                0x08008d9c        0x2 d:/programm/atolik/truestudio for stm32 9.3.0/armtools/bin/../lib/gcc/arm-atollic-eabi/6.3.1/../../../../arm-atollic-eabi/lib/armv7-m\libc.a(lib_a-locale.o)
 .rodata._ctype_
                0x08008d9e      0x101 d:/programm/atolik/truestudio for stm32 9.3.0/armtools/bin/../lib/gcc/arm-atollic-eabi/6.3.1/../../../../arm-atollic-eabi/lib/armv7-m\libc.a(lib_a-ctype_.o)
                0x08008d9e                _ctype_
                0x08008ea0                . = ALIGN (0x4)
 *fill*         0x08008e9f        0x1 

.ARM.extab      0x08008ea0       0xcc
 *(.ARM.extab* .gnu.linkonce.armextab.*)
 .ARM.extab.text._ZN6stm1034ARM34HIGHEP12GPIO_TypeDeft
                0x08008ea0        0x0 Src\main.o
 .ARM.extab.text._ZN6stm1034ARM33LOWEP12GPIO_TypeDeft
                0x08008ea0        0x0 Src\main.o
 .ARM.extab.text._ZN6stm1034ARM33OUTEP12GPIO_TypeDeft
                0x08008ea0        0x0 Src\main.o
 .ARM.extab.text._ZN6stm1035Tools11fail_signalEP12GPIO_TypeDeft
                0x08008ea0        0xc Src\main.o
 .ARM.extab.text._ZN6stm1035Tools8clockingEh
                0x08008eac        0x0 Src\main.o
 .ARM.extab.text._ZN6stm1035Tools9GPIO_InitEv
                0x08008eac        0x0 Src\main.o
 .ARM.extab.text._ZN6stm1034_I2C4InitEP17I2C_HandleTypeDef7PIN_I2C
                0x08008eac        0xc Src\main.o
 .ARM.extab.text._ZN6stm1034_I2C11I2C_MspInitEP17I2C_HandleTypeDef7PIN_I2C
                0x08008eb8        0xc Src\main.o
 .ARM.extab.text._ZN6stm1034_I2C26I2C_WaitOnFlagUntilTimeoutEP17I2C_HandleTypeDefm10FlagStatusmm
                0x08008ec4        0xc Src\main.o
 .ARM.extab.text._ZN6stm1034_I2C11I2C_IDReadyE7PIN_I2CPh
                0x08008ed0        0xc Src\main.o
 .ARM.extab.text._ZN6stm1034_I2C17I2C_IsDeviceReadyEP17I2C_HandleTypeDeftmm
                0x08008edc        0xc Src\main.o
 .ARM.extab.text._ZN6stm1038_LCD16026lcd_ONEP17I2C_HandleTypeDefPchh
                0x08008ee8        0xc Src\main.o
 .ARM.extab.text._ZN6stm1038_LCD16028sendDataEPNS0_7LCD1602EPh
                0x08008ef4        0xc Src\main.o
 .ARM.extab.text._ZN6stm1038_LCD16027initLCDEPNS0_7LCD1602E
                0x08008f00        0xc Src\main.o
 .ARM.extab.text._ZN6stm1038_LCD16028writeLCDEPNS0_7LCD1602Eh
                0x08008f0c        0xc Src\main.o
 .ARM.extab.text._ZN6stm1038_LCD16029lsd_printEPNS0_7LCD1602EPc
                0x08008f18        0xc Src\main.o
 .ARM.extab.text._ZN6stm1038_LCD16026moveXYEPNS0_7LCD1602Ehh
                0x08008f24        0xc Src\main.o
 .ARM.extab.text.main
                0x08008f30        0xc Src\main.o
 .ARM.extab.text._Z18SystemClock_Configv
                0x08008f3c        0xc Src\main.o
 .ARM.extab.text._ZL12MX_ADC1_Initv
                0x08008f48        0xc Src\main.o
 .ARM.extab     0x08008f54       0x18 d:/programm/atolik/truestudio for stm32 9.3.0/armtools/bin/../lib/gcc/arm-atollic-eabi/6.3.1/armv7-m\libgcc.a(pr-support.o)

.ARM            0x08008f6c      0x140
                0x08008f6c                __exidx_start = .
 *(.ARM.exidx*)
 .ARM.exidx.text._ZN6DS1307C2Ev
                0x08009024        0x0 LIBerry_V0\DS1307\DS1307.o
                                  0x8 (size before relaxing)
 .ARM.exidx.text._Z41__static_initialization_and_destruction_0ii
                0x08009024        0x0 LIBerry_V0\DS1307\DS1307.o
                                  0x8 (size before relaxing)
 .ARM.exidx.text._GLOBAL__sub_I__ZN6DS1307C2Ev
                0x08009024        0x0 LIBerry_V0\DS1307\DS1307.o
                                  0x8 (size before relaxing)
 .ARM.exidx.text._ZN6stm1034ARM34HIGHEP12GPIO_TypeDeft
                0x08009024        0x0 Src\main.o
                                  0x8 (size before relaxing)
 .ARM.exidx.text._ZN6stm1034ARM33LOWEP12GPIO_TypeDeft
                0x08009024        0x0 Src\main.o
                                  0x8 (size before relaxing)
 .ARM.exidx.text._ZN6stm1034ARM33OUTEP12GPIO_TypeDeft
                0x08009024        0x0 Src\main.o
                                  0x8 (size before relaxing)
 .ARM.exidx.text._ZN6stm1035Tools11fail_signalEP12GPIO_TypeDeft
                0x08009024        0x8 Src\main.o
 .ARM.exidx.text._ZN6stm1035Tools8clockingEh
                0x0800902c        0x8 Src\main.o
 .ARM.exidx.text._ZN6stm1035Tools9GPIO_InitEv
                0x08009034        0x0 Src\main.o
                                  0x8 (size before relaxing)
 .ARM.exidx.text._ZN6stm1034_I2C4InitEP17I2C_HandleTypeDef7PIN_I2C
                0x08009034        0x8 Src\main.o
 .ARM.exidx.text._ZN6stm1034_I2C11I2C_MspInitEP17I2C_HandleTypeDef7PIN_I2C
                0x0800903c        0x8 Src\main.o
 .ARM.exidx.text._ZN6stm1034_I2C26I2C_WaitOnFlagUntilTimeoutEP17I2C_HandleTypeDefm10FlagStatusmm
                0x08009044        0x8 Src\main.o
 .ARM.exidx.text._ZN6stm1034_I2C11I2C_IDReadyE7PIN_I2CPh
                0x0800904c        0x8 Src\main.o
 .ARM.exidx.text._ZN6stm1034_I2C17I2C_IsDeviceReadyEP17I2C_HandleTypeDeftmm
                0x08009054        0x8 Src\main.o
 .ARM.exidx.text._ZN6stm1038_LCD16026lcd_ONEP17I2C_HandleTypeDefPchh
                0x0800905c        0x8 Src\main.o
 .ARM.exidx.text._ZN6stm1038_LCD16028sendDataEPNS0_7LCD1602EPh
                0x08009064        0x8 Src\main.o
 .ARM.exidx.text._ZN6stm1038_LCD16027initLCDEPNS0_7LCD1602E
                0x0800906c        0x8 Src\main.o
 .ARM.exidx.text._ZN6stm1038_LCD16028writeLCDEPNS0_7LCD1602Eh
                0x08009074        0x8 Src\main.o
 .ARM.exidx.text._ZN6stm1038_LCD16029lsd_printEPNS0_7LCD1602EPc
                0x0800907c        0x8 Src\main.o
 .ARM.exidx.text._ZN6stm1038_LCD16026moveXYEPNS0_7LCD1602Ehh
                0x08009084        0x8 Src\main.o
 .ARM.exidx.text.main
                0x0800908c        0x8 Src\main.o
 .ARM.exidx.text._Z18SystemClock_Configv
                0x08009094        0x8 Src\main.o
 .ARM.exidx.text._ZL12MX_ADC1_Initv
                0x0800909c        0x8 Src\main.o
 .ARM.exidx.text.Error_Handler
                0x080090a4        0x8 Src\main.o
 .ARM.exidx     0x08008f6c        0x8 d:/programm/atolik/truestudio for stm32 9.3.0/armtools/bin/../lib/gcc/arm-atollic-eabi/6.3.1/armv7-m\libgcc.a(_udivmoddi4.o)
 .ARM.exidx     0x08008f74       0x78 d:/programm/atolik/truestudio for stm32 9.3.0/armtools/bin/../lib/gcc/arm-atollic-eabi/6.3.1/armv7-m\libgcc.a(unwind-arm.o)
                                 0xd8 (size before relaxing)
 .ARM.exidx     0x08008fec       0x38 d:/programm/atolik/truestudio for stm32 9.3.0/armtools/bin/../lib/gcc/arm-atollic-eabi/6.3.1/armv7-m\libgcc.a(pr-support.o)
                                 0x48 (size before relaxing)
                0x080090ac                __exidx_end = .

.rel.dyn        0x080090ac        0x0
 .rel.iplt      0x080090ac        0x0 d:/programm/atolik/truestudio for stm32 9.3.0/armtools/bin/../lib/gcc/arm-atollic-eabi/6.3.1/armv7-m/crtbegin.o

.preinit_array  0x080090ac        0x0
                0x080090ac                PROVIDE (__preinit_array_start, .)
 *(.preinit_array*)
                0x080090ac                PROVIDE (__preinit_array_end, .)

.init_array     0x080090ac        0x8
                0x080090ac                PROVIDE (__init_array_start, .)
 *(SORT(.init_array.*))
 *(.init_array*)
 .init_array    0x080090ac        0x4 d:/programm/atolik/truestudio for stm32 9.3.0/armtools/bin/../lib/gcc/arm-atollic-eabi/6.3.1/armv7-m/crtbegin.o
 .init_array    0x080090b0        0x4 LIBerry_V0\DS1307\DS1307.o
                0x080090b4                PROVIDE (__init_array_end, .)

.fini_array     0x080090b4        0x4
                [!provide]                PROVIDE (__fini_array_start, .)
 *(SORT(.fini_array.*))
 *(.fini_array*)
 .fini_array    0x080090b4        0x4 d:/programm/atolik/truestudio for stm32 9.3.0/armtools/bin/../lib/gcc/arm-atollic-eabi/6.3.1/armv7-m/crtbegin.o
                [!provide]                PROVIDE (__fini_array_end, .)
                0x080090b8                _sidata = LOADADDR (.data)

.data           0x20000000      0x6fc load address 0x080090b8
                0x20000000                . = ALIGN (0x4)
                0x20000000                _sdata = .
 *(.data)
 .data          0x20000000       0x80 Src\main.o
                0x20000000                str2
                0x2000000c                str0
                0x20000018                pin_I2C
 *(.data*)
 .data.uwTickPrio
                0x20000080        0x4 Drivers\STM32F1xx_HAL_Driver\Src\stm32f1xx_hal.o
                0x20000080                uwTickPrio
 .data.uwTickFreq
                0x20000084        0x1 Drivers\STM32F1xx_HAL_Driver\Src\stm32f1xx_hal.o
                0x20000084                uwTickFreq
 *fill*         0x20000085        0x3 
 .data.SystemCoreClock
                0x20000088        0x4 Src\system_stm32f1xx.o
                0x20000088                SystemCoreClock
 .data._impure_ptr
                0x2000008c        0x4 d:/programm/atolik/truestudio for stm32 9.3.0/armtools/bin/../lib/gcc/arm-atollic-eabi/6.3.1/../../../../arm-atollic-eabi/lib/armv7-m\libc.a(lib_a-impure.o)
                0x2000008c                _impure_ptr
 .data.impure_data
                0x20000090       0xf0 d:/programm/atolik/truestudio for stm32 9.3.0/armtools/bin/../lib/gcc/arm-atollic-eabi/6.3.1/../../../../arm-atollic-eabi/lib/armv7-m\libc.a(lib_a-impure.o)
 .data.__malloc_av_
                0x20000180      0x408 d:/programm/atolik/truestudio for stm32 9.3.0/armtools/bin/../lib/gcc/arm-atollic-eabi/6.3.1/../../../../arm-atollic-eabi/lib/armv7-m\libc.a(lib_a-mallocr.o)
                0x20000180                __malloc_av_
 .data.__malloc_sbrk_base
                0x20000588        0x4 d:/programm/atolik/truestudio for stm32 9.3.0/armtools/bin/../lib/gcc/arm-atollic-eabi/6.3.1/../../../../arm-atollic-eabi/lib/armv7-m\libc.a(lib_a-mallocr.o)
                0x20000588                __malloc_sbrk_base
 .data.__malloc_trim_threshold
                0x2000058c        0x4 d:/programm/atolik/truestudio for stm32 9.3.0/armtools/bin/../lib/gcc/arm-atollic-eabi/6.3.1/../../../../arm-atollic-eabi/lib/armv7-m\libc.a(lib_a-mallocr.o)
                0x2000058c                __malloc_trim_threshold
 .data.__global_locale
                0x20000590      0x16c d:/programm/atolik/truestudio for stm32 9.3.0/armtools/bin/../lib/gcc/arm-atollic-eabi/6.3.1/../../../../arm-atollic-eabi/lib/armv7-m\libc.a(lib_a-locale.o)
                0x20000590                __global_locale
                0x200006fc                . = ALIGN (0x4)
                0x200006fc                _edata = .

.igot.plt       0x200006fc        0x0 load address 0x080097b4
 .igot.plt      0x200006fc        0x0 d:/programm/atolik/truestudio for stm32 9.3.0/armtools/bin/../lib/gcc/arm-atollic-eabi/6.3.1/armv7-m/crtbegin.o
                0x200006fc                . = ALIGN (0x4)

.bss            0x200006fc      0x160 load address 0x080097b4
                0x200006fc                _sbss = .
                0x200006fc                __bss_start__ = _sbss
 *(.bss)
 .bss           0x200006fc       0x1c d:/programm/atolik/truestudio for stm32 9.3.0/armtools/bin/../lib/gcc/arm-atollic-eabi/6.3.1/armv7-m/crtbegin.o
 .bss           0x20000718       0x1c LIBerry_V0\DS1307\DS1307.o
                0x20000718                RTC
 .bss           0x20000734       0xdc Src\main.o
                0x20000734                dT
                0x20000738                huart2
                0x20000778                hadc1
                0x200007a8                tools
                0x200007ac                arm
                0x200007b0                i2c
                0x200007b4                uart2
                0x200007b8                lsd
 *(.bss*)
 .bss.heap_end.7538
                0x20000810        0x4 Src\syscalls.o
 .bss.__malloc_current_mallinfo
                0x20000814       0x28 d:/programm/atolik/truestudio for stm32 9.3.0/armtools/bin/../lib/gcc/arm-atollic-eabi/6.3.1/../../../../arm-atollic-eabi/lib/armv7-m\libc.a(lib_a-mallocr.o)
                0x20000814                __malloc_current_mallinfo
 .bss.__malloc_max_sbrked_mem
                0x2000083c        0x4 d:/programm/atolik/truestudio for stm32 9.3.0/armtools/bin/../lib/gcc/arm-atollic-eabi/6.3.1/../../../../arm-atollic-eabi/lib/armv7-m\libc.a(lib_a-mallocr.o)
                0x2000083c                __malloc_max_sbrked_mem
 .bss.__malloc_max_total_mem
                0x20000840        0x4 d:/programm/atolik/truestudio for stm32 9.3.0/armtools/bin/../lib/gcc/arm-atollic-eabi/6.3.1/../../../../arm-atollic-eabi/lib/armv7-m\libc.a(lib_a-mallocr.o)
                0x20000840                __malloc_max_total_mem
 .bss.__malloc_top_pad
                0x20000844        0x4 d:/programm/atolik/truestudio for stm32 9.3.0/armtools/bin/../lib/gcc/arm-atollic-eabi/6.3.1/../../../../arm-atollic-eabi/lib/armv7-m\libc.a(lib_a-mallocr.o)
                0x20000844                __malloc_top_pad
 *(COMMON)
 COMMON         0x20000848        0x4 Drivers\STM32F1xx_HAL_Driver\Src\stm32f1xx_hal.o
                0x20000848                uwTick
 COMMON         0x2000084c        0x9 d:/programm/atolik/truestudio for stm32 9.3.0/armtools/bin/../lib/gcc/arm-atollic-eabi/6.3.1/../../../../arm-atollic-eabi/lib/armv7-m\libc.a(lib_a-lock.o)
                0x2000084c                __lock___atexit_recursive_mutex
                0x2000084d                __lock___arc4random_mutex
                0x2000084e                __lock___env_recursive_mutex
                0x2000084f                __lock___sinit_recursive_mutex
                0x20000850                __lock___malloc_recursive_mutex
                0x20000851                __lock___at_quick_exit_mutex
                0x20000852                __lock___dd_hash_mutex
                0x20000853                __lock___tz_mutex
                0x20000854                __lock___sfp_recursive_mutex
 *fill*         0x20000855        0x3 
 COMMON         0x20000858        0x4 d:/programm/atolik/truestudio for stm32 9.3.0/armtools/bin/../lib/gcc/arm-atollic-eabi/6.3.1/../../../../arm-atollic-eabi/lib/armv7-m\libc.a(lib_a-reent.o)
                0x20000858                errno
                0x2000085c                . = ALIGN (0x4)
                0x2000085c                _ebss = .
                0x2000085c                __bss_end__ = _ebss

._user_heap_stack
                0x2000085c      0x200 load address 0x080097b4
                0x2000085c                . = ALIGN (0x4)
                0x2000085c                PROVIDE (end, .)
                [!provide]                PROVIDE (_end, .)
                0x2000085c                . = (. + _Min_Heap_Size)
                0x20000a5c                . = (. + _Min_Stack_Size)
 *fill*         0x2000085c      0x200 
                0x20000a5c                . = ALIGN (0x4)

.memory_b1_text
 *(.mb1text)
 *(.mb1text*)
 *(.mb1rodata)
 *(.mb1rodata*)

/DISCARD/
 libc.a(*)
 libm.a(*)
 libgcc.a(*)

.ARM.attributes
                0x00000000       0x29
 *(.ARM.attributes)
 .ARM.attributes
                0x00000000       0x1d d:/programm/atolik/truestudio for stm32 9.3.0/armtools/bin/../lib/gcc/arm-atollic-eabi/6.3.1/armv7-m/crti.o
 .ARM.attributes
                0x0000001d       0x2d d:/programm/atolik/truestudio for stm32 9.3.0/armtools/bin/../lib/gcc/arm-atollic-eabi/6.3.1/armv7-m/crtbegin.o
 .ARM.attributes
                0x0000004a       0x33 Drivers\STM32F1xx_HAL_Driver\Src\stm32f1xx_hal.o
 .ARM.attributes
                0x0000007d       0x33 Drivers\STM32F1xx_HAL_Driver\Src\stm32f1xx_hal_adc.o
 .ARM.attributes
                0x000000b0       0x33 Drivers\STM32F1xx_HAL_Driver\Src\stm32f1xx_hal_cortex.o
 .ARM.attributes
                0x000000e3       0x33 Drivers\STM32F1xx_HAL_Driver\Src\stm32f1xx_hal_gpio.o
 .ARM.attributes
                0x00000116       0x33 Drivers\STM32F1xx_HAL_Driver\Src\stm32f1xx_hal_rcc.o
 .ARM.attributes
                0x00000149       0x33 Drivers\STM32F1xx_HAL_Driver\Src\stm32f1xx_hal_rcc_ex.o
 .ARM.attributes
                0x0000017c       0x33 LIBerry_V0\DS1307\DS1307.o
 .ARM.attributes
                0x000001af       0x33 LIBerry_V0\Tools\C\i2c.o
 .ARM.attributes
                0x000001e2       0x33 Src\main.o
 .ARM.attributes
                0x00000215       0x33 Src\stm32f1xx_hal_msp.o
 .ARM.attributes
                0x00000248       0x33 Src\stm32f1xx_it.o
 .ARM.attributes
                0x0000027b       0x33 Src\syscalls.o
 .ARM.attributes
                0x000002ae       0x33 Src\system_stm32f1xx.o
 .ARM.attributes
                0x000002e1       0x21 startup\startup_stm32f103xe.o
 .ARM.attributes
                0x00000302       0x2d d:/programm/atolik/truestudio for stm32 9.3.0/armtools/bin/../lib/gcc/arm-atollic-eabi/6.3.1/../../../../arm-atollic-eabi/lib/armv7-m\libc.a(lib_a-errno.o)
 .ARM.attributes
                0x0000032f       0x2d d:/programm/atolik/truestudio for stm32 9.3.0/armtools/bin/../lib/gcc/arm-atollic-eabi/6.3.1/../../../../arm-atollic-eabi/lib/armv7-m\libc.a(lib_a-impure.o)
 .ARM.attributes
                0x0000035c       0x2d d:/programm/atolik/truestudio for stm32 9.3.0/armtools/bin/../lib/gcc/arm-atollic-eabi/6.3.1/../../../../arm-atollic-eabi/lib/armv7-m\libc.a(lib_a-init.o)
 .ARM.attributes
                0x00000389       0x2d d:/programm/atolik/truestudio for stm32 9.3.0/armtools/bin/../lib/gcc/arm-atollic-eabi/6.3.1/../../../../arm-atollic-eabi/lib/armv7-m\libc.a(lib_a-memcpy-stub.o)
 .ARM.attributes
                0x000003b6       0x2d d:/programm/atolik/truestudio for stm32 9.3.0/armtools/bin/../lib/gcc/arm-atollic-eabi/6.3.1/../../../../arm-atollic-eabi/lib/armv7-m\libc.a(lib_a-memset.o)
 .ARM.attributes
                0x000003e3       0x2d d:/programm/atolik/truestudio for stm32 9.3.0/armtools/bin/../lib/gcc/arm-atollic-eabi/6.3.1/../../../../arm-atollic-eabi/lib/armv7-m\libc.a(lib_a-printf.o)
 .ARM.attributes
                0x00000410       0x2d d:/programm/atolik/truestudio for stm32 9.3.0/armtools/bin/../lib/gcc/arm-atollic-eabi/6.3.1/../../../../arm-atollic-eabi/lib/armv7-m\libc.a(lib_a-puts.o)
 .ARM.attributes
                0x0000043d       0x17 d:/programm/atolik/truestudio for stm32 9.3.0/armtools/bin/../lib/gcc/arm-atollic-eabi/6.3.1/../../../../arm-atollic-eabi/lib/armv7-m\libc.a(lib_a-strlen.o)
 .ARM.attributes
                0x00000454       0x2d d:/programm/atolik/truestudio for stm32 9.3.0/armtools/bin/../lib/gcc/arm-atollic-eabi/6.3.1/../../../../arm-atollic-eabi/lib/armv7-m\libc.a(lib_a-vfprintf.o)
 .ARM.attributes
                0x00000481       0x2d d:/programm/atolik/truestudio for stm32 9.3.0/armtools/bin/../lib/gcc/arm-atollic-eabi/6.3.1/../../../../arm-atollic-eabi/lib/armv7-m\libc.a(lib_a-wsetup.o)
 .ARM.attributes
                0x000004ae       0x2d d:/programm/atolik/truestudio for stm32 9.3.0/armtools/bin/../lib/gcc/arm-atollic-eabi/6.3.1/../../../../arm-atollic-eabi/lib/armv7-m\libc.a(lib_a-dtoa.o)
 .ARM.attributes
                0x000004db       0x2d d:/programm/atolik/truestudio for stm32 9.3.0/armtools/bin/../lib/gcc/arm-atollic-eabi/6.3.1/../../../../arm-atollic-eabi/lib/armv7-m\libc.a(lib_a-fflush.o)
 .ARM.attributes
                0x00000508       0x2d d:/programm/atolik/truestudio for stm32 9.3.0/armtools/bin/../lib/gcc/arm-atollic-eabi/6.3.1/../../../../arm-atollic-eabi/lib/armv7-m\libc.a(lib_a-findfp.o)
 .ARM.attributes
                0x00000535       0x2d d:/programm/atolik/truestudio for stm32 9.3.0/armtools/bin/../lib/gcc/arm-atollic-eabi/6.3.1/../../../../arm-atollic-eabi/lib/armv7-m\libc.a(lib_a-freer.o)
 .ARM.attributes
                0x00000562       0x2d d:/programm/atolik/truestudio for stm32 9.3.0/armtools/bin/../lib/gcc/arm-atollic-eabi/6.3.1/../../../../arm-atollic-eabi/lib/armv7-m\libc.a(lib_a-fvwrite.o)
 .ARM.attributes
                0x0000058f       0x2d d:/programm/atolik/truestudio for stm32 9.3.0/armtools/bin/../lib/gcc/arm-atollic-eabi/6.3.1/../../../../arm-atollic-eabi/lib/armv7-m\libc.a(lib_a-fwalk.o)
 .ARM.attributes
                0x000005bc       0x2d d:/programm/atolik/truestudio for stm32 9.3.0/armtools/bin/../lib/gcc/arm-atollic-eabi/6.3.1/../../../../arm-atollic-eabi/lib/armv7-m\libc.a(lib_a-localeconv.o)
 .ARM.attributes
                0x000005e9       0x2d d:/programm/atolik/truestudio for stm32 9.3.0/armtools/bin/../lib/gcc/arm-atollic-eabi/6.3.1/../../../../arm-atollic-eabi/lib/armv7-m\libc.a(lib_a-lock.o)
 .ARM.attributes
                0x00000616       0x2d d:/programm/atolik/truestudio for stm32 9.3.0/armtools/bin/../lib/gcc/arm-atollic-eabi/6.3.1/../../../../arm-atollic-eabi/lib/armv7-m\libc.a(lib_a-makebuf.o)
 .ARM.attributes
                0x00000643       0x2d d:/programm/atolik/truestudio for stm32 9.3.0/armtools/bin/../lib/gcc/arm-atollic-eabi/6.3.1/../../../../arm-atollic-eabi/lib/armv7-m\libc.a(lib_a-malloc.o)
 .ARM.attributes
                0x00000670       0x2d d:/programm/atolik/truestudio for stm32 9.3.0/armtools/bin/../lib/gcc/arm-atollic-eabi/6.3.1/../../../../arm-atollic-eabi/lib/armv7-m\libc.a(lib_a-mallocr.o)
 .ARM.attributes
                0x0000069d       0x2d d:/programm/atolik/truestudio for stm32 9.3.0/armtools/bin/../lib/gcc/arm-atollic-eabi/6.3.1/../../../../arm-atollic-eabi/lib/armv7-m\libc.a(lib_a-memchr-stub.o)
 .ARM.attributes
                0x000006ca       0x2d d:/programm/atolik/truestudio for stm32 9.3.0/armtools/bin/../lib/gcc/arm-atollic-eabi/6.3.1/../../../../arm-atollic-eabi/lib/armv7-m\libc.a(lib_a-memmove.o)
 .ARM.attributes
                0x000006f7       0x2d d:/programm/atolik/truestudio for stm32 9.3.0/armtools/bin/../lib/gcc/arm-atollic-eabi/6.3.1/../../../../arm-atollic-eabi/lib/armv7-m\libc.a(lib_a-mlock.o)
 .ARM.attributes
                0x00000724       0x2d d:/programm/atolik/truestudio for stm32 9.3.0/armtools/bin/../lib/gcc/arm-atollic-eabi/6.3.1/../../../../arm-atollic-eabi/lib/armv7-m\libc.a(lib_a-mprec.o)
 .ARM.attributes
                0x00000751       0x2d d:/programm/atolik/truestudio for stm32 9.3.0/armtools/bin/../lib/gcc/arm-atollic-eabi/6.3.1/../../../../arm-atollic-eabi/lib/armv7-m\libc.a(lib_a-reallocr.o)
 .ARM.attributes
                0x0000077e       0x2d d:/programm/atolik/truestudio for stm32 9.3.0/armtools/bin/../lib/gcc/arm-atollic-eabi/6.3.1/../../../../arm-atollic-eabi/lib/armv7-m\libc.a(lib_a-sbrkr.o)
 .ARM.attributes
                0x000007ab       0x2d d:/programm/atolik/truestudio for stm32 9.3.0/armtools/bin/../lib/gcc/arm-atollic-eabi/6.3.1/../../../../arm-atollic-eabi/lib/armv7-m\libc.a(lib_a-stdio.o)
 .ARM.attributes
                0x000007d8       0x2d d:/programm/atolik/truestudio for stm32 9.3.0/armtools/bin/../lib/gcc/arm-atollic-eabi/6.3.1/../../../../arm-atollic-eabi/lib/armv7-m\libc.a(lib_a-vfiprintf.o)
 .ARM.attributes
                0x00000805       0x2d d:/programm/atolik/truestudio for stm32 9.3.0/armtools/bin/../lib/gcc/arm-atollic-eabi/6.3.1/../../../../arm-atollic-eabi/lib/armv7-m\libc.a(lib_a-writer.o)
 .ARM.attributes
                0x00000832       0x2d d:/programm/atolik/truestudio for stm32 9.3.0/armtools/bin/../lib/gcc/arm-atollic-eabi/6.3.1/../../../../arm-atollic-eabi/lib/armv7-m\libc.a(lib_a-callocr.o)
 .ARM.attributes
                0x0000085f       0x2d d:/programm/atolik/truestudio for stm32 9.3.0/armtools/bin/../lib/gcc/arm-atollic-eabi/6.3.1/../../../../arm-atollic-eabi/lib/armv7-m\libc.a(lib_a-closer.o)
 .ARM.attributes
                0x0000088c       0x2d d:/programm/atolik/truestudio for stm32 9.3.0/armtools/bin/../lib/gcc/arm-atollic-eabi/6.3.1/../../../../arm-atollic-eabi/lib/armv7-m\libc.a(lib_a-fclose.o)
 .ARM.attributes
                0x000008b9       0x2d d:/programm/atolik/truestudio for stm32 9.3.0/armtools/bin/../lib/gcc/arm-atollic-eabi/6.3.1/../../../../arm-atollic-eabi/lib/armv7-m\libc.a(lib_a-fputwc.o)
 .ARM.attributes
                0x000008e6       0x2d d:/programm/atolik/truestudio for stm32 9.3.0/armtools/bin/../lib/gcc/arm-atollic-eabi/6.3.1/../../../../arm-atollic-eabi/lib/armv7-m\libc.a(lib_a-fstatr.o)
 .ARM.attributes
                0x00000913       0x2d d:/programm/atolik/truestudio for stm32 9.3.0/armtools/bin/../lib/gcc/arm-atollic-eabi/6.3.1/../../../../arm-atollic-eabi/lib/armv7-m\libc.a(lib_a-isattyr.o)
 .ARM.attributes
                0x00000940       0x2d d:/programm/atolik/truestudio for stm32 9.3.0/armtools/bin/../lib/gcc/arm-atollic-eabi/6.3.1/../../../../arm-atollic-eabi/lib/armv7-m\libc.a(lib_a-locale.o)
 .ARM.attributes
                0x0000096d       0x2d d:/programm/atolik/truestudio for stm32 9.3.0/armtools/bin/../lib/gcc/arm-atollic-eabi/6.3.1/../../../../arm-atollic-eabi/lib/armv7-m\libc.a(lib_a-lseekr.o)
 .ARM.attributes
                0x0000099a       0x2d d:/programm/atolik/truestudio for stm32 9.3.0/armtools/bin/../lib/gcc/arm-atollic-eabi/6.3.1/../../../../arm-atollic-eabi/lib/armv7-m\libc.a(lib_a-mbtowc_r.o)
 .ARM.attributes
                0x000009c7       0x2d d:/programm/atolik/truestudio for stm32 9.3.0/armtools/bin/../lib/gcc/arm-atollic-eabi/6.3.1/../../../../arm-atollic-eabi/lib/armv7-m\libc.a(lib_a-readr.o)
 .ARM.attributes
                0x000009f4       0x2d d:/programm/atolik/truestudio for stm32 9.3.0/armtools/bin/../lib/gcc/arm-atollic-eabi/6.3.1/../../../../arm-atollic-eabi/lib/armv7-m\libc.a(lib_a-reent.o)
 .ARM.attributes
                0x00000a21       0x2d d:/programm/atolik/truestudio for stm32 9.3.0/armtools/bin/../lib/gcc/arm-atollic-eabi/6.3.1/../../../../arm-atollic-eabi/lib/armv7-m\libc.a(lib_a-wbuf.o)
 .ARM.attributes
                0x00000a4e       0x2d d:/programm/atolik/truestudio for stm32 9.3.0/armtools/bin/../lib/gcc/arm-atollic-eabi/6.3.1/../../../../arm-atollic-eabi/lib/armv7-m\libc.a(lib_a-wcrtomb.o)
 .ARM.attributes
                0x00000a7b       0x2d d:/programm/atolik/truestudio for stm32 9.3.0/armtools/bin/../lib/gcc/arm-atollic-eabi/6.3.1/../../../../arm-atollic-eabi/lib/armv7-m\libc.a(lib_a-wctomb_r.o)
 .ARM.attributes
                0x00000aa8       0x2d d:/programm/atolik/truestudio for stm32 9.3.0/armtools/bin/../lib/gcc/arm-atollic-eabi/6.3.1/../../../../arm-atollic-eabi/lib/armv7-m\libc.a(lib_a-ctype_.o)
 .ARM.attributes
                0x00000ad5       0x1d d:/programm/atolik/truestudio for stm32 9.3.0/armtools/bin/../lib/gcc/arm-atollic-eabi/6.3.1/armv7-m\libgcc.a(_arm_addsubdf3.o)
 .ARM.attributes
                0x00000af2       0x1d d:/programm/atolik/truestudio for stm32 9.3.0/armtools/bin/../lib/gcc/arm-atollic-eabi/6.3.1/armv7-m\libgcc.a(_arm_muldivdf3.o)
 .ARM.attributes
                0x00000b0f       0x1d d:/programm/atolik/truestudio for stm32 9.3.0/armtools/bin/../lib/gcc/arm-atollic-eabi/6.3.1/armv7-m\libgcc.a(_arm_cmpdf2.o)
 .ARM.attributes
                0x00000b2c       0x1d d:/programm/atolik/truestudio for stm32 9.3.0/armtools/bin/../lib/gcc/arm-atollic-eabi/6.3.1/armv7-m\libgcc.a(_arm_unorddf2.o)
 .ARM.attributes
                0x00000b49       0x1d d:/programm/atolik/truestudio for stm32 9.3.0/armtools/bin/../lib/gcc/arm-atollic-eabi/6.3.1/armv7-m\libgcc.a(_arm_fixdfsi.o)
 .ARM.attributes
                0x00000b66       0x1d d:/programm/atolik/truestudio for stm32 9.3.0/armtools/bin/../lib/gcc/arm-atollic-eabi/6.3.1/armv7-m\libgcc.a(_arm_fixunsdfsi.o)
 .ARM.attributes
                0x00000b83       0x1d d:/programm/atolik/truestudio for stm32 9.3.0/armtools/bin/../lib/gcc/arm-atollic-eabi/6.3.1/armv7-m\libgcc.a(_aeabi_uldivmod.o)
 .ARM.attributes
                0x00000ba0       0x2d d:/programm/atolik/truestudio for stm32 9.3.0/armtools/bin/../lib/gcc/arm-atollic-eabi/6.3.1/armv7-m\libgcc.a(_udivmoddi4.o)
 .ARM.attributes
                0x00000bcd       0x2d d:/programm/atolik/truestudio for stm32 9.3.0/armtools/bin/../lib/gcc/arm-atollic-eabi/6.3.1/armv7-m\libgcc.a(unwind-arm.o)
 .ARM.attributes
                0x00000bfa       0x1d d:/programm/atolik/truestudio for stm32 9.3.0/armtools/bin/../lib/gcc/arm-atollic-eabi/6.3.1/armv7-m\libgcc.a(libunwind.o)
 .ARM.attributes
                0x00000c17       0x2d d:/programm/atolik/truestudio for stm32 9.3.0/armtools/bin/../lib/gcc/arm-atollic-eabi/6.3.1/armv7-m\libgcc.a(pr-support.o)
 .ARM.attributes
                0x00000c44       0x1d d:/programm/atolik/truestudio for stm32 9.3.0/armtools/bin/../lib/gcc/arm-atollic-eabi/6.3.1/armv7-m\libgcc.a(_dvmd_tls.o)
 .ARM.attributes
                0x00000c61       0x2d d:/programm/atolik/truestudio for stm32 9.3.0/armtools/bin/../lib/gcc/arm-atollic-eabi/6.3.1/../../../../arm-atollic-eabi/lib/armv7-m\libc.a(lib_a-abort.o)
 .ARM.attributes
                0x00000c8e       0x2d d:/programm/atolik/truestudio for stm32 9.3.0/armtools/bin/../lib/gcc/arm-atollic-eabi/6.3.1/../../../../arm-atollic-eabi/lib/armv7-m\libc.a(lib_a-signal.o)
 .ARM.attributes
                0x00000cbb       0x2d d:/programm/atolik/truestudio for stm32 9.3.0/armtools/bin/../lib/gcc/arm-atollic-eabi/6.3.1/../../../../arm-atollic-eabi/lib/armv7-m\libc.a(lib_a-signalr.o)
 .ARM.attributes
                0x00000ce8       0x1d d:/programm/atolik/truestudio for stm32 9.3.0/armtools/bin/../lib/gcc/arm-atollic-eabi/6.3.1/armv7-m/crtn.o
OUTPUT(CPP_NEV_103.elf elf32-littlearm)

.debug_info     0x00000000     0xc91f
 .debug_info    0x00000000      0x77a Drivers\STM32F1xx_HAL_Driver\Src\stm32f1xx_hal.o
 .debug_info    0x0000077a      0xc69 Drivers\STM32F1xx_HAL_Driver\Src\stm32f1xx_hal_adc.o
 .debug_info    0x000013e3      0xbb8 Drivers\STM32F1xx_HAL_Driver\Src\stm32f1xx_hal_cortex.o
 .debug_info    0x00001f9b      0x69b Drivers\STM32F1xx_HAL_Driver\Src\stm32f1xx_hal_gpio.o
 .debug_info    0x00002636      0x80e Drivers\STM32F1xx_HAL_Driver\Src\stm32f1xx_hal_rcc.o
 .debug_info    0x00002e44      0x45d Drivers\STM32F1xx_HAL_Driver\Src\stm32f1xx_hal_rcc_ex.o
 .debug_info    0x000032a1      0x3d4 LIBerry_V0\DS1307\DS1307.o
 .debug_info    0x00003675     0x2c89 LIBerry_V0\Tools\C\i2c.o
 .debug_info    0x000062fe     0x29d7 Src\main.o
 .debug_info    0x00008cd5     0x16a5 Src\stm32f1xx_hal_msp.o
 .debug_info    0x0000a37a     0x1008 Src\stm32f1xx_it.o
 .debug_info    0x0000b382     0x128c Src\syscalls.o
 .debug_info    0x0000c60e      0x29b Src\system_stm32f1xx.o
 .debug_info    0x0000c8a9       0x76 startup\startup_stm32f103xe.o

.debug_abbrev   0x00000000     0x1edd
 .debug_abbrev  0x00000000      0x1c2 Drivers\STM32F1xx_HAL_Driver\Src\stm32f1xx_hal.o
 .debug_abbrev  0x000001c2      0x1d0 Drivers\STM32F1xx_HAL_Driver\Src\stm32f1xx_hal_adc.o
 .debug_abbrev  0x00000392      0x2d0 Drivers\STM32F1xx_HAL_Driver\Src\stm32f1xx_hal_cortex.o
 .debug_abbrev  0x00000662      0x1bb Drivers\STM32F1xx_HAL_Driver\Src\stm32f1xx_hal_gpio.o
 .debug_abbrev  0x0000081d      0x23e Drivers\STM32F1xx_HAL_Driver\Src\stm32f1xx_hal_rcc.o
 .debug_abbrev  0x00000a5b      0x170 Drivers\STM32F1xx_HAL_Driver\Src\stm32f1xx_hal_rcc_ex.o
 .debug_abbrev  0x00000bcb      0x207 LIBerry_V0\DS1307\DS1307.o
 .debug_abbrev  0x00000dd2      0x355 LIBerry_V0\Tools\C\i2c.o
 .debug_abbrev  0x00001127      0x54d Src\main.o
 .debug_abbrev  0x00001674      0x234 Src\stm32f1xx_hal_msp.o
 .debug_abbrev  0x000018a8      0x1e0 Src\stm32f1xx_it.o
 .debug_abbrev  0x00001a88      0x314 Src\syscalls.o
 .debug_abbrev  0x00001d9c      0x12f Src\system_stm32f1xx.o
 .debug_abbrev  0x00001ecb       0x12 startup\startup_stm32f103xe.o

.debug_aranges  0x00000000      0x948
 .debug_aranges
                0x00000000       0xe0 Drivers\STM32F1xx_HAL_Driver\Src\stm32f1xx_hal.o
 .debug_aranges
                0x000000e0       0xf0 Drivers\STM32F1xx_HAL_Driver\Src\stm32f1xx_hal_adc.o
 .debug_aranges
                0x000001d0      0x100 Drivers\STM32F1xx_HAL_Driver\Src\stm32f1xx_hal_cortex.o
 .debug_aranges
                0x000002d0       0x58 Drivers\STM32F1xx_HAL_Driver\Src\stm32f1xx_hal_gpio.o
 .debug_aranges
                0x00000328       0x90 Drivers\STM32F1xx_HAL_Driver\Src\stm32f1xx_hal_rcc.o
 .debug_aranges
                0x000003b8       0x30 Drivers\STM32F1xx_HAL_Driver\Src\stm32f1xx_hal_rcc_ex.o
 .debug_aranges
                0x000003e8       0x68 LIBerry_V0\DS1307\DS1307.o
 .debug_aranges
                0x00000450      0x290 LIBerry_V0\Tools\C\i2c.o
 .debug_aranges
                0x000006e0       0xc0 Src\main.o
 .debug_aranges
                0x000007a0       0x40 Src\stm32f1xx_hal_msp.o
 .debug_aranges
                0x000007e0       0x60 Src\stm32f1xx_it.o
 .debug_aranges
                0x00000840       0xb8 Src\syscalls.o
 .debug_aranges
                0x000008f8       0x28 Src\system_stm32f1xx.o
 .debug_aranges
                0x00000920       0x28 startup\startup_stm32f103xe.o

.debug_ranges   0x00000000      0x890
 .debug_ranges  0x00000000       0xd0 Drivers\STM32F1xx_HAL_Driver\Src\stm32f1xx_hal.o
 .debug_ranges  0x000000d0       0xe0 Drivers\STM32F1xx_HAL_Driver\Src\stm32f1xx_hal_adc.o
 .debug_ranges  0x000001b0       0xf0 Drivers\STM32F1xx_HAL_Driver\Src\stm32f1xx_hal_cortex.o
 .debug_ranges  0x000002a0       0x48 Drivers\STM32F1xx_HAL_Driver\Src\stm32f1xx_hal_gpio.o
 .debug_ranges  0x000002e8       0x80 Drivers\STM32F1xx_HAL_Driver\Src\stm32f1xx_hal_rcc.o
 .debug_ranges  0x00000368       0x20 Drivers\STM32F1xx_HAL_Driver\Src\stm32f1xx_hal_rcc_ex.o
 .debug_ranges  0x00000388       0x58 LIBerry_V0\DS1307\DS1307.o
 .debug_ranges  0x000003e0      0x2a0 LIBerry_V0\Tools\C\i2c.o
 .debug_ranges  0x00000680       0xb0 Src\main.o
 .debug_ranges  0x00000730       0x30 Src\stm32f1xx_hal_msp.o
 .debug_ranges  0x00000760       0x50 Src\stm32f1xx_it.o
 .debug_ranges  0x000007b0       0xa8 Src\syscalls.o
 .debug_ranges  0x00000858       0x18 Src\system_stm32f1xx.o
 .debug_ranges  0x00000870       0x20 startup\startup_stm32f103xe.o

.debug_line     0x00000000     0x4c52
 .debug_line    0x00000000      0x3ce Drivers\STM32F1xx_HAL_Driver\Src\stm32f1xx_hal.o
 .debug_line    0x000003ce      0x769 Drivers\STM32F1xx_HAL_Driver\Src\stm32f1xx_hal_adc.o
 .debug_line    0x00000b37      0x49e Drivers\STM32F1xx_HAL_Driver\Src\stm32f1xx_hal_cortex.o
 .debug_line    0x00000fd5      0x40a Drivers\STM32F1xx_HAL_Driver\Src\stm32f1xx_hal_gpio.o
 .debug_line    0x000013df      0x4e6 Drivers\STM32F1xx_HAL_Driver\Src\stm32f1xx_hal_rcc.o
 .debug_line    0x000018c5      0x2db Drivers\STM32F1xx_HAL_Driver\Src\stm32f1xx_hal_rcc_ex.o
 .debug_line    0x00001ba0      0x1c1 LIBerry_V0\DS1307\DS1307.o
 .debug_line    0x00001d61     0x1687 LIBerry_V0\Tools\C\i2c.o
 .debug_line    0x000033e8      0x9af Src\main.o
 .debug_line    0x00003d97      0x3dd Src\stm32f1xx_hal_msp.o
 .debug_line    0x00004174      0x3b6 Src\stm32f1xx_it.o
 .debug_line    0x0000452a      0x49d Src\syscalls.o
 .debug_line    0x000049c7      0x20e Src\system_stm32f1xx.o
 .debug_line    0x00004bd5       0x7d startup\startup_stm32f103xe.o

.debug_str      0x00000000     0x3d6d
 .debug_str     0x00000000      0x878 Drivers\STM32F1xx_HAL_Driver\Src\stm32f1xx_hal.o
                                0x90f (size before relaxing)
 .debug_str     0x00000878      0x57b Drivers\STM32F1xx_HAL_Driver\Src\stm32f1xx_hal_adc.o
                                0x925 (size before relaxing)
 .debug_str     0x00000df3      0x3fb Drivers\STM32F1xx_HAL_Driver\Src\stm32f1xx_hal_cortex.o
                                0xa74 (size before relaxing)
 .debug_str     0x000011ee      0x1ab Drivers\STM32F1xx_HAL_Driver\Src\stm32f1xx_hal_gpio.o
                                0x4dd (size before relaxing)
 .debug_str     0x00001399      0x2d7 Drivers\STM32F1xx_HAL_Driver\Src\stm32f1xx_hal_rcc.o
                                0x698 (size before relaxing)
 .debug_str     0x00001670      0x151 Drivers\STM32F1xx_HAL_Driver\Src\stm32f1xx_hal_rcc_ex.o
                                0x4a3 (size before relaxing)
 .debug_str     0x000017c1      0x1f3 LIBerry_V0\DS1307\DS1307.o
                                0x24c (size before relaxing)
 .debug_str     0x000019b4      0xef2 LIBerry_V0\Tools\C\i2c.o
                               0x14b4 (size before relaxing)
 .debug_str     0x000028a6     0x110b Src\main.o
                               0x2230 (size before relaxing)
 .debug_str     0x000039b1       0x34 Src\stm32f1xx_hal_msp.o
                                0xfe9 (size before relaxing)
 .debug_str     0x000039e5       0xa6 Src\stm32f1xx_it.o
                                0xc74 (size before relaxing)
 .debug_str     0x00003a8b      0x295 Src\syscalls.o
                                0x9bd (size before relaxing)
 .debug_str     0x00003d20       0x4d Src\system_stm32f1xx.o
                                0x2f2 (size before relaxing)

.comment        0x00000000       0x7c
 .comment       0x00000000       0x7c Drivers\STM32F1xx_HAL_Driver\Src\stm32f1xx_hal.o
                                 0x7d (size before relaxing)
 .comment       0x0000007c       0x7d Drivers\STM32F1xx_HAL_Driver\Src\stm32f1xx_hal_adc.o
 .comment       0x0000007c       0x7d Drivers\STM32F1xx_HAL_Driver\Src\stm32f1xx_hal_cortex.o
 .comment       0x0000007c       0x7d Drivers\STM32F1xx_HAL_Driver\Src\stm32f1xx_hal_gpio.o
 .comment       0x0000007c       0x7d Drivers\STM32F1xx_HAL_Driver\Src\stm32f1xx_hal_rcc.o
 .comment       0x0000007c       0x7d Drivers\STM32F1xx_HAL_Driver\Src\stm32f1xx_hal_rcc_ex.o
 .comment       0x0000007c       0x7d LIBerry_V0\DS1307\DS1307.o
 .comment       0x0000007c       0x7d LIBerry_V0\Tools\C\i2c.o
 .comment       0x0000007c       0x7d Src\main.o
 .comment       0x0000007c       0x7d Src\stm32f1xx_hal_msp.o
 .comment       0x0000007c       0x7d Src\stm32f1xx_it.o
 .comment       0x0000007c       0x7d Src\syscalls.o
 .comment       0x0000007c       0x7d Src\system_stm32f1xx.o

.debug_frame    0x00000000     0x3bd0
 .debug_frame   0x00000000      0x334 Drivers\STM32F1xx_HAL_Driver\Src\stm32f1xx_hal.o
 .debug_frame   0x00000334      0x410 Drivers\STM32F1xx_HAL_Driver\Src\stm32f1xx_hal_adc.o
 .debug_frame   0x00000744      0x428 Drivers\STM32F1xx_HAL_Driver\Src\stm32f1xx_hal_cortex.o
 .debug_frame   0x00000b6c      0x14c Drivers\STM32F1xx_HAL_Driver\Src\stm32f1xx_hal_gpio.o
 .debug_frame   0x00000cb8      0x21c Drivers\STM32F1xx_HAL_Driver\Src\stm32f1xx_hal_rcc.o
 .debug_frame   0x00000ed4       0x84 Drivers\STM32F1xx_HAL_Driver\Src\stm32f1xx_hal_rcc_ex.o
 .debug_frame   0x00000f58      0x180 LIBerry_V0\DS1307\DS1307.o
 .debug_frame   0x000010d8      0xc0c LIBerry_V0\Tools\C\i2c.o
 .debug_frame   0x00001ce4      0x344 Src\main.o
 .debug_frame   0x00002028       0xc8 Src\stm32f1xx_hal_msp.o
 .debug_frame   0x000020f0      0x10c Src\stm32f1xx_it.o
 .debug_frame   0x000021fc      0x2fc Src\syscalls.o
 .debug_frame   0x000024f8       0x58 Src\system_stm32f1xx.o
 .debug_frame   0x00002550       0x20 d:/programm/atolik/truestudio for stm32 9.3.0/armtools/bin/../lib/gcc/arm-atollic-eabi/6.3.1/../../../../arm-atollic-eabi/lib/armv7-m\libc.a(lib_a-errno.o)
 .debug_frame   0x00002570       0x2c d:/programm/atolik/truestudio for stm32 9.3.0/armtools/bin/../lib/gcc/arm-atollic-eabi/6.3.1/../../../../arm-atollic-eabi/lib/armv7-m\libc.a(lib_a-init.o)
 .debug_frame   0x0000259c       0x28 d:/programm/atolik/truestudio for stm32 9.3.0/armtools/bin/../lib/gcc/arm-atollic-eabi/6.3.1/../../../../arm-atollic-eabi/lib/armv7-m\libc.a(lib_a-memcpy-stub.o)
 .debug_frame   0x000025c4       0x20 d:/programm/atolik/truestudio for stm32 9.3.0/armtools/bin/../lib/gcc/arm-atollic-eabi/6.3.1/../../../../arm-atollic-eabi/lib/armv7-m\libc.a(lib_a-memset.o)
 .debug_frame   0x000025e4       0x74 d:/programm/atolik/truestudio for stm32 9.3.0/armtools/bin/../lib/gcc/arm-atollic-eabi/6.3.1/../../../../arm-atollic-eabi/lib/armv7-m\libc.a(lib_a-printf.o)