Archive member included to satisfy reference by file (symbol)

d:/programm/atolik/truestudio for stm32 9.3.0/armtools/bin/../lib/gcc/arm-atollic-eabi/6.3.1/../../../../arm-atollic-eabi/lib/armv7-m\libc.a(lib_a-errno.o)
                              Src\syscalls.o (__errno)
d:/programm/atolik/truestudio for stm32 9.3.0/armtools/bin/../lib/gcc/arm-atollic-eabi/6.3.1/../../../../arm-atollic-eabi/lib/armv7-m\libc.a(lib_a-impure.o)
                              d:/programm/atolik/truestudio for stm32 9.3.0/armtools/bin/../lib/gcc/arm-atollic-eabi/6.3.1/../../../../arm-atollic-eabi/lib/armv7-m\libc.a(lib_a-errno.o) (_impure_ptr)
d:/programm/atolik/truestudio for stm32 9.3.0/armtools/bin/../lib/gcc/arm-atollic-eabi/6.3.1/../../../../arm-atollic-eabi/lib/armv7-m\libc.a(lib_a-init.o)
                              startup\startup_stm32f103xe.o (__libc_init_array)
d:/programm/atolik/truestudio for stm32 9.3.0/armtools/bin/../lib/gcc/arm-atollic-eabi/6.3.1/../../../../arm-atollic-eabi/lib/armv7-m\libc.a(lib_a-malloc.o)
                              LIBerry_V0.0\TEST\ad7780.o (free)
d:/programm/atolik/truestudio for stm32 9.3.0/armtools/bin/../lib/gcc/arm-atollic-eabi/6.3.1/../../../../arm-atollic-eabi/lib/armv7-m\libc.a(lib_a-mallocr.o)
                              d:/programm/atolik/truestudio for stm32 9.3.0/armtools/bin/../lib/gcc/arm-atollic-eabi/6.3.1/../../../../arm-atollic-eabi/lib/armv7-m\libc.a(lib_a-malloc.o) (_malloc_r)
d:/programm/atolik/truestudio for stm32 9.3.0/armtools/bin/../lib/gcc/arm-atollic-eabi/6.3.1/../../../../arm-atollic-eabi/lib/armv7-m\libc.a(lib_a-memcpy-stub.o)
                              LIBerry_V0.0\arm3\ARM3_PIN.o (memcpy)
d:/programm/atolik/truestudio for stm32 9.3.0/armtools/bin/../lib/gcc/arm-atollic-eabi/6.3.1/../../../../arm-atollic-eabi/lib/armv7-m\libc.a(lib_a-memset.o)
                              Src\main.o (memset)
d:/programm/atolik/truestudio for stm32 9.3.0/armtools/bin/../lib/gcc/arm-atollic-eabi/6.3.1/../../../../arm-atollic-eabi/lib/armv7-m\libc.a(lib_a-mlock.o)
                              d:/programm/atolik/truestudio for stm32 9.3.0/armtools/bin/../lib/gcc/arm-atollic-eabi/6.3.1/../../../../arm-atollic-eabi/lib/armv7-m\libc.a(lib_a-mallocr.o) (__malloc_lock)
d:/programm/atolik/truestudio for stm32 9.3.0/armtools/bin/../lib/gcc/arm-atollic-eabi/6.3.1/../../../../arm-atollic-eabi/lib/armv7-m\libc.a(lib_a-printf.o)
                              LIBerry_V0.0\832\adc832.o (printf)
d:/programm/atolik/truestudio for stm32 9.3.0/armtools/bin/../lib/gcc/arm-atollic-eabi/6.3.1/../../../../arm-atollic-eabi/lib/armv7-m\libc.a(lib_a-puts.o)
                              LIBerry_V0.0\832\adc832.o (puts)
d:/programm/atolik/truestudio for stm32 9.3.0/armtools/bin/../lib/gcc/arm-atollic-eabi/6.3.1/../../../../arm-atollic-eabi/lib/armv7-m\libc.a(lib_a-sbrkr.o)
                              d:/programm/atolik/truestudio for stm32 9.3.0/armtools/bin/../lib/gcc/arm-atollic-eabi/6.3.1/../../../../arm-atollic-eabi/lib/armv7-m\libc.a(lib_a-mallocr.o) (_sbrk_r)
d:/programm/atolik/truestudio for stm32 9.3.0/armtools/bin/../lib/gcc/arm-atollic-eabi/6.3.1/../../../../arm-atollic-eabi/lib/armv7-m\libc.a(lib_a-snprintf.o)
                              LIBerry_V0.0\C\lcd.o (snprintf)
d:/programm/atolik/truestudio for stm32 9.3.0/armtools/bin/../lib/gcc/arm-atollic-eabi/6.3.1/../../../../arm-atollic-eabi/lib/armv7-m\libc.a(lib_a-strlen.o)
                              LIBerry_V0.0\C\lcd.o (strlen)
d:/programm/atolik/truestudio for stm32 9.3.0/armtools/bin/../lib/gcc/arm-atollic-eabi/6.3.1/../../../../arm-atollic-eabi/lib/armv7-m\libc.a(lib_a-svfprintf.o)
                              d:/programm/atolik/truestudio for stm32 9.3.0/armtools/bin/../lib/gcc/arm-atollic-eabi/6.3.1/../../../../arm-atollic-eabi/lib/armv7-m\libc.a(lib_a-snprintf.o) (_svfprintf_r)
d:/programm/atolik/truestudio for stm32 9.3.0/armtools/bin/../lib/gcc/arm-atollic-eabi/6.3.1/../../../../arm-atollic-eabi/lib/armv7-m\libc.a(lib_a-vfprintf.o)
                              d:/programm/atolik/truestudio for stm32 9.3.0/armtools/bin/../lib/gcc/arm-atollic-eabi/6.3.1/../../../../arm-atollic-eabi/lib/armv7-m\libc.a(lib_a-printf.o) (_vfprintf_r)
d:/programm/atolik/truestudio for stm32 9.3.0/armtools/bin/../lib/gcc/arm-atollic-eabi/6.3.1/../../../../arm-atollic-eabi/lib/armv7-m\libc.a(lib_a-wsetup.o)
                              d:/programm/atolik/truestudio for stm32 9.3.0/armtools/bin/../lib/gcc/arm-atollic-eabi/6.3.1/../../../../arm-atollic-eabi/lib/armv7-m\libc.a(lib_a-vfprintf.o) (__swsetup_r)
d:/programm/atolik/truestudio for stm32 9.3.0/armtools/bin/../lib/gcc/arm-atollic-eabi/6.3.1/../../../../arm-atollic-eabi/lib/armv7-m\libc.a(lib_a-dtoa.o)
                              d:/programm/atolik/truestudio for stm32 9.3.0/armtools/bin/../lib/gcc/arm-atollic-eabi/6.3.1/../../../../arm-atollic-eabi/lib/armv7-m\libc.a(lib_a-svfprintf.o) (_dtoa_r)
[...]
Memory Configuration

Name             Origin             Length             Attributes
RAM              0x20000000         0x00010000         xrw
FLASH            0x08000000         0x00080000         xr
*default*        0x00000000         0xffffffff

Linker script and memory map

LOAD d:/programm/atolik/truestudio for stm32 9.3.0/armtools/bin/../lib/gcc/arm-atollic-eabi/6.3.1/armv7-m/crti.o
LOAD d:/programm/atolik/truestudio for stm32 9.3.0/armtools/bin/../lib/gcc/arm-atollic-eabi/6.3.1/armv7-m/crtbegin.o
LOAD Drivers\STM32F1xx_HAL_Driver\Src\stm32f1xx_hal.o
LOAD Drivers\STM32F1xx_HAL_Driver\Src\stm32f1xx_hal_adc.o
LOAD Drivers\STM32F1xx_HAL_Driver\Src\stm32f1xx_hal_adc_ex.o
LOAD Drivers\STM32F1xx_HAL_Driver\Src\stm32f1xx_hal_cortex.o
LOAD Drivers\STM32F1xx_HAL_Driver\Src\stm32f1xx_hal_dac.o
LOAD Drivers\STM32F1xx_HAL_Driver\Src\stm32f1xx_hal_dac_ex.o
LOAD Drivers\STM32F1xx_HAL_Driver\Src\stm32f1xx_hal_dma.o
LOAD Drivers\STM32F1xx_HAL_Driver\Src\stm32f1xx_hal_exti.o
LOAD Drivers\STM32F1xx_HAL_Driver\Src\stm32f1xx_hal_flash.o
LOAD Drivers\STM32F1xx_HAL_Driver\Src\stm32f1xx_hal_flash_ex.o
LOAD Drivers\STM32F1xx_HAL_Driver\Src\stm32f1xx_hal_gpio.o
LOAD Drivers\STM32F1xx_HAL_Driver\Src\stm32f1xx_hal_gpio_ex.o
LOAD Drivers\STM32F1xx_HAL_Driver\Src\stm32f1xx_hal_i2c.o
LOAD Drivers\STM32F1xx_HAL_Driver\Src\stm32f1xx_hal_pwr.o
LOAD Drivers\STM32F1xx_HAL_Driver\Src\stm32f1xx_hal_rcc.o
LOAD Drivers\STM32F1xx_HAL_Driver\Src\stm32f1xx_hal_rcc_ex.o
LOAD Drivers\STM32F1xx_HAL_Driver\Src\stm32f1xx_hal_spi.o
LOAD Drivers\STM32F1xx_HAL_Driver\Src\stm32f1xx_hal_tim.o
LOAD Drivers\STM32F1xx_HAL_Driver\Src\stm32f1xx_hal_tim_ex.o
LOAD Drivers\STM32F1xx_HAL_Driver\Src\stm32f1xx_hal_uart.o
LOAD LIBerry_V0.0\832\adc832.o
LOAD LIBerry_V0.0\AVR\GPIO_Atmel.o
LOAD LIBerry_V0.0\C\ADC_TEST.o
LOAD LIBerry_V0.0\C\FMS_ARM7.o
LOAD LIBerry_V0.0\C\I2C.o
LOAD LIBerry_V0.0\C\RS232.o
LOAD LIBerry_V0.0\C\SMBus.o
LOAD LIBerry_V0.0\C\SPI.o
LOAD LIBerry_V0.0\C\UART_RS485.o
LOAD LIBerry_V0.0\C\jtag.o
LOAD LIBerry_V0.0\C\lcd.o
LOAD LIBerry_V0.0\C\mathematics.o
LOAD LIBerry_V0.0\C\ram_cy.o
LOAD LIBerry_V0.0\CHIP\AD9764.o
LOAD LIBerry_V0.0\CHIP\K9WAG08U1D.o
LOAD LIBerry_V0.0\CHIP\LPC1114.o
LOAD LIBerry_V0.0\CHIP\MT29F32G08AFABAWP.o
LOAD LIBerry_V0.0\CHIP\MT46V32M16TG-5BIT.o
LOAD LIBerry_V0.0\CHIP\MX60LF8G18AC.o
LOAD LIBerry_V0.0\CHIP\PC7C8150BNDE.o
LOAD LIBerry_V0.0\TEST\ad7780.o
LOAD LIBerry_V0.0\arm3\ARM3_PIN.o
LOAD LIBerry_V0.0\arm3\GPIO_ARM3.o
LOAD LIBerry_V0.0\arm4\GPIO_ARM4.o
LOAD LIBerry_V0.0\arm7\GPIO_ARM7.o
LOAD LIBerry_V0.0\arm7\NUCl_PIN.o
LOAD Src\main.o
LOAD Src\stm32f1xx_hal_msp.o
LOAD Src\stm32f1xx_it.o
LOAD Src\syscalls.o
LOAD Src\system_stm32f1xx.o
LOAD startup\startup_stm32f103xe.o
                0x00000080                malloc_getpagesize_P = 0x80
START GROUP
LOAD d:/programm/atolik/truestudio for stm32 9.3.0/armtools/bin/../lib/gcc/arm-atollic-eabi/6.3.1/../../../../arm-atollic-eabi/lib/armv7-m\libc.a
LOAD d:/programm/atolik/truestudio for stm32 9.3.0/armtools/bin/../lib/gcc/arm-atollic-eabi/6.3.1/../../../../arm-atollic-eabi/lib/armv7-m\libm.a
END GROUP
START GROUP
LOAD d:/programm/atolik/truestudio for stm32 9.3.0/armtools/bin/../lib/gcc/arm-atollic-eabi/6.3.1/armv7-m\libgcc.a
LOAD d:/programm/atolik/truestudio for stm32 9.3.0/armtools/bin/../lib/gcc/arm-atollic-eabi/6.3.1/../../../../arm-atollic-eabi/lib/armv7-m\libc.a
END GROUP
START GROUP
LOAD d:/programm/atolik/truestudio for stm32 9.3.0/armtools/bin/../lib/gcc/arm-atollic-eabi/6.3.1/armv7-m\libgcc.a
LOAD d:/programm/atolik/truestudio for stm32 9.3.0/armtools/bin/../lib/gcc/arm-atollic-eabi/6.3.1/../../../../arm-atollic-eabi/lib/armv7-m\libc.a
LOAD d:/programm/atolik/truestudio for stm32 9.3.0/armtools/bin/../lib/gcc/arm-atollic-eabi/6.3.1/../../../../arm-atollic-eabi/lib/armv7-m\libnosys.a
END GROUP
LOAD d:/programm/atolik/truestudio for stm32 9.3.0/armtools/bin/../lib/gcc/arm-atollic-eabi/6.3.1/armv7-m/crtend.o
LOAD d:/programm/atolik/truestudio for stm32 9.3.0/armtools/bin/../lib/gcc/arm-atollic-eabi/6.3.1/armv7-m/crtn.o
                0x20010000                _estack = 0x20010000
                0x00000200                _Min_Heap_Size = 0x200
                0x00000400                _Min_Stack_Size = 0x400

.isr_vector     0x08000000      0x1e4
                0x08000000                . = ALIGN (0x4)
 *(.isr_vector)
 .isr_vector    0x08000000      0x1e4 startup\startup_stm32f103xe.o
                0x08000000                g_pfnVectors
                0x080001e4                . = ALIGN (0x4)

.text           0x080001e8     0xb774
                0x080001e8                . = ALIGN (0x4)
 *(.text)
 .text          0x080001e8       0x40 d:/programm/atolik/truestudio for stm32 9.3.0/armtools/bin/../lib/gcc/arm-atollic-eabi/6.3.1/armv7-m/crtbegin.o
 .text          0x08000228       0x10 d:/programm/atolik/truestudio for stm32 9.3.0/armtools/bin/../lib/gcc/arm-atollic-eabi/6.3.1/../../../../arm-atollic-eabi/lib/armv7-m\libc.a(lib_a-strlen.o)
                0x08000228                strlen
 .text          0x08000238      0x370 d:/programm/atolik/truestudio for stm32 9.3.0/armtools/bin/../lib/gcc/arm-atollic-eabi/6.3.1/armv7-m\libgcc.a(_arm_addsubdf3.o)
                0x08000238                __aeabi_drsub
                0x08000240                __aeabi_dsub
                0x08000240                __subdf3
                0x08000244                __aeabi_dadd
                0x08000244                __adddf3
                0x080004bc                __floatunsidf
                0x080004bc                __aeabi_ui2d
                0x080004dc                __floatsidf
                0x080004dc                __aeabi_i2d
                0x08000500                __aeabi_f2d
                0x08000500                __extendsfdf2
                0x0800053c                __floatundidf
                0x0800053c                __aeabi_ul2d
                0x0800054c                __floatdidf
                0x0800054c                __aeabi_l2d
 .text          0x080005a8      0x424 d:/programm/atolik/truestudio for stm32 9.3.0/armtools/bin/../lib/gcc/arm-atollic-eabi/6.3.1/armv7-m\libgcc.a(_arm_muldivdf3.o)
                0x080005a8                __aeabi_dmul
                0x080005a8                __muldf3
                0x080007fc                __divdf3
                0x080007fc                __aeabi_ddiv
 .text          0x080009cc      0x110 d:/programm/atolik/truestudio for stm32 9.3.0/armtools/bin/../lib/gcc/arm-atollic-eabi/6.3.1/armv7-m\libgcc.a(_arm_cmpdf2.o)
                0x080009cc                __gtdf2
                0x080009cc                __gedf2
                0x080009d4                __ltdf2
                0x080009d4                __ledf2
                0x080009dc                __nedf2
                0x080009dc                __eqdf2
                0x080009dc                __cmpdf2
                0x08000a58                __aeabi_cdrcmple
                0x08000a68                __aeabi_cdcmpeq
                0x08000a68                __aeabi_cdcmple
                0x08000a78                __aeabi_dcmpeq
                0x08000a8c                __aeabi_dcmplt
                0x08000aa0                __aeabi_dcmple
                0x08000ab4                __aeabi_dcmpge
                0x08000ac8                __aeabi_dcmpgt
 .text          0x08000adc       0x2c d:/programm/atolik/truestudio for stm32 9.3.0/armtools/bin/../lib/gcc/arm-atollic-eabi/6.3.1/armv7-m\libgcc.a(_arm_unorddf2.o)
                0x08000adc                __unorddf2
                0x08000adc                __aeabi_dcmpun
 .text          0x08000b08       0x50 d:/programm/atolik/truestudio for stm32 9.3.0/armtools/bin/../lib/gcc/arm-atollic-eabi/6.3.1/armv7-m\libgcc.a(_arm_fixdfsi.o)
                0x08000b08                __aeabi_d2iz
                0x08000b08                __fixdfsi
 .text          0x08000b58       0x40 d:/programm/atolik/truestudio for stm32 9.3.0/armtools/bin/../lib/gcc/arm-atollic-eabi/6.3.1/armv7-m\libgcc.a(_arm_fixunsdfsi.o)
                0x08000b58                __aeabi_d2uiz
                0x08000b58                __fixunsdfsi
 .text          0x08000b98      0x21c d:/programm/atolik/truestudio for stm32 9.3.0/armtools/bin/../lib/gcc/arm-atollic-eabi/6.3.1/armv7-m\libgcc.a(_arm_addsubsf3.o)
                0x08000b98                __aeabi_frsub
                0x08000ba0                __subsf3
                0x08000ba0                __aeabi_fsub
                0x08000ba4                __aeabi_fadd
                0x08000ba4                __addsf3
                0x08000d04                __aeabi_ui2f
                0x08000d04                __floatunsisf
                0x08000d0c                __aeabi_i2f
                0x08000d0c                __floatsisf
                0x08000d28                __aeabi_ul2f
                0x08000d28                __floatundisf
                0x08000d38                __aeabi_l2f
                0x08000d38                __floatdisf
 .text          0x08000db4      0x2a0 d:/programm/atolik/truestudio for stm32 9.3.0/armtools/bin/../lib/gcc/arm-atollic-eabi/6.3.1/armv7-m\libgcc.a(_arm_muldivsf3.o)
                0x08000db4                __mulsf3
                0x08000db4                __aeabi_fmul
                0x08000f1c                __aeabi_fdiv
                0x08000f1c                __divsf3
 .text          0x08001054       0x30 d:/programm/atolik/truestudio for stm32 9.3.0/armtools/bin/../lib/gcc/arm-atollic-eabi/6.3.1/armv7-m\libgcc.a(_aeabi_uldivmod.o)
                0x08001054                __aeabi_uldivmod
 .text          0x08001084      0x2dc d:/programm/atolik/truestudio for stm32 9.3.0/armtools/bin/../lib/gcc/arm-atollic-eabi/6.3.1/armv7-m\libgcc.a(_udivmoddi4.o)
                0x08001084                __udivmoddi4
 .text          0x08001360        0x4 d:/programm/atolik/truestudio for stm32 9.3.0/armtools/bin/../lib/gcc/arm-atollic-eabi/6.3.1/armv7-m\libgcc.a(_dvmd_tls.o)
                0x08001360                __aeabi_idiv0
                0x08001360                __aeabi_ldiv0
 *(.text*)
 .text.HAL_Init
                0x08001364       0x2c Drivers\STM32F1xx_HAL_Driver\Src\stm32f1xx_hal.o
                0x08001364                HAL_Init
 .text.HAL_InitTick
                0x08001390       0x60 Drivers\STM32F1xx_HAL_Driver\Src\stm32f1xx_hal.o
                0x08001390                HAL_InitTick
 .text.HAL_IncTick
                0x080013f0       0x24 Drivers\STM32F1xx_HAL_Driver\Src\stm32f1xx_hal.o
                0x080013f0                HAL_IncTick
 .text.HAL_GetTick
                0x08001414       0x14 Drivers\STM32F1xx_HAL_Driver\Src\stm32f1xx_hal.o
                0x08001414                HAL_GetTick
 .text.HAL_Delay
                0x08001428       0x44 Drivers\STM32F1xx_HAL_Driver\Src\stm32f1xx_hal.o
                0x08001428                HAL_Delay
 .text.HAL_ADC_Init
                0x0800146c      0x1d4 Drivers\STM32F1xx_HAL_Driver\Src\stm32f1xx_hal_adc.o
                0x0800146c                HAL_ADC_Init
 .text.HAL_ADC_Start
                0x08001640      0x15c Drivers\STM32F1xx_HAL_Driver\Src\stm32f1xx_hal_adc.o
                0x08001640                HAL_ADC_Start
 .text.HAL_ADC_PollForConversion
                0x0800179c      0x1f4 Drivers\STM32F1xx_HAL_Driver\Src\stm32f1xx_hal_adc.o
                0x0800179c                HAL_ADC_PollForConversion
 .text.HAL_ADC_GetValue
                0x08001990       0x18 Drivers\STM32F1xx_HAL_Driver\Src\stm32f1xx_hal_adc.o
                0x08001990                HAL_ADC_GetValue
 .text.HAL_ADC_ConfigChannel
                0x080019a8      0x1f0 Drivers\STM32F1xx_HAL_Driver\Src\stm32f1xx_hal_adc.o
                0x080019a8                HAL_ADC_ConfigChannel
 .text.ADC_Enable
                0x08001b98       0xa4 Drivers\STM32F1xx_HAL_Driver\Src\stm32f1xx_hal_adc.o
                0x08001b98                ADC_Enable
 .text.ADC_ConversionStop_Disable
                0x08001c3c       0x74 Drivers\STM32F1xx_HAL_Driver\Src\stm32f1xx_hal_adc.o
                0x08001c3c                ADC_ConversionStop_Disable
 .text.__NVIC_SetPriorityGrouping
                0x08001cb0       0x48 Drivers\STM32F1xx_HAL_Driver\Src\stm32f1xx_hal_cortex.o
 .text.__NVIC_GetPriorityGrouping
                0x08001cf8       0x1c Drivers\STM32F1xx_HAL_Driver\Src\stm32f1xx_hal_cortex.o
 .text.__NVIC_EnableIRQ
                0x08001d14       0x38 Drivers\STM32F1xx_HAL_Driver\Src\stm32f1xx_hal_cortex.o
 .text.__NVIC_SetPriority
                0x08001d4c       0x54 Drivers\STM32F1xx_HAL_Driver\Src\stm32f1xx_hal_cortex.o
 .text.NVIC_EncodePriority
                0x08001da0       0x60 Drivers\STM32F1xx_HAL_Driver\Src\stm32f1xx_hal_cortex.o
 .text.SysTick_Config
                0x08001e00       0x44 Drivers\STM32F1xx_HAL_Driver\Src\stm32f1xx_hal_cortex.o
 .text.HAL_NVIC_SetPriorityGrouping
                0x08001e44       0x16 Drivers\STM32F1xx_HAL_Driver\Src\stm32f1xx_hal_cortex.o
                0x08001e44                HAL_NVIC_SetPriorityGrouping
 .text.HAL_NVIC_SetPriority
                0x08001e5a       0x38 Drivers\STM32F1xx_HAL_Driver\Src\stm32f1xx_hal_cortex.o
                0x08001e5a                HAL_NVIC_SetPriority
 .text.HAL_NVIC_EnableIRQ
                0x08001e92       0x1c Drivers\STM32F1xx_HAL_Driver\Src\stm32f1xx_hal_cortex.o
                0x08001e92                HAL_NVIC_EnableIRQ
 .text.HAL_SYSTICK_Config
                0x08001eae       0x18 Drivers\STM32F1xx_HAL_Driver\Src\stm32f1xx_hal_cortex.o
                0x08001eae                HAL_SYSTICK_Config
 .text.HAL_DAC_Init
                0x08001ec6       0x44 Drivers\STM32F1xx_HAL_Driver\Src\stm32f1xx_hal_dac.o
                0x08001ec6                HAL_DAC_Init
 .text.HAL_DAC_Start
                0x08001f0a       0xa4 Drivers\STM32F1xx_HAL_Driver\Src\stm32f1xx_hal_dac.o
                0x08001f0a                HAL_DAC_Start
 .text.HAL_DAC_SetValue
                0x08001fae       0x48 Drivers\STM32F1xx_HAL_Driver\Src\stm32f1xx_hal_dac.o
                0x08001fae                HAL_DAC_SetValue
 .text.HAL_DAC_ConfigChannel
                0x08001ff6       0xb8 Drivers\STM32F1xx_HAL_Driver\Src\stm32f1xx_hal_dac.o
                0x08001ff6                HAL_DAC_ConfigChannel
 *fill*         0x080020ae        0x2 
 .text.HAL_DMA_Abort_IT
                0x080020b0      0x23c Drivers\STM32F1xx_HAL_Driver\Src\stm32f1xx_hal_dma.o
                0x080020b0                HAL_DMA_Abort_IT
 .text.HAL_DMA_GetState
                0x080022ec       0x18 Drivers\STM32F1xx_HAL_Driver\Src\stm32f1xx_hal_dma.o
                0x080022ec                HAL_DMA_GetState
 .text.HAL_GPIO_Init
                0x08002304      0x2d4 Drivers\STM32F1xx_HAL_Driver\Src\stm32f1xx_hal_gpio.o
                0x08002304                HAL_GPIO_Init
 .text.HAL_I2C_Init
                0x080025d8      0x270 Drivers\STM32F1xx_HAL_Driver\Src\stm32f1xx_hal_i2c.o
                0x080025d8                HAL_I2C_Init
 .text.HAL_I2C_Master_Transmit
                0x08002848      0x1fc Drivers\STM32F1xx_HAL_Driver\Src\stm32f1xx_hal_i2c.o
                0x08002848                HAL_I2C_Master_Transmit
 .text.HAL_I2C_EV_IRQHandler
                0x08002a44      0x29e Drivers\STM32F1xx_HAL_Driver\Src\stm32f1xx_hal_i2c.o
                0x08002a44                HAL_I2C_EV_IRQHandler
 .text.HAL_I2C_ER_IRQHandler
                0x08002ce2      0x14e Drivers\STM32F1xx_HAL_Driver\Src\stm32f1xx_hal_i2c.o
                0x08002ce2                HAL_I2C_ER_IRQHandler
 .text.HAL_I2C_MasterTxCpltCallback
                0x08002e30       0x12 Drivers\STM32F1xx_HAL_Driver\Src\stm32f1xx_hal_i2c.o
                0x08002e30                HAL_I2C_MasterTxCpltCallback
 .text.HAL_I2C_MasterRxCpltCallback
                0x08002e42       0x12 Drivers\STM32F1xx_HAL_Driver\Src\stm32f1xx_hal_i2c.o
                0x08002e42                HAL_I2C_MasterRxCpltCallback
 .text.HAL_I2C_SlaveTxCpltCallback
                0x08002e54       0x12 Drivers\STM32F1xx_HAL_Driver\Src\stm32f1xx_hal_i2c.o
                0x08002e54                HAL_I2C_SlaveTxCpltCallback
 .text.HAL_I2C_SlaveRxCpltCallback
                0x08002e66       0x12 Drivers\STM32F1xx_HAL_Driver\Src\stm32f1xx_hal_i2c.o
                0x08002e66                HAL_I2C_SlaveRxCpltCallback
 .text.HAL_I2C_AddrCallback
                0x08002e78       0x1a Drivers\STM32F1xx_HAL_Driver\Src\stm32f1xx_hal_i2c.o
                0x08002e78                HAL_I2C_AddrCallback
 .text.HAL_I2C_ListenCpltCallback
                0x08002e92       0x12 Drivers\STM32F1xx_HAL_Driver\Src\stm32f1xx_hal_i2c.o
                0x08002e92                HAL_I2C_ListenCpltCallback
 .text.HAL_I2C_MemTxCpltCallback
                0x08002ea4       0x12 Drivers\STM32F1xx_HAL_Driver\Src\stm32f1xx_hal_i2c.o
                0x08002ea4                HAL_I2C_MemTxCpltCallback
 .text.HAL_I2C_MemRxCpltCallback
                0x08002eb6       0x12 Drivers\STM32F1xx_HAL_Driver\Src\stm32f1xx_hal_i2c.o
                0x08002eb6                HAL_I2C_MemRxCpltCallback
 .text.HAL_I2C_ErrorCallback
                0x08002ec8       0x12 Drivers\STM32F1xx_HAL_Driver\Src\stm32f1xx_hal_i2c.o
                0x08002ec8                HAL_I2C_ErrorCallback
 .text.HAL_I2C_AbortCpltCallback
                0x08002eda       0x12 Drivers\STM32F1xx_HAL_Driver\Src\stm32f1xx_hal_i2c.o
                0x08002eda                HAL_I2C_AbortCpltCallback
 .text.I2C_MasterTransmit_TXE
                0x08002eec      0x138 Drivers\STM32F1xx_HAL_Driver\Src\stm32f1xx_hal_i2c.o
 .text.I2C_MasterTransmit_BTF
                0x08003024       0xd0 Drivers\STM32F1xx_HAL_Driver\Src\stm32f1xx_hal_i2c.o
 .text.I2C_MemoryTransmit_TXE_BTF
                0x080030f4      0x11e Drivers\STM32F1xx_HAL_Driver\Src\stm32f1xx_hal_i2c.o
 .text.I2C_MasterReceive_RXNE
                0x08003212      0x162 Drivers\STM32F1xx_HAL_Driver\Src\stm32f1xx_hal_i2c.o
 .text.I2C_MasterReceive_BTF
                0x08003374      0x1d4 Drivers\STM32F1xx_HAL_Driver\Src\stm32f1xx_hal_i2c.o
 .text.I2C_Master_SB
                0x08003548      0x106 Drivers\STM32F1xx_HAL_Driver\Src\stm32f1xx_hal_i2c.o
 .text.I2C_Master_ADD10
                0x0800364e       0x52 Drivers\STM32F1xx_HAL_Driver\Src\stm32f1xx_hal_i2c.o
 .text.I2C_Master_ADDR
                0x080036a0      0x336 Drivers\STM32F1xx_HAL_Driver\Src\stm32f1xx_hal_i2c.o
 .text.I2C_SlaveTransmit_TXE
                0x080039d6       0x7a Drivers\STM32F1xx_HAL_Driver\Src\stm32f1xx_hal_i2c.o
 .text.I2C_SlaveTransmit_BTF
                0x08003a50       0x40 Drivers\STM32F1xx_HAL_Driver\Src\stm32f1xx_hal_i2c.o
 .text.I2C_SlaveReceive_RXNE
                0x08003a90       0x7c Drivers\STM32F1xx_HAL_Driver\Src\stm32f1xx_hal_i2c.o
 .text.I2C_SlaveReceive_BTF
                0x08003b0c       0x42 Drivers\STM32F1xx_HAL_Driver\Src\stm32f1xx_hal_i2c.o
 .text.I2C_Slave_ADDR
                0x08003b4e       0x84 Drivers\STM32F1xx_HAL_Driver\Src\stm32f1xx_hal_i2c.o
 *fill*         0x08003bd2        0x2 
 .text.I2C_Slave_STOPF
                0x08003bd4      0x260 Drivers\STM32F1xx_HAL_Driver\Src\stm32f1xx_hal_i2c.o
 .text.I2C_Slave_AF
                0x08003e34       0xe0 Drivers\STM32F1xx_HAL_Driver\Src\stm32f1xx_hal_i2c.o
 .text.I2C_ITError
                0x08003f14      0x264 Drivers\STM32F1xx_HAL_Driver\Src\stm32f1xx_hal_i2c.o
 .text.I2C_MasterRequestWrite
                0x08004178      0x104 Drivers\STM32F1xx_HAL_Driver\Src\stm32f1xx_hal_i2c.o
 .text.I2C_DMAAbort
                0x0800427c      0x150 Drivers\STM32F1xx_HAL_Driver\Src\stm32f1xx_hal_i2c.o
 .text.I2C_WaitOnFlagUntilTimeout
                0x080043cc       0xae Drivers\STM32F1xx_HAL_Driver\Src\stm32f1xx_hal_i2c.o
 .text.I2C_WaitOnMasterAddressFlagUntilTimeout
                0x0800447a       0xfe Drivers\STM32F1xx_HAL_Driver\Src\stm32f1xx_hal_i2c.o
 .text.I2C_WaitOnTXEFlagUntilTimeout
                0x08004578       0x82 Drivers\STM32F1xx_HAL_Driver\Src\stm32f1xx_hal_i2c.o
 .text.I2C_WaitOnBTFFlagUntilTimeout
                0x080045fa       0x82 Drivers\STM32F1xx_HAL_Driver\Src\stm32f1xx_hal_i2c.o
 .text.I2C_WaitOnSTOPRequestThroughIT
                0x0800467c       0x64 Drivers\STM32F1xx_HAL_Driver\Src\stm32f1xx_hal_i2c.o
 .text.I2C_IsAcknowledgeFailed
                0x080046e0       0x5c Drivers\STM32F1xx_HAL_Driver\Src\stm32f1xx_hal_i2c.o
 .text.I2C_ConvertOtherXferOptions
                0x0800473c       0x34 Drivers\STM32F1xx_HAL_Driver\Src\stm32f1xx_hal_i2c.o
 .text.HAL_RCC_OscConfig
                0x08004770      0x500 Drivers\STM32F1xx_HAL_Driver\Src\stm32f1xx_hal_rcc.o
                0x08004770                HAL_RCC_OscConfig
 .text.HAL_RCC_ClockConfig
                0x08004c70      0x1d4 Drivers\STM32F1xx_HAL_Driver\Src\stm32f1xx_hal_rcc.o
                0x08004c70                HAL_RCC_ClockConfig
 .text.HAL_RCC_GetSysClockFreq
                0x08004e44       0xc4 Drivers\STM32F1xx_HAL_Driver\Src\stm32f1xx_hal_rcc.o
                0x08004e44                HAL_RCC_GetSysClockFreq
 .text.HAL_RCC_GetHCLKFreq
                0x08004f08       0x14 Drivers\STM32F1xx_HAL_Driver\Src\stm32f1xx_hal_rcc.o
                0x08004f08                HAL_RCC_GetHCLKFreq
 .text.HAL_RCC_GetPCLK1Freq
                0x08004f1c       0x28 Drivers\STM32F1xx_HAL_Driver\Src\stm32f1xx_hal_rcc.o
                0x08004f1c                HAL_RCC_GetPCLK1Freq
 .text.HAL_RCC_GetPCLK2Freq
                0x08004f44       0x28 Drivers\STM32F1xx_HAL_Driver\Src\stm32f1xx_hal_rcc.o
                0x08004f44                HAL_RCC_GetPCLK2Freq
 .text.RCC_Delay
                0x08004f6c       0x3c Drivers\STM32F1xx_HAL_Driver\Src\stm32f1xx_hal_rcc.o
 .text.HAL_RCCEx_PeriphCLKConfig
                0x08004fa8      0x16c Drivers\STM32F1xx_HAL_Driver\Src\stm32f1xx_hal_rcc_ex.o
                0x08004fa8                HAL_RCCEx_PeriphCLKConfig
 .text.HAL_RCCEx_GetPeriphCLKFreq
                0x08005114      0x1d0 Drivers\STM32F1xx_HAL_Driver\Src\stm32f1xx_hal_rcc_ex.o
                0x08005114                HAL_RCCEx_GetPeriphCLKFreq
 .text.HAL_SPI_Init
                0x080052e4      0x106 Drivers\STM32F1xx_HAL_Driver\Src\stm32f1xx_hal_spi.o
                0x080052e4                HAL_SPI_Init
 .text.HAL_UART_Init
                0x080053ea       0x9a Drivers\STM32F1xx_HAL_Driver\Src\stm32f1xx_hal_uart.o
                0x080053ea                HAL_UART_Init
 .text.HAL_UART_IRQHandler
                0x08005484      0x200 Drivers\STM32F1xx_HAL_Driver\Src\stm32f1xx_hal_uart.o
                0x08005484                HAL_UART_IRQHandler
 .text.HAL_UART_TxCpltCallback
                0x08005684       0x12 Drivers\STM32F1xx_HAL_Driver\Src\stm32f1xx_hal_uart.o
                0x08005684                HAL_UART_TxCpltCallback
 .text.HAL_UART_RxCpltCallback
                0x08005696       0x12 Drivers\STM32F1xx_HAL_Driver\Src\stm32f1xx_hal_uart.o
                0x08005696                HAL_UART_RxCpltCallback
 .text.HAL_UART_ErrorCallback
                0x080056a8       0x12 Drivers\STM32F1xx_HAL_Driver\Src\stm32f1xx_hal_uart.o
                0x080056a8                HAL_UART_ErrorCallback
 .text.UART_EndRxTransfer
                0x080056ba       0x3a Drivers\STM32F1xx_HAL_Driver\Src\stm32f1xx_hal_uart.o
 .text.UART_DMAAbortOnError
                0x080056f4       0x28 Drivers\STM32F1xx_HAL_Driver\Src\stm32f1xx_hal_uart.o
 .text.UART_Transmit_IT
                0x0800571c       0x9c Drivers\STM32F1xx_HAL_Driver\Src\stm32f1xx_hal_uart.o
 .text.UART_EndTransmit_IT
                0x080057b8       0x30 Drivers\STM32F1xx_HAL_Driver\Src\stm32f1xx_hal_uart.o
 .text.UART_Receive_IT
                0x080057e8      0x100 Drivers\STM32F1xx_HAL_Driver\Src\stm32f1xx_hal_uart.o
 .text.UART_SetConfig
                0x080058e8      0x11c Drivers\STM32F1xx_HAL_Driver\Src\stm32f1xx_hal_uart.o
 .text.ADC_ref  0x08005a04      0x130 LIBerry_V0.0\C\ADC_TEST.o
                0x08005a04                ADC_ref
 .text.ADC_test_paint_255_INL
                0x08005b34      0x230 LIBerry_V0.0\C\ADC_TEST.o
                0x08005b34                ADC_test_paint_255_INL
 .text.ADC1_Read
                0x08005d64       0x48 LIBerry_V0.0\C\ADC_TEST.o
                0x08005d64                ADC1_Read
 .text.sendData
                0x08005dac       0x88 LIBerry_V0.0\C\lcd.o
                0x08005dac                sendData
 .text.initLCD  0x08005e34       0xee LIBerry_V0.0\C\lcd.o
                0x08005e34                initLCD
 .text.writeLCD
                0x08005f22       0x50 LIBerry_V0.0\C\lcd.o
                0x08005f22                writeLCD
 *fill*         0x08005f72        0x2 
 .text.writeLCD_2D
                0x08005f74       0x98 LIBerry_V0.0\C\lcd.o
                0x08005f74                writeLCD_2D
 .text.lsd_print
                0x0800600c       0x3c LIBerry_V0.0\C\lcd.o
                0x0800600c                lsd_print
 .text.moveXY   0x08006048       0x96 LIBerry_V0.0\C\lcd.o
                0x08006048                moveXY
 *fill*         0x080060de        0x2 
 .text.TEST     0x080060e0       0x64 LIBerry_V0.0\C\lcd.o
                0x080060e0                TEST
 .text.Alarm    0x08006144       0x4e LIBerry_V0.0\arm3\GPIO_ARM3.o
                0x08006144                Alarm
 .text.fail_signal
                0x08006192       0x4c LIBerry_V0.0\arm3\GPIO_ARM3.o
                0x08006192                fail_signal
 .text.PIN_HIGH
                0x080061de       0x26 LIBerry_V0.0\arm3\GPIO_ARM3.o
                0x080061de                PIN_HIGH
 .text.PIN_LOW  0x08006204       0x24 LIBerry_V0.0\arm3\GPIO_ARM3.o
                0x08006204                PIN_LOW
 .text.system_GPIO
                0x08006228       0x8c LIBerry_V0.0\arm3\GPIO_ARM3.o
                0x08006228                system_GPIO
 .text.GPIO_PIN_Mode
                0x080062b4       0x4e LIBerry_V0.0\arm3\GPIO_ARM3.o
                0x080062b4                GPIO_PIN_Mode
 *fill*         0x08006302        0x2 
 .text.main     0x08006304      0x114 Src\main.o
                0x08006304                main
 .text.SystemClock_Config
                0x08006418       0xa4 Src\main.o
                0x08006418                SystemClock_Config
 .text.MX_ADC1_Init
                0x080064bc       0x7c Src\main.o
 .text.MX_DAC_Init
                0x08006538       0x54 Src\main.o
 .text.MX_I2C1_Init
                0x0800658c       0x5c Src\main.o
 .text.MX_SPI2_Init
                0x080065e8       0x70 Src\main.o
 .text.MX_USART2_UART_Init
                0x08006658       0x54 Src\main.o
 .text.MX_GPIO_Init
                0x080066ac       0x44 Src\main.o
 .text.Error_Handler
                0x080066f0        0xc Src\main.o
                0x080066f0                Error_Handler
 .text.HAL_MspInit
                0x080066fc       0x64 Src\stm32f1xx_hal_msp.o
                0x080066fc                HAL_MspInit
 .text.HAL_ADC_MspInit
                0x08006760       0x78 Src\stm32f1xx_hal_msp.o
                0x08006760                HAL_ADC_MspInit
 .text.HAL_DAC_MspInit
                0x080067d8       0x78 Src\stm32f1xx_hal_msp.o
                0x080067d8                HAL_DAC_MspInit
 .text.HAL_I2C_MspInit
                0x08006850       0x9c Src\stm32f1xx_hal_msp.o
                0x08006850                HAL_I2C_MspInit
 .text.HAL_SPI_MspInit
                0x080068ec       0x80 Src\stm32f1xx_hal_msp.o
                0x080068ec                HAL_SPI_MspInit
 .text.HAL_UART_MspInit
                0x0800696c       0xa4 Src\stm32f1xx_hal_msp.o
                0x0800696c                HAL_UART_MspInit
 .text.NMI_Handler
                0x08006a10        0xc Src\stm32f1xx_it.o
                0x08006a10                NMI_Handler
 .text.HardFault_Handler
                0x08006a1c        0x6 Src\stm32f1xx_it.o
                0x08006a1c                HardFault_Handler
 .text.MemManage_Handler
                0x08006a22        0x6 Src\stm32f1xx_it.o
                0x08006a22                MemManage_Handler
 .text.BusFault_Handler
                0x08006a28        0x6 Src\stm32f1xx_it.o
                0x08006a28                BusFault_Handler
 .text.UsageFault_Handler
                0x08006a2e        0x6 Src\stm32f1xx_it.o
                0x08006a2e                UsageFault_Handler
 .text.SVC_Handler
                0x08006a34        0xc Src\stm32f1xx_it.o
                0x08006a34                SVC_Handler
 .text.DebugMon_Handler
                0x08006a40        0xc Src\stm32f1xx_it.o
                0x08006a40                DebugMon_Handler
 .text.PendSV_Handler
                0x08006a4c        0xc Src\stm32f1xx_it.o
                0x08006a4c                PendSV_Handler
 .text.SysTick_Handler
                0x08006a58        0xc Src\stm32f1xx_it.o
                0x08006a58                SysTick_Handler
 .text.I2C1_EV_IRQHandler
                0x08006a64       0x14 Src\stm32f1xx_it.o
                0x08006a64                I2C1_EV_IRQHandler
 .text.I2C1_ER_IRQHandler
                0x08006a78       0x14 Src\stm32f1xx_it.o
                0x08006a78                I2C1_ER_IRQHandler
 .text.USART2_IRQHandler
                0x08006a8c       0x14 Src\stm32f1xx_it.o
                0x08006a8c                USART2_IRQHandler
 .text.ITM_SendChar
                0x08006aa0       0x4c Src\syscalls.o
 .text._read    0x08006aec       0x3a Src\syscalls.o
                0x08006aec                _read
 .text._write   0x08006b26       0x38 Src\syscalls.o
                0x08006b26                _write
 *fill*         0x08006b5e        0x2 
 .text._sbrk    0x08006b60       0x58 Src\syscalls.o
                0x08006b60                _sbrk
 .text._close   0x08006bb8       0x16 Src\syscalls.o
                0x08006bb8                _close
 .text._fstat   0x08006bce       0x1e Src\syscalls.o
                0x08006bce                _fstat
 .text._isatty  0x08006bec       0x14 Src\syscalls.o
                0x08006bec                _isatty
 .text._lseek   0x08006c00       0x18 Src\syscalls.o
                0x08006c00                _lseek
 .text.SystemInit
                0x08006c18        0xc Src\system_stm32f1xx.o
                0x08006c18                SystemInit
 .text.Reset_Handler
                0x08006c24       0x48 startup\startup_stm32f103xe.o
                0x08006c24                Reset_Handler
 .text.Default_Handler
                0x08006c6c        0x2 startup\startup_stm32f103xe.o
                0x08006c6c                RTC_Alarm_IRQHandler
                0x08006c6c                EXTI2_IRQHandler
                0x08006c6c                TIM8_TRG_COM_IRQHandler
                0x08006c6c                TIM8_CC_IRQHandler
                0x08006c6c                TIM1_CC_IRQHandler
                0x08006c6c                TIM6_IRQHandler
                0x08006c6c                PVD_IRQHandler
                0x08006c6c                SDIO_IRQHandler
                0x08006c6c                EXTI3_IRQHandler
                0x08006c6c                EXTI0_IRQHandler
                0x08006c6c                I2C2_EV_IRQHandler
                0x08006c6c                ADC1_2_IRQHandler
                0x08006c6c                SPI1_IRQHandler
                0x08006c6c                TAMPER_IRQHandler
                0x08006c6c                TIM8_UP_IRQHandler
                0x08006c6c                DMA2_Channel2_IRQHandler
                0x08006c6c                DMA1_Channel4_IRQHandler
                0x08006c6c                USART3_IRQHandler
                0x08006c6c                RTC_IRQHandler
                0x08006c6c                DMA1_Channel7_IRQHandler
                0x08006c6c                CAN1_RX1_IRQHandler
                0x08006c6c                UART5_IRQHandler
                0x08006c6c                ADC3_IRQHandler
                0x08006c6c                TIM4_IRQHandler
                0x08006c6c                DMA2_Channel1_IRQHandler
                0x08006c6c                DMA1_Channel6_IRQHandler
                0x08006c6c                UART4_IRQHandler
                0x08006c6c                TIM3_IRQHandler
                0x08006c6c                RCC_IRQHandler
                0x08006c6c                TIM1_TRG_COM_IRQHandler
                0x08006c6c                DMA1_Channel1_IRQHandler
                0x08006c6c                Default_Handler
                0x08006c6c                EXTI15_10_IRQHandler
                0x08006c6c                TIM7_IRQHandler
                0x08006c6c                TIM5_IRQHandler
                0x08006c6c                EXTI9_5_IRQHandler
                0x08006c6c                SPI2_IRQHandler
                0x08006c6c                DMA1_Channel5_IRQHandler
                0x08006c6c                EXTI4_IRQHandler
                0x08006c6c                USB_LP_CAN1_RX0_IRQHandler
                0x08006c6c                USB_HP_CAN1_TX_IRQHandler
                0x08006c6c                DMA1_Channel3_IRQHandler
                0x08006c6c                FSMC_IRQHandler
                0x08006c6c                TIM1_UP_IRQHandler
                0x08006c6c                WWDG_IRQHandler
                0x08006c6c                TIM2_IRQHandler
                0x08006c6c                TIM1_BRK_IRQHandler
                0x08006c6c                EXTI1_IRQHandler
                0x08006c6c                DMA2_Channel4_5_IRQHandler
                0x08006c6c                I2C2_ER_IRQHandler
                0x08006c6c                DMA1_Channel2_IRQHandler
                0x08006c6c                TIM8_BRK_IRQHandler
                0x08006c6c                CAN1_SCE_IRQHandler
                0x08006c6c                FLASH_IRQHandler
                0x08006c6c                USART1_IRQHandler
                0x08006c6c                SPI3_IRQHandler
                0x08006c6c                USBWakeUp_IRQHandler
                0x08006c6c                DMA2_Channel3_IRQHandler
 *fill*         0x08006c6e        0x2 
 .text.__errno  0x08006c70        0xc d:/programm/atolik/truestudio for stm32 9.3.0/armtools/bin/../lib/gcc/arm-atollic-eabi/6.3.1/../../../../arm-atollic-eabi/lib/armv7-m\libc.a(lib_a-errno.o)
                0x08006c70                __errno
 .text.__libc_init_array
                0x08006c7c       0x48 d:/programm/atolik/truestudio for stm32 9.3.0/armtools/bin/../lib/gcc/arm-atollic-eabi/6.3.1/../../../../arm-atollic-eabi/lib/armv7-m\libc.a(lib_a-init.o)
                0x08006c7c                __libc_init_array
 .text.malloc   0x08006cc4       0x10 d:/programm/atolik/truestudio for stm32 9.3.0/armtools/bin/../lib/gcc/arm-atollic-eabi/6.3.1/../../../../arm-atollic-eabi/lib/armv7-m\libc.a(lib_a-malloc.o)
                0x08006cc4                malloc
 .text._malloc_r
                0x08006cd4      0x418 d:/programm/atolik/truestudio for stm32 9.3.0/armtools/bin/../lib/gcc/arm-atollic-eabi/6.3.1/../../../../arm-atollic-eabi/lib/armv7-m\libc.a(lib_a-mallocr.o)
                0x08006cd4                _malloc_r
 .text.memcpy   0x080070ec       0x16 d:/programm/atolik/truestudio for stm32 9.3.0/armtools/bin/../lib/gcc/arm-atollic-eabi/6.3.1/../../../../arm-atollic-eabi/lib/armv7-m\libc.a(lib_a-memcpy-stub.o)
                0x080070ec                memcpy
 .text.memset   0x08007102       0x10 d:/programm/atolik/truestudio for stm32 9.3.0/armtools/bin/../lib/gcc/arm-atollic-eabi/6.3.1/../../../../arm-atollic-eabi/lib/armv7-m\libc.a(lib_a-memset.o)
                0x08007102                memset
 *fill*         0x08007112        0x2 
 .text.__malloc_lock
                0x08007114        0xc d:/programm/atolik/truestudio for stm32 9.3.0/armtools/bin/../lib/gcc/arm-atollic-eabi/6.3.1/../../../../arm-atollic-eabi/lib/armv7-m\libc.a(lib_a-mlock.o)
                0x08007114                __malloc_lock
 .text.__malloc_unlock
                0x08007120        0xc d:/programm/atolik/truestudio for stm32 9.3.0/armtools/bin/../lib/gcc/arm-atollic-eabi/6.3.1/../../../../arm-atollic-eabi/lib/armv7-m\libc.a(lib_a-mlock.o)
                0x08007120                __malloc_unlock
 .text.printf   0x0800712c       0x30 d:/programm/atolik/truestudio for stm32 9.3.0/armtools/bin/../lib/gcc/arm-atollic-eabi/6.3.1/../../../../arm-atollic-eabi/lib/armv7-m\libc.a(lib_a-printf.o)
                0x0800712c                printf
 .text._puts_r  0x0800715c       0xc0 d:/programm/atolik/truestudio for stm32 9.3.0/armtools/bin/../lib/gcc/arm-atollic-eabi/6.3.1/../../../../arm-atollic-eabi/lib/armv7-m\libc.a(lib_a-puts.o)
                0x0800715c                _puts_r
 .text.puts     0x0800721c       0x10 d:/programm/atolik/truestudio for stm32 9.3.0/armtools/bin/../lib/gcc/arm-atollic-eabi/6.3.1/../../../../arm-atollic-eabi/lib/armv7-m\libc.a(lib_a-puts.o)
                0x0800721c                puts
 .text._sbrk_r  0x0800722c       0x20 d:/programm/atolik/truestudio for stm32 9.3.0/armtools/bin/../lib/gcc/arm-atollic-eabi/6.3.1/../../../../arm-atollic-eabi/lib/armv7-m\libc.a(lib_a-sbrkr.o)
                0x0800722c                _sbrk_r
 .text.snprintf
                0x0800724c       0x68 d:/programm/atolik/truestudio for stm32 9.3.0/armtools/bin/../lib/gcc/arm-atollic-eabi/6.3.1/../../../../arm-atollic-eabi/lib/armv7-m\libc.a(lib_a-snprintf.o)
                0x0800724c                snprintf
 .text._svfprintf_r
                0x080072b4      0xfa0 d:/programm/atolik/truestudio for stm32 9.3.0/armtools/bin/../lib/gcc/arm-atollic-eabi/6.3.1/../../../../arm-atollic-eabi/lib/armv7-m\libc.a(lib_a-svfprintf.o)
                0x080072b4                _svfprintf_r
 .text._vfprintf_r
                0x08008254     0x106c d:/programm/atolik/truestudio for stm32 9.3.0/armtools/bin/../lib/gcc/arm-atollic-eabi/6.3.1/../../../../arm-atollic-eabi/lib/armv7-m\libc.a(lib_a-vfprintf.o)
                0x08008254                _vfprintf_r
 .text.__sbprintf
                0x080092c0       0x80 d:/programm/atolik/truestudio for stm32 9.3.0/armtools/bin/../lib/gcc/arm-atollic-eabi/6.3.1/../../../../arm-atollic-eabi/lib/armv7-m\libc.a(lib_a-vfprintf.o)
 .text.__swsetup_r
                0x08009340       0xdc d:/programm/atolik/truestudio for stm32 9.3.0/armtools/bin/../lib/gcc/arm-atollic-eabi/6.3.1/../../../../arm-atollic-eabi/lib/armv7-m\libc.a(lib_a-wsetup.o)
                0x08009340                __swsetup_r
 .text.quorem   0x0800941c      0x118 d:/programm/atolik/truestudio for stm32 9.3.0/armtools/bin/../lib/gcc/arm-atollic-eabi/6.3.1/../../../../arm-atollic-eabi/lib/armv7-m\libc.a(lib_a-dtoa.o)
 *fill*         0x08009534        0x4 
 .text._dtoa_r  0x08009538      0xba8 d:/programm/atolik/truestudio for stm32 9.3.0/armtools/bin/../lib/gcc/arm-atollic-eabi/6.3.1/../../../../arm-atollic-eabi/lib/armv7-m\libc.a(lib_a-dtoa.o)
                0x08009538                _dtoa_r
 .text.__sflush_r
                0x0800a0e0      0x124 d:/programm/atolik/truestudio for stm32 9.3.0/armtools/bin/../lib/gcc/arm-atollic-eabi/6.3.1/../../../../arm-atollic-eabi/lib/armv7-m\libc.a(lib_a-fflush.o)
                0x0800a0e0                __sflush_r
 .text._fflush_r
                0x0800a204       0x78 d:/programm/atolik/truestudio for stm32 9.3.0/armtools/bin/../lib/gcc/arm-atollic-eabi/6.3.1/../../../../arm-atollic-eabi/lib/armv7-m\libc.a(lib_a-fflush.o)
                0x0800a204                _fflush_r
 .text._cleanup_r
                0x0800a27c        0xc d:/programm/atolik/truestudio for stm32 9.3.0/armtools/bin/../lib/gcc/arm-atollic-eabi/6.3.1/../../../../arm-atollic-eabi/lib/armv7-m\libc.a(lib_a-findfp.o)
                0x0800a27c                _cleanup_r
 .text.std.isra.0
                0x0800a288       0x48 d:/programm/atolik/truestudio for stm32 9.3.0/armtools/bin/../lib/gcc/arm-atollic-eabi/6.3.1/../../../../arm-atollic-eabi/lib/armv7-m\libc.a(lib_a-findfp.o)
 .text.__sfmoreglue
                0x0800a2d0       0x2c d:/programm/atolik/truestudio for stm32 9.3.0/armtools/bin/../lib/gcc/arm-atollic-eabi/6.3.1/../../../../arm-atollic-eabi/lib/armv7-m\libc.a(lib_a-findfp.o)
                0x0800a2d0                __sfmoreglue
 .text.__sfp_lock_acquire
                0x0800a2fc        0xc d:/programm/atolik/truestudio for stm32 9.3.0/armtools/bin/../lib/gcc/arm-atollic-eabi/6.3.1/../../../../arm-atollic-eabi/lib/armv7-m\libc.a(lib_a-findfp.o)
                0x0800a2fc                __sfp_lock_acquire
 .text.__sfp_lock_release
                0x0800a308        0xc d:/programm/atolik/truestudio for stm32 9.3.0/armtools/bin/../lib/gcc/arm-atollic-eabi/6.3.1/../../../../arm-atollic-eabi/lib/armv7-m\libc.a(lib_a-findfp.o)
                0x0800a308                __sfp_lock_release
 .text.__sinit_lock_acquire
                0x0800a314        0xc d:/programm/atolik/truestudio for stm32 9.3.0/armtools/bin/../lib/gcc/arm-atollic-eabi/6.3.1/../../../../arm-atollic-eabi/lib/armv7-m\libc.a(lib_a-findfp.o)
                0x0800a314                __sinit_lock_acquire
 .text.__sinit_lock_release
                0x0800a320        0xc d:/programm/atolik/truestudio for stm32 9.3.0/armtools/bin/../lib/gcc/arm-atollic-eabi/6.3.1/../../../../arm-atollic-eabi/lib/armv7-m\libc.a(lib_a-findfp.o)
                0x0800a320                __sinit_lock_release
 .text.__sinit  0x0800a32c       0x78 d:/programm/atolik/truestudio for stm32 9.3.0/armtools/bin/../lib/gcc/arm-atollic-eabi/6.3.1/../../../../arm-atollic-eabi/lib/armv7-m\libc.a(lib_a-findfp.o)
                0x0800a32c                __sinit
 .text.__sfp    0x0800a3a4       0x8c d:/programm/atolik/truestudio for stm32 9.3.0/armtools/bin/../lib/gcc/arm-atollic-eabi/6.3.1/../../../../arm-atollic-eabi/lib/armv7-m\libc.a(lib_a-findfp.o)
                0x0800a3a4                __sfp
 .text._malloc_trim_r
                0x0800a430       0xac d:/programm/atolik/truestudio for stm32 9.3.0/armtools/bin/../lib/gcc/arm-atollic-eabi/6.3.1/../../../../arm-atollic-eabi/lib/armv7-m\libc.a(lib_a-freer.o)
                0x0800a430                _malloc_trim_r
 .text._free_r  0x0800a4dc      0x178 d:/programm/atolik/truestudio for stm32 9.3.0/armtools/bin/../lib/gcc/arm-atollic-eabi/6.3.1/../../../../arm-atollic-eabi/lib/armv7-m\libc.a(lib_a-freer.o)
                0x0800a4dc                _free_r
 .text.__sfvwrite_r
                0x0800a654      0x29c d:/programm/atolik/truestudio for stm32 9.3.0/armtools/bin/../lib/gcc/arm-atollic-eabi/6.3.1/../../../../arm-atollic-eabi/lib/armv7-m\libc.a(lib_a-fvwrite.o)
                0x0800a654                __sfvwrite_r
 .text._fwalk_reent
                0x0800a8f0       0x3c d:/programm/atolik/truestudio for stm32 9.3.0/armtools/bin/../lib/gcc/arm-atollic-eabi/6.3.1/../../../../arm-atollic-eabi/lib/armv7-m\libc.a(lib_a-fwalk.o)
                0x0800a8f0                _fwalk_reent
 .text._localeconv_r
                0x0800a92c       0x1c d:/programm/atolik/truestudio for stm32 9.3.0/armtools/bin/../lib/gcc/arm-atollic-eabi/6.3.1/../../../../arm-atollic-eabi/lib/armv7-m\libc.a(lib_a-localeconv.o)
                0x0800a92c                _localeconv_r
 .text.__retarget_lock_init_recursive
                0x0800a948        0x2 d:/programm/atolik/truestudio for stm32 9.3.0/armtools/bin/../lib/gcc/arm-atollic-eabi/6.3.1/../../../../arm-atollic-eabi/lib/armv7-m\libc.a(lib_a-lock.o)
                0x0800a948                __retarget_lock_init_recursive
 .text.__retarget_lock_close_recursive
                0x0800a94a        0x2 d:/programm/atolik/truestudio for stm32 9.3.0/armtools/bin/../lib/gcc/arm-atollic-eabi/6.3.1/../../../../arm-atollic-eabi/lib/armv7-m\libc.a(lib_a-lock.o)
                0x0800a94a                __retarget_lock_close_recursive
 .text.__retarget_lock_acquire_recursive
                0x0800a94c        0x2 d:/programm/atolik/truestudio for stm32 9.3.0/armtools/bin/../lib/gcc/arm-atollic-eabi/6.3.1/../../../../arm-atollic-eabi/lib/armv7-m\libc.a(lib_a-lock.o)
                0x0800a94c                __retarget_lock_acquire_recursive
 .text.__retarget_lock_release_recursive
                0x0800a94e        0x2 d:/programm/atolik/truestudio for stm32 9.3.0/armtools/bin/../lib/gcc/arm-atollic-eabi/6.3.1/../../../../arm-atollic-eabi/lib/armv7-m\libc.a(lib_a-lock.o)
                0x0800a94e                __retarget_lock_release_recursive
 .text.__swhatbuf_r
                0x0800a950       0x56 d:/programm/atolik/truestudio for stm32 9.3.0/armtools/bin/../lib/gcc/arm-atollic-eabi/6.3.1/../../../../arm-atollic-eabi/lib/armv7-m\libc.a(lib_a-makebuf.o)
                0x0800a950                __swhatbuf_r
 *fill*         0x0800a9a6        0x2 
 .text.__smakebuf_r
                0x0800a9a8       0x80 d:/programm/atolik/truestudio for stm32 9.3.0/armtools/bin/../lib/gcc/arm-atollic-eabi/6.3.1/../../../../arm-atollic-eabi/lib/armv7-m\libc.a(lib_a-makebuf.o)
                0x0800a9a8                __smakebuf_r
 .text.memchr   0x0800aa28       0x1c d:/programm/atolik/truestudio for stm32 9.3.0/armtools/bin/../lib/gcc/arm-atollic-eabi/6.3.1/../../../../arm-atollic-eabi/lib/armv7-m\libc.a(lib_a-memchr-stub.o)
                0x0800aa28                memchr
 .text.memmove  0x0800aa44       0x34 d:/programm/atolik/truestudio for stm32 9.3.0/armtools/bin/../lib/gcc/arm-atollic-eabi/6.3.1/../../../../arm-atollic-eabi/lib/armv7-m\libc.a(lib_a-memmove.o)
                0x0800aa44                memmove
 .text._Balloc  0x0800aa78       0x68 d:/programm/atolik/truestudio for stm32 9.3.0/armtools/bin/../lib/gcc/arm-atollic-eabi/6.3.1/../../../../arm-atollic-eabi/lib/armv7-m\libc.a(lib_a-mprec.o)
                0x0800aa78                _Balloc
 .text._Bfree   0x0800aae0       0x2e d:/programm/atolik/truestudio for stm32 9.3.0/armtools/bin/../lib/gcc/arm-atollic-eabi/6.3.1/../../../../arm-atollic-eabi/lib/armv7-m\libc.a(lib_a-mprec.o)
                0x0800aae0                _Bfree
 .text.__multadd
                0x0800ab0e       0x76 d:/programm/atolik/truestudio for stm32 9.3.0/armtools/bin/../lib/gcc/arm-atollic-eabi/6.3.1/../../../../arm-atollic-eabi/lib/armv7-m\libc.a(lib_a-mprec.o)
                0x0800ab0e                __multadd
 .text.__hi0bits
                0x0800ab84       0x3e d:/programm/atolik/truestudio for stm32 9.3.0/armtools/bin/../lib/gcc/arm-atollic-eabi/6.3.1/../../../../arm-atollic-eabi/lib/armv7-m\libc.a(lib_a-mprec.o)
                0x0800ab84                __hi0bits
 .text.__lo0bits
                0x0800abc2       0x5e d:/programm/atolik/truestudio for stm32 9.3.0/armtools/bin/../lib/gcc/arm-atollic-eabi/6.3.1/../../../../arm-atollic-eabi/lib/armv7-m\libc.a(lib_a-mprec.o)
                0x0800abc2                __lo0bits
 .text.__i2b    0x0800ac20       0x12 d:/programm/atolik/truestudio for stm32 9.3.0/armtools/bin/../lib/gcc/arm-atollic-eabi/6.3.1/../../../../arm-atollic-eabi/lib/armv7-m\libc.a(lib_a-mprec.o)
                0x0800ac20                __i2b
 .text.__multiply
                0x0800ac32      0x118 d:/programm/atolik/truestudio for stm32 9.3.0/armtools/bin/../lib/gcc/arm-atollic-eabi/6.3.1/../../../../arm-atollic-eabi/lib/armv7-m\libc.a(lib_a-mprec.o)
                0x0800ac32                __multiply
 *fill*         0x0800ad4a        0x2 
 .text.__pow5mult
                0x0800ad4c       0x9c d:/programm/atolik/truestudio for stm32 9.3.0/armtools/bin/../lib/gcc/arm-atollic-eabi/6.3.1/../../../../arm-atollic-eabi/lib/armv7-m\libc.a(lib_a-mprec.o)
                0x0800ad4c                __pow5mult
 .text.__lshift
                0x0800ade8       0xa2 d:/programm/atolik/truestudio for stm32 9.3.0/armtools/bin/../lib/gcc/arm-atollic-eabi/6.3.1/../../../../arm-atollic-eabi/lib/armv7-m\libc.a(lib_a-mprec.o)
                0x0800ade8                __lshift
 .text.__mcmp   0x0800ae8a       0x34 d:/programm/atolik/truestudio for stm32 9.3.0/armtools/bin/../lib/gcc/arm-atollic-eabi/6.3.1/../../../../arm-atollic-eabi/lib/armv7-m\libc.a(lib_a-mprec.o)
                0x0800ae8a                __mcmp
 .text.__mdiff  0x0800aebe       0xbe d:/programm/atolik/truestudio for stm32 9.3.0/armtools/bin/../lib/gcc/arm-atollic-eabi/6.3.1/../../../../arm-atollic-eabi/lib/armv7-m\libc.a(lib_a-mprec.o)
                0x0800aebe                __mdiff
 .text.__d2b    0x0800af7c       0x9e d:/programm/atolik/truestudio for stm32 9.3.0/armtools/bin/../lib/gcc/arm-atollic-eabi/6.3.1/../../../../arm-atollic-eabi/lib/armv7-m\libc.a(lib_a-mprec.o)
                0x0800af7c                __d2b
 *fill*         0x0800b01a        0x2 
 .text._realloc_r
                0x0800b01c      0x304 d:/programm/atolik/truestudio for stm32 9.3.0/armtools/bin/../lib/gcc/arm-atollic-eabi/6.3.1/../../../../arm-atollic-eabi/lib/armv7-m\libc.a(lib_a-reallocr.o)
                0x0800b01c                _realloc_r
 .text.__sread  0x0800b320       0x22 d:/programm/atolik/truestudio for stm32 9.3.0/armtools/bin/../lib/gcc/arm-atollic-eabi/6.3.1/../../../../arm-atollic-eabi/lib/armv7-m\libc.a(lib_a-stdio.o)
                0x0800b320                __sread
 .text.__swrite
                0x0800b342       0x38 d:/programm/atolik/truestudio for stm32 9.3.0/armtools/bin/../lib/gcc/arm-atollic-eabi/6.3.1/../../../../arm-atollic-eabi/lib/armv7-m\libc.a(lib_a-stdio.o)
                0x0800b342                __swrite
 .text.__sseek  0x0800b37a       0x24 d:/programm/atolik/truestudio for stm32 9.3.0/armtools/bin/../lib/gcc/arm-atollic-eabi/6.3.1/../../../../arm-atollic-eabi/lib/armv7-m\libc.a(lib_a-stdio.o)
                0x0800b37a                __sseek
 .text.__sclose
                0x0800b39e        0x8 d:/programm/atolik/truestudio for stm32 9.3.0/armtools/bin/../lib/gcc/arm-atollic-eabi/6.3.1/../../../../arm-atollic-eabi/lib/armv7-m\libc.a(lib_a-stdio.o)
                0x0800b39e                __sclose
 .text.__ssprint_r
                0x0800b3a6       0xf4 d:/programm/atolik/truestudio for stm32 9.3.0/armtools/bin/../lib/gcc/arm-atollic-eabi/6.3.1/../../../../arm-atollic-eabi/lib/armv7-m\libc.a(lib_a-svfiprintf.o)
                0x0800b3a6                __ssprint_r
 .text.__sprint_r
                0x0800b49a       0x6a d:/programm/atolik/truestudio for stm32 9.3.0/armtools/bin/../lib/gcc/arm-atollic-eabi/6.3.1/../../../../arm-atollic-eabi/lib/armv7-m\libc.a(lib_a-vfiprintf.o)
                0x0800b49a                __sprint_r
 .text._write_r
                0x0800b504       0x24 d:/programm/atolik/truestudio for stm32 9.3.0/armtools/bin/../lib/gcc/arm-atollic-eabi/6.3.1/../../../../arm-atollic-eabi/lib/armv7-m\libc.a(lib_a-writer.o)
                0x0800b504                _write_r
 .text._calloc_r
                0x0800b528       0x5a d:/programm/atolik/truestudio for stm32 9.3.0/armtools/bin/../lib/gcc/arm-atollic-eabi/6.3.1/../../../../arm-atollic-eabi/lib/armv7-m\libc.a(lib_a-callocr.o)
                0x0800b528                _calloc_r
 *fill*         0x0800b582        0x2 
 .text._close_r
                0x0800b584       0x20 d:/programm/atolik/truestudio for stm32 9.3.0/armtools/bin/../lib/gcc/arm-atollic-eabi/6.3.1/../../../../arm-atollic-eabi/lib/armv7-m\libc.a(lib_a-closer.o)
                0x0800b584                _close_r
 .text._fclose_r
                0x0800b5a4       0xd8 d:/programm/atolik/truestudio for stm32 9.3.0/armtools/bin/../lib/gcc/arm-atollic-eabi/6.3.1/../../../../arm-atollic-eabi/lib/armv7-m\libc.a(lib_a-fclose.o)
                0x0800b5a4                _fclose_r
 .text.__fputwc
                0x0800b67c       0x82 d:/programm/atolik/truestudio for stm32 9.3.0/armtools/bin/../lib/gcc/arm-atollic-eabi/6.3.1/../../../../arm-atollic-eabi/lib/armv7-m\libc.a(lib_a-fputwc.o)
                0x0800b67c                __fputwc
 .text._fputwc_r
                0x0800b6fe       0x52 d:/programm/atolik/truestudio for stm32 9.3.0/armtools/bin/../lib/gcc/arm-atollic-eabi/6.3.1/../../../../arm-atollic-eabi/lib/armv7-m\libc.a(lib_a-fputwc.o)
                0x0800b6fe                _fputwc_r
 .text._fstat_r
                0x0800b750       0x24 d:/programm/atolik/truestudio for stm32 9.3.0/armtools/bin/../lib/gcc/arm-atollic-eabi/6.3.1/../../../../arm-atollic-eabi/lib/armv7-m\libc.a(lib_a-fstatr.o)
                0x0800b750                _fstat_r
 .text._isatty_r
                0x0800b774       0x20 d:/programm/atolik/truestudio for stm32 9.3.0/armtools/bin/../lib/gcc/arm-atollic-eabi/6.3.1/../../../../arm-atollic-eabi/lib/armv7-m\libc.a(lib_a-isattyr.o)
                0x0800b774                _isatty_r
 .text.__locale_mb_cur_max
                0x0800b794       0x1c d:/programm/atolik/truestudio for stm32 9.3.0/armtools/bin/../lib/gcc/arm-atollic-eabi/6.3.1/../../../../arm-atollic-eabi/lib/armv7-m\libc.a(lib_a-locale.o)
                0x0800b794                __locale_mb_cur_max
 .text._lseek_r
                0x0800b7b0       0x24 d:/programm/atolik/truestudio for stm32 9.3.0/armtools/bin/../lib/gcc/arm-atollic-eabi/6.3.1/../../../../arm-atollic-eabi/lib/armv7-m\libc.a(lib_a-lseekr.o)
                0x0800b7b0                _lseek_r
 .text.__ascii_mbtowc
                0x0800b7d4       0x24 d:/programm/atolik/truestudio for stm32 9.3.0/armtools/bin/../lib/gcc/arm-atollic-eabi/6.3.1/../../../../arm-atollic-eabi/lib/armv7-m\libc.a(lib_a-mbtowc_r.o)
                0x0800b7d4                __ascii_mbtowc
 .text._read_r  0x0800b7f8       0x24 d:/programm/atolik/truestudio for stm32 9.3.0/armtools/bin/../lib/gcc/arm-atollic-eabi/6.3.1/../../../../arm-atollic-eabi/lib/armv7-m\libc.a(lib_a-readr.o)
                0x0800b7f8                _read_r
 .text.__swbuf_r
                0x0800b81c       0xbc d:/programm/atolik/truestudio for stm32 9.3.0/armtools/bin/../lib/gcc/arm-atollic-eabi/6.3.1/../../../../arm-atollic-eabi/lib/armv7-m\libc.a(lib_a-wbuf.o)
                0x0800b81c                __swbuf_r
 .text._wcrtomb_r
                0x0800b8d8       0x50 d:/programm/atolik/truestudio for stm32 9.3.0/armtools/bin/../lib/gcc/arm-atollic-eabi/6.3.1/../../../../arm-atollic-eabi/lib/armv7-m\libc.a(lib_a-wcrtomb.o)
                0x0800b8d8                _wcrtomb_r
 .text.__ascii_wctomb
                0x0800b928       0x1a d:/programm/atolik/truestudio for stm32 9.3.0/armtools/bin/../lib/gcc/arm-atollic-eabi/6.3.1/../../../../arm-atollic-eabi/lib/armv7-m\libc.a(lib_a-wctomb_r.o)
                0x0800b928                __ascii_wctomb
 *(.glue_7)
 .glue_7        0x0800b942        0x0 linker stubs
 *(.glue_7t)
 .glue_7t       0x0800b942        0x0 linker stubs
 *(.eh_frame)
 *fill*         0x0800b942        0x2 
 .eh_frame      0x0800b944        0x0 d:/programm/atolik/truestudio for stm32 9.3.0/armtools/bin/../lib/gcc/arm-atollic-eabi/6.3.1/armv7-m/crtbegin.o
 *(.init)
 .init          0x0800b944        0x4 d:/programm/atolik/truestudio for stm32 9.3.0/armtools/bin/../lib/gcc/arm-atollic-eabi/6.3.1/armv7-m/crti.o
                0x0800b944                _init
 .init          0x0800b948        0x8 d:/programm/atolik/truestudio for stm32 9.3.0/armtools/bin/../lib/gcc/arm-atollic-eabi/6.3.1/armv7-m/crtn.o
 *(.fini)
 .fini          0x0800b950        0x4 d:/programm/atolik/truestudio for stm32 9.3.0/armtools/bin/../lib/gcc/arm-atollic-eabi/6.3.1/armv7-m/crti.o
                0x0800b950                _fini
 .fini          0x0800b954        0x8 d:/programm/atolik/truestudio for stm32 9.3.0/armtools/bin/../lib/gcc/arm-atollic-eabi/6.3.1/armv7-m/crtn.o
                0x0800b95c                . = ALIGN (0x4)
                0x0800b95c                _etext = .

.vfp11_veneer   0x0800b95c        0x0
 .vfp11_veneer  0x0800b95c        0x0 linker stubs

.v4_bx          0x0800b95c        0x0
 .v4_bx         0x0800b95c        0x0 linker stubs

.iplt           0x0800b95c        0x0
 .iplt          0x0800b95c        0x0 d:/programm/atolik/truestudio for stm32 9.3.0/armtools/bin/../lib/gcc/arm-atollic-eabi/6.3.1/armv7-m/crtbegin.o

.rodata         0x0800b960      0x428
                0x0800b960                . = ALIGN (0x4)
 *(.rodata)
 .rodata        0x0800b960       0x12 Drivers\STM32F1xx_HAL_Driver\Src\stm32f1xx_hal_rcc.o
 *fill*         0x0800b972        0x2 
 .rodata        0x0800b974       0x12 Drivers\STM32F1xx_HAL_Driver\Src\stm32f1xx_hal_rcc_ex.o
 *fill*         0x0800b986        0x2 
 .rodata        0x0800b988       0x7e LIBerry_V0.0\C\ADC_TEST.o
 *fill*         0x0800ba06        0x2 
 .rodata        0x0800ba08       0x57 LIBerry_V0.0\C\lcd.o
 *fill*         0x0800ba5f        0x1 
 .rodata        0x0800ba60       0x1b Src\main.o
 *(.rodata*)
 *fill*         0x0800ba7b        0x1 
 .rodata.AHBPrescTable
                0x0800ba7c       0x10 Src\system_stm32f1xx.o
                0x0800ba7c                AHBPrescTable
 .rodata.APBPrescTable
                0x0800ba8c        0x8 Src\system_stm32f1xx.o
                0x0800ba8c                APBPrescTable
 .rodata._global_impure_ptr
                0x0800ba94        0x4 d:/programm/atolik/truestudio for stm32 9.3.0/armtools/bin/../lib/gcc/arm-atollic-eabi/6.3.1/../../../../arm-atollic-eabi/lib/armv7-m\libc.a(lib_a-impure.o)
                0x0800ba94                _global_impure_ptr
 .rodata._puts_r.str1.1
                0x0800ba98        0x2 d:/programm/atolik/truestudio for stm32 9.3.0/armtools/bin/../lib/gcc/arm-atollic-eabi/6.3.1/../../../../arm-atollic-eabi/lib/armv7-m\libc.a(lib_a-puts.o)
 .rodata._svfprintf_r.str1.1
                0x0800ba9a       0x34 d:/programm/atolik/truestudio for stm32 9.3.0/armtools/bin/../lib/gcc/arm-atollic-eabi/6.3.1/../../../../arm-atollic-eabi/lib/armv7-m\libc.a(lib_a-svfprintf.o)
 .rodata.blanks.7236
                0x0800bace       0x10 d:/programm/atolik/truestudio for stm32 9.3.0/armtools/bin/../lib/gcc/arm-atollic-eabi/6.3.1/../../../../arm-atollic-eabi/lib/armv7-m\libc.a(lib_a-svfprintf.o)
 .rodata.zeroes.7237
                0x0800bade       0x10 d:/programm/atolik/truestudio for stm32 9.3.0/armtools/bin/../lib/gcc/arm-atollic-eabi/6.3.1/../../../../arm-atollic-eabi/lib/armv7-m\libc.a(lib_a-svfprintf.o)
 .rodata._vfprintf_r.str1.1
                0x0800baee       0x34 d:/programm/atolik/truestudio for stm32 9.3.0/armtools/bin/../lib/gcc/arm-atollic-eabi/6.3.1/../../../../arm-atollic-eabi/lib/armv7-m\libc.a(lib_a-vfprintf.o)
 .rodata.blanks.7251
                0x0800baee       0x10 d:/programm/atolik/truestudio for stm32 9.3.0/armtools/bin/../lib/gcc/arm-atollic-eabi/6.3.1/../../../../arm-atollic-eabi/lib/armv7-m\libc.a(lib_a-vfprintf.o)
 .rodata.zeroes.7252
                0x0800bafe       0x10 d:/programm/atolik/truestudio for stm32 9.3.0/armtools/bin/../lib/gcc/arm-atollic-eabi/6.3.1/../../../../arm-atollic-eabi/lib/armv7-m\libc.a(lib_a-vfprintf.o)
 .rodata._dtoa_r.str1.1
                0x0800bb0e        0xd d:/programm/atolik/truestudio for stm32 9.3.0/armtools/bin/../lib/gcc/arm-atollic-eabi/6.3.1/../../../../arm-atollic-eabi/lib/armv7-m\libc.a(lib_a-dtoa.o)
                                  0xf (size before relaxing)
 *fill*         0x0800bb1b        0x1 
 .rodata.__sf_fake_stderr
                0x0800bb1c       0x20 d:/programm/atolik/truestudio for stm32 9.3.0/armtools/bin/../lib/gcc/arm-atollic-eabi/6.3.1/../../../../arm-atollic-eabi/lib/armv7-m\libc.a(lib_a-findfp.o)
                0x0800bb1c                __sf_fake_stderr
 .rodata.__sf_fake_stdin
                0x0800bb3c       0x20 d:/programm/atolik/truestudio for stm32 9.3.0/armtools/bin/../lib/gcc/arm-atollic-eabi/6.3.1/../../../../arm-atollic-eabi/lib/armv7-m\libc.a(lib_a-findfp.o)
                0x0800bb3c                __sf_fake_stdin
 .rodata.__sf_fake_stdout
                0x0800bb5c       0x20 d:/programm/atolik/truestudio for stm32 9.3.0/armtools/bin/../lib/gcc/arm-atollic-eabi/6.3.1/../../../../arm-atollic-eabi/lib/armv7-m\libc.a(lib_a-findfp.o)
                0x0800bb5c                __sf_fake_stdout
 *fill*         0x0800bb7c        0x4 
 .rodata.__mprec_bigtens
                0x0800bb80       0x28 d:/programm/atolik/truestudio for stm32 9.3.0/armtools/bin/../lib/gcc/arm-atollic-eabi/6.3.1/../../../../arm-atollic-eabi/lib/armv7-m\libc.a(lib_a-mprec.o)
                0x0800bb80                __mprec_bigtens
 .rodata.__mprec_tens
                0x0800bba8       0xc8 d:/programm/atolik/truestudio for stm32 9.3.0/armtools/bin/../lib/gcc/arm-atollic-eabi/6.3.1/../../../../arm-atollic-eabi/lib/armv7-m\libc.a(lib_a-mprec.o)
                0x0800bba8                __mprec_tens
 .rodata.p05.6073
                0x0800bc70        0xc d:/programm/atolik/truestudio for stm32 9.3.0/armtools/bin/../lib/gcc/arm-atollic-eabi/6.3.1/../../../../arm-atollic-eabi/lib/armv7-m\libc.a(lib_a-mprec.o)
 .rodata._setlocale_r.str1.1
                0x0800bc7c        0x8 d:/programm/atolik/truestudio for stm32 9.3.0/armtools/bin/../lib/gcc/arm-atollic-eabi/6.3.1/../../../../arm-atollic-eabi/lib/armv7-m\libc.a(lib_a-locale.o)
                                  0x9 (size before relaxing)
 .rodata.str1.1
                0x0800bc84        0x2 d:/programm/atolik/truestudio for stm32 9.3.0/armtools/bin/../lib/gcc/arm-atollic-eabi/6.3.1/../../../../arm-atollic-eabi/lib/armv7-m\libc.a(lib_a-locale.o)
 .rodata._ctype_
                0x0800bc86      0x101 d:/programm/atolik/truestudio for stm32 9.3.0/armtools/bin/../lib/gcc/arm-atollic-eabi/6.3.1/../../../../arm-atollic-eabi/lib/armv7-m\libc.a(lib_a-ctype_.o)
                0x0800bc86                _ctype_
                0x0800bd88                . = ALIGN (0x4)
 *fill*         0x0800bd87        0x1 

.ARM.extab
 *(.ARM.extab* .gnu.linkonce.armextab.*)

.ARM            0x0800bd88        0x8
                0x0800bd88                __exidx_start = .
 *(.ARM.exidx*)
 .ARM.exidx     0x0800bd88        0x8 d:/programm/atolik/truestudio for stm32 9.3.0/armtools/bin/../lib/gcc/arm-atollic-eabi/6.3.1/armv7-m\libgcc.a(_udivmoddi4.o)
                0x0800bd90                __exidx_end = .

.rel.dyn        0x0800bd90        0x0
 .rel.iplt      0x0800bd90        0x0 d:/programm/atolik/truestudio for stm32 9.3.0/armtools/bin/../lib/gcc/arm-atollic-eabi/6.3.1/armv7-m/crtbegin.o

.preinit_array  0x0800bd90        0x0
                0x0800bd90                PROVIDE (__preinit_array_start, .)
 *(.preinit_array*)
                0x0800bd90                PROVIDE (__preinit_array_end, .)

.init_array     0x0800bd90        0x4
                0x0800bd90                PROVIDE (__init_array_start, .)
 *(SORT(.init_array.*))
 *(.init_array*)
 .init_array    0x0800bd90        0x4 d:/programm/atolik/truestudio for stm32 9.3.0/armtools/bin/../lib/gcc/arm-atollic-eabi/6.3.1/armv7-m/crtbegin.o
                0x0800bd94                PROVIDE (__init_array_end, .)

.fini_array     0x0800bd94        0x4
                [!provide]                PROVIDE (__fini_array_start, .)
 *(SORT(.fini_array.*))
 *(.fini_array*)
 .fini_array    0x0800bd94        0x4 d:/programm/atolik/truestudio for stm32 9.3.0/armtools/bin/../lib/gcc/arm-atollic-eabi/6.3.1/armv7-m/crtbegin.o
                [!provide]                PROVIDE (__fini_array_end, .)
                0x0800bd98                _sidata = LOADADDR (.data)

.data           0x20000000      0x6d4 load address 0x0800bd98
                0x20000000                . = ALIGN (0x4)
                0x20000000                _sdata = .
 *(.data)
 *(.data*)
 .data.uwTickPrio
                0x20000000        0x4 Drivers\STM32F1xx_HAL_Driver\Src\stm32f1xx_hal.o
                0x20000000                uwTickPrio
 .data.uwTickFreq
                0x20000004        0x1 Drivers\STM32F1xx_HAL_Driver\Src\stm32f1xx_hal.o
                0x20000004                uwTickFreq
 *fill*         0x20000005        0x3 
 .data.dT       0x20000008        0x4 LIBerry_V0.0\C\ADC_TEST.o
                0x20000008                dT
 .data.INL_sr   0x2000000c        0x2 LIBerry_V0.0\C\ADC_TEST.o
                0x2000000c                INL_sr
 *fill*         0x2000000e        0x2 
 .data.INL      0x20000010        0x4 LIBerry_V0.0\C\ADC_TEST.o
                0x20000010                INL
 .data.LSB      0x20000014        0x4 LIBerry_V0.0\C\ADC_TEST.o
                0x20000014                LSB
 .data.ideal_DAC
                0x20000018       0x44 LIBerry_V0.0\C\ADC_TEST.o
                0x20000018                ideal_DAC
 .data.d        0x2000005c        0x1 Src\main.o
                0x2000005c                d
 *fill*         0x2000005d        0x3 
 .data.SystemCoreClock
                0x20000060        0x4 Src\system_stm32f1xx.o
                0x20000060                SystemCoreClock
 .data._impure_ptr
                0x20000064        0x4 d:/programm/atolik/truestudio for stm32 9.3.0/armtools/bin/../lib/gcc/arm-atollic-eabi/6.3.1/../../../../arm-atollic-eabi/lib/armv7-m\libc.a(lib_a-impure.o)
                0x20000064                _impure_ptr
 .data.impure_data
                0x20000068       0xf0 d:/programm/atolik/truestudio for stm32 9.3.0/armtools/bin/../lib/gcc/arm-atollic-eabi/6.3.1/../../../../arm-atollic-eabi/lib/armv7-m\libc.a(lib_a-impure.o)
 .data.__malloc_av_
                0x20000158      0x408 d:/programm/atolik/truestudio for stm32 9.3.0/armtools/bin/../lib/gcc/arm-atollic-eabi/6.3.1/../../../../arm-atollic-eabi/lib/armv7-m\libc.a(lib_a-mallocr.o)
                0x20000158                __malloc_av_
 .data.__malloc_sbrk_base
                0x20000560        0x4 d:/programm/atolik/truestudio for stm32 9.3.0/armtools/bin/../lib/gcc/arm-atollic-eabi/6.3.1/../../../../arm-atollic-eabi/lib/armv7-m\libc.a(lib_a-mallocr.o)
                0x20000560                __malloc_sbrk_base
 .data.__malloc_trim_threshold
                0x20000564        0x4 d:/programm/atolik/truestudio for stm32 9.3.0/armtools/bin/../lib/gcc/arm-atollic-eabi/6.3.1/../../../../arm-atollic-eabi/lib/armv7-m\libc.a(lib_a-mallocr.o)
                0x20000564                __malloc_trim_threshold
 .data.__global_locale
                0x20000568      0x16c d:/programm/atolik/truestudio for stm32 9.3.0/armtools/bin/../lib/gcc/arm-atollic-eabi/6.3.1/../../../../arm-atollic-eabi/lib/armv7-m\libc.a(lib_a-locale.o)
                0x20000568                __global_locale
                0x200006d4                . = ALIGN (0x4)
                0x200006d4                _edata = .

.igot.plt       0x200006d4        0x0 load address 0x0800c46c
 .igot.plt      0x200006d4        0x0 d:/programm/atolik/truestudio for stm32 9.3.0/armtools/bin/../lib/gcc/arm-atollic-eabi/6.3.1/armv7-m/crtbegin.o
                0x200006d4                . = ALIGN (0x4)

.bss            0x200006d4      0x9bc load address 0x0800c46c
                0x200006d4                _sbss = .
                0x200006d4                __bss_start__ = _sbss
 *(.bss)
 .bss           0x200006d4       0x1c d:/programm/atolik/truestudio for stm32 9.3.0/armtools/bin/../lib/gcc/arm-atollic-eabi/6.3.1/armv7-m/crtbegin.o
 *(.bss*)
 .bss._INL      0x200006f0        0x2 LIBerry_V0.0\C\ADC_TEST.o
                0x200006f0                _INL
 *fill*         0x200006f2        0x2 
 .bss.ERrror_INL
                0x200006f4       0x22 LIBerry_V0.0\C\ADC_TEST.o
                0x200006f4                ERrror_INL
 *fill*         0x20000716        0x2 
 .bss.INL_mas   0x20000718      0x7d0 LIBerry_V0.0\C\ADC_TEST.o
                0x20000718                INL_mas
 .bss.INL_s     0x20000ee8       0x22 LIBerry_V0.0\C\ADC_TEST.o
                0x20000ee8                INL_s
 *fill*         0x20000f0a        0x2 
 .bss.heap_end.8013
                0x20000f0c        0x4 Src\syscalls.o
 .bss.__malloc_current_mallinfo
                0x20000f10       0x28 d:/programm/atolik/truestudio for stm32 9.3.0/armtools/bin/../lib/gcc/arm-atollic-eabi/6.3.1/../../../../arm-atollic-eabi/lib/armv7-m\libc.a(lib_a-mallocr.o)
                0x20000f10                __malloc_current_mallinfo
 .bss.__malloc_max_sbrked_mem
                0x20000f38        0x4 d:/programm/atolik/truestudio for stm32 9.3.0/armtools/bin/../lib/gcc/arm-atollic-eabi/6.3.1/../../../../arm-atollic-eabi/lib/armv7-m\libc.a(lib_a-mallocr.o)
                0x20000f38                __malloc_max_sbrked_mem
 .bss.__malloc_max_total_mem
                0x20000f3c        0x4 d:/programm/atolik/truestudio for stm32 9.3.0/armtools/bin/../lib/gcc/arm-atollic-eabi/6.3.1/../../../../arm-atollic-eabi/lib/armv7-m\libc.a(lib_a-mallocr.o)
                0x20000f3c                __malloc_max_total_mem
 .bss.__malloc_top_pad
                0x20000f40        0x4 d:/programm/atolik/truestudio for stm32 9.3.0/armtools/bin/../lib/gcc/arm-atollic-eabi/6.3.1/../../../../arm-atollic-eabi/lib/armv7-m\libc.a(lib_a-mallocr.o)
                0x20000f40                __malloc_top_pad
 *(COMMON)
 COMMON         0x20000f44        0x4 Drivers\STM32F1xx_HAL_Driver\Src\stm32f1xx_hal.o
                0x20000f44                uwTick
 COMMON         0x20000f48       0x30 LIBerry_V0.0\AVR\GPIO_Atmel.o
                0x20000f48                hadc1
 COMMON         0x20000f78       0x1c LIBerry_V0.0\C\ADC_TEST.o
                0x20000f78                scr
                0x20000f80                hdac
 COMMON         0x20000f94       0xec Src\main.o
                0x20000f94                hspi2
                0x20000fec                hi2c1
                0x20001040                huart2
 COMMON         0x20001080        0x9 d:/programm/atolik/truestudio for stm32 9.3.0/armtools/bin/../lib/gcc/arm-atollic-eabi/6.3.1/../../../../arm-atollic-eabi/lib/armv7-m\libc.a(lib_a-lock.o)
                0x20001080                __lock___atexit_recursive_mutex
                0x20001081                __lock___arc4random_mutex
                0x20001082                __lock___env_recursive_mutex
                0x20001083                __lock___sinit_recursive_mutex
                0x20001084                __lock___malloc_recursive_mutex
                0x20001085                __lock___at_quick_exit_mutex
                0x20001086                __lock___dd_hash_mutex
                0x20001087                __lock___tz_mutex
                0x20001088                __lock___sfp_recursive_mutex
 *fill*         0x20001089        0x3 
 COMMON         0x2000108c        0x4 d:/programm/atolik/truestudio for stm32 9.3.0/armtools/bin/../lib/gcc/arm-atollic-eabi/6.3.1/../../../../arm-atollic-eabi/lib/armv7-m\libc.a(lib_a-reent.o)
                0x2000108c                errno
                0x20001090                . = ALIGN (0x4)
                0x20001090                _ebss = .
                0x20001090                __bss_end__ = _ebss

._user_heap_stack
                0x20001090      0x600 load address 0x0800c46c
                0x20001090                . = ALIGN (0x4)
                0x20001090                PROVIDE (end, .)
                [!provide]                PROVIDE (_end, .)
                0x20001290                . = (. + _Min_Heap_Size)
 *fill*         0x20001090      0x200 
                0x20001690                . = (. + _Min_Stack_Size)
 *fill*         0x20001290      0x400 
                0x20001690                . = ALIGN (0x4)

/DISCARD/
 libc.a(*)
 libm.a(*)
 libgcc.a(*)

.ARM.attributes
                0x00000000       0x29
 *(.ARM.attributes)
 .ARM.attributes
                0x00000000       0x1d d:/programm/atolik/truestudio for stm32 9.3.0/armtools/bin/../lib/gcc/arm-atollic-eabi/6.3.1/armv7-m/crti.o
 .ARM.attributes
                0x0000001d       0x2d d:/programm/atolik/truestudio for stm32 9.3.0/armtools/bin/../lib/gcc/arm-atollic-eabi/6.3.1/armv7-m/crtbegin.o
 .ARM.attributes
                0x0000004a       0x33 Drivers\STM32F1xx_HAL_Driver\Src\stm32f1xx_hal.o
 .ARM.attributes
                0x0000007d       0x33 Drivers\STM32F1xx_HAL_Driver\Src\stm32f1xx_hal_adc.o
 .ARM.attributes
                0x000000b0       0x33 Drivers\STM32F1xx_HAL_Driver\Src\stm32f1xx_hal_cortex.o
 .ARM.attributes
                0x000000e3       0x33 Drivers\STM32F1xx_HAL_Driver\Src\stm32f1xx_hal_dac.o
 .ARM.attributes
                0x00000116       0x33 Drivers\STM32F1xx_HAL_Driver\Src\stm32f1xx_hal_dma.o
 .ARM.attributes
                0x00000149       0x33 Drivers\STM32F1xx_HAL_Driver\Src\stm32f1xx_hal_gpio.o
 .ARM.attributes
                0x0000017c       0x33 Drivers\STM32F1xx_HAL_Driver\Src\stm32f1xx_hal_i2c.o
 .ARM.attributes
                0x000001af       0x33 Drivers\STM32F1xx_HAL_Driver\Src\stm32f1xx_hal_rcc.o
 .ARM.attributes
                0x000001e2       0x33 Drivers\STM32F1xx_HAL_Driver\Src\stm32f1xx_hal_rcc_ex.o
 .ARM.attributes
                0x00000215       0x33 Drivers\STM32F1xx_HAL_Driver\Src\stm32f1xx_hal_spi.o
 .ARM.attributes
                0x00000248       0x33 Drivers\STM32F1xx_HAL_Driver\Src\stm32f1xx_hal_uart.o
 .ARM.attributes
                0x0000027b       0x33 LIBerry_V0.0\AVR\GPIO_Atmel.o
 .ARM.attributes
                0x000002ae       0x33 LIBerry_V0.0\C\ADC_TEST.o
 .ARM.attributes
                0x000002e1       0x33 LIBerry_V0.0\C\lcd.o
 .ARM.attributes
                0x00000314       0x33 LIBerry_V0.0\arm3\GPIO_ARM3.o
 .ARM.attributes
                0x00000347       0x33 Src\main.o
 .ARM.attributes
                0x0000037a       0x33 Src\stm32f1xx_hal_msp.o
 .ARM.attributes
                0x000003ad       0x33 Src\stm32f1xx_it.o
 .ARM.attributes
                0x000003e0       0x33 Src\syscalls.o
 .ARM.attributes
                0x00000413       0x33 Src\system_stm32f1xx.o
 .ARM.attributes
                0x00000446       0x21 startup\startup_stm32f103xe.o
 .ARM.attributes
                0x00000467       0x2d d:/programm/atolik/truestudio for stm32 9.3.0/armtools/bin/../lib/gcc/arm-atollic-eabi/6.3.1/../../../../arm-atollic-eabi/lib/armv7-m\libc.a(lib_a-errno.o)
 .ARM.attributes
                0x00000494       0x2d d:/programm/atolik/truestudio for stm32 9.3.0/armtools/bin/../lib/gcc/arm-atollic-eabi/6.3.1/../../../../arm-atollic-eabi/lib/armv7-m\libc.a(lib_a-impure.o)
 .ARM.attributes
                0x000004c1       0x2d d:/programm/atolik/truestudio for stm32 9.3.0/armtools/bin/../lib/gcc/arm-atollic-eabi/6.3.1/../../../../arm-atollic-eabi/lib/armv7-m\libc.a(lib_a-init.o)
 .ARM.attributes
                0x000004ee       0x2d d:/programm/atolik/truestudio for stm32 9.3.0/armtools/bin/../lib/gcc/arm-atollic-eabi/6.3.1/../../../../arm-atollic-eabi/lib/armv7-m\libc.a(lib_a-malloc.o)
 .ARM.attributes
                0x0000051b       0x2d d:/programm/atolik/truestudio for stm32 9.3.0/armtools/bin/../lib/gcc/arm-atollic-eabi/6.3.1/../../../../arm-atollic-eabi/lib/armv7-m\libc.a(lib_a-mallocr.o)
 .ARM.attributes
                0x00000548       0x2d d:/programm/atolik/truestudio for stm32 9.3.0/armtools/bin/../lib/gcc/arm-atollic-eabi/6.3.1/../../../../arm-atollic-eabi/lib/armv7-m\libc.a(lib_a-memcpy-stub.o)
 .ARM.attributes
                0x00000575       0x2d d:/programm/atolik/truestudio for stm32 9.3.0/armtools/bin/../lib/gcc/arm-atollic-eabi/6.3.1/../../../../arm-atollic-eabi/lib/armv7-m\libc.a(lib_a-memset.o)
 .ARM.attributes
                0x000005a2       0x2d d:/programm/atolik/truestudio for stm32 9.3.0/armtools/bin/../lib/gcc/arm-atollic-eabi/6.3.1/../../../../arm-atollic-eabi/lib/armv7-m\libc.a(lib_a-mlock.o)
 .ARM.attributes
                0x000005cf       0x2d d:/programm/atolik/truestudio for stm32 9.3.0/armtools/bin/../lib/gcc/arm-atollic-eabi/6.3.1/../../../../arm-atollic-eabi/lib/armv7-m\libc.a(lib_a-printf.o)
 .ARM.attributes
                0x000005fc       0x2d d:/programm/atolik/truestudio for stm32 9.3.0/armtools/bin/../lib/gcc/arm-atollic-eabi/6.3.1/../../../../arm-atollic-eabi/lib/armv7-m\libc.a(lib_a-puts.o)
 .ARM.attributes
                0x00000629       0x2d d:/programm/atolik/truestudio for stm32 9.3.0/armtools/bin/../lib/gcc/arm-atollic-eabi/6.3.1/../../../../arm-atollic-eabi/lib/armv7-m\libc.a(lib_a-sbrkr.o)
 .ARM.attributes
                0x00000656       0x2d d:/programm/atolik/truestudio for stm32 9.3.0/armtools/bin/../lib/gcc/arm-atollic-eabi/6.3.1/../../../../arm-atollic-eabi/lib/armv7-m\libc.a(lib_a-snprintf.o)
 .ARM.attributes
                0x00000683       0x17 d:/programm/atolik/truestudio for stm32 9.3.0/armtools/bin/../lib/gcc/arm-atollic-eabi/6.3.1/../../../../arm-atollic-eabi/lib/armv7-m\libc.a(lib_a-strlen.o)
 .ARM.attributes
                0x0000069a       0x2d d:/programm/atolik/truestudio for stm32 9.3.0/armtools/bin/../lib/gcc/arm-atollic-eabi/6.3.1/../../../../arm-atollic-eabi/lib/armv7-m\libc.a(lib_a-svfprintf.o)
 .ARM.attributes
                0x000006c7       0x2d d:/programm/atolik/truestudio for stm32 9.3.0/armtools/bin/../lib/gcc/arm-atollic-eabi/6.3.1/../../../../arm-atollic-eabi/lib/armv7-m\libc.a(lib_a-vfprintf.o)
 .ARM.attributes
                0x000006f4       0x2d d:/programm/atolik/truestudio for stm32 9.3.0/armtools/bin/../lib/gcc/arm-atollic-eabi/6.3.1/../../../../arm-atollic-eabi/lib/armv7-m\libc.a(lib_a-wsetup.o)
 .ARM.attributes
                0x00000721       0x2d d:/programm/atolik/truestudio for stm32 9.3.0/armtools/bin/../lib/gcc/arm-atollic-eabi/6.3.1/../../../../arm-atollic-eabi/lib/armv7-m\libc.a(lib_a-dtoa.o)
 .ARM.attributes
                0x0000074e       0x2d d:/programm/atolik/truestudio for stm32 9.3.0/armtools/bin/../lib/gcc/arm-atollic-eabi/6.3.1/../../../../arm-atollic-eabi/lib/armv7-m\libc.a(lib_a-fflush.o)
 .ARM.attributes
                0x0000077b       0x2d d:/programm/atolik/truestudio for stm32 9.3.0/armtools/bin/../lib/gcc/arm-atollic-eabi/6.3.1/../../../../arm-atollic-eabi/lib/armv7-m\libc.a(lib_a-findfp.o)
 .ARM.attributes
                0x000007a8       0x2d d:/programm/atolik/truestudio for stm32 9.3.0/armtools/bin/../lib/gcc/arm-atollic-eabi/6.3.1/../../../../arm-atollic-eabi/lib/armv7-m\libc.a(lib_a-freer.o)
 .ARM.attributes
                0x000007d5       0x2d d:/programm/atolik/truestudio for stm32 9.3.0/armtools/bin/../lib/gcc/arm-atollic-eabi/6.3.1/../../../../arm-atollic-eabi/lib/armv7-m\libc.a(lib_a-fvwrite.o)
 .ARM.attributes
                0x00000802       0x2d d:/programm/atolik/truestudio for stm32 9.3.0/armtools/bin/../lib/gcc/arm-atollic-eabi/6.3.1/../../../../arm-atollic-eabi/lib/armv7-m\libc.a(lib_a-fwalk.o)
 .ARM.attributes
                0x0000082f       0x2d d:/programm/atolik/truestudio for stm32 9.3.0/armtools/bin/../lib/gcc/arm-atollic-eabi/6.3.1/../../../../arm-atollic-eabi/lib/armv7-m\libc.a(lib_a-localeconv.o)
 .ARM.attributes
                0x0000085c       0x2d d:/programm/atolik/truestudio for stm32 9.3.0/armtools/bin/../lib/gcc/arm-atollic-eabi/6.3.1/../../../../arm-atollic-eabi/lib/armv7-m\libc.a(lib_a-lock.o)
 .ARM.attributes
                0x00000889       0x2d d:/programm/atolik/truestudio for stm32 9.3.0/armtools/bin/../lib/gcc/arm-atollic-eabi/6.3.1/../../../../arm-atollic-eabi/lib/armv7-m\libc.a(lib_a-makebuf.o)
 .ARM.attributes
                0x000008b6       0x2d d:/programm/atolik/truestudio for stm32 9.3.0/armtools/bin/../lib/gcc/arm-atollic-eabi/6.3.1/../../../../arm-atollic-eabi/lib/armv7-m\libc.a(lib_a-memchr-stub.o)
 .ARM.attributes
                0x000008e3       0x2d d:/programm/atolik/truestudio for stm32 9.3.0/armtools/bin/../lib/gcc/arm-atollic-eabi/6.3.1/../../../../arm-atollic-eabi/lib/armv7-m\libc.a(lib_a-memmove.o)
 .ARM.attributes
                0x00000910       0x2d d:/programm/atolik/truestudio for stm32 9.3.0/armtools/bin/../lib/gcc/arm-atollic-eabi/6.3.1/../../../../arm-atollic-eabi/lib/armv7-m\libc.a(lib_a-mprec.o)
 .ARM.attributes
                0x0000093d       0x2d d:/programm/atolik/truestudio for stm32 9.3.0/armtools/bin/../lib/gcc/arm-atollic-eabi/6.3.1/../../../../arm-atollic-eabi/lib/armv7-m\libc.a(lib_a-reallocr.o)
 .ARM.attributes
                0x0000096a       0x2d d:/programm/atolik/truestudio for stm32 9.3.0/armtools/bin/../lib/gcc/arm-atollic-eabi/6.3.1/../../../../arm-atollic-eabi/lib/armv7-m\libc.a(lib_a-reent.o)
 .ARM.attributes
                0x00000997       0x2d d:/programm/atolik/truestudio for stm32 9.3.0/armtools/bin/../lib/gcc/arm-atollic-eabi/6.3.1/../../../../arm-atollic-eabi/lib/armv7-m\libc.a(lib_a-stdio.o)
 .ARM.attributes
                0x000009c4       0x2d d:/programm/atolik/truestudio for stm32 9.3.0/armtools/bin/../lib/gcc/arm-atollic-eabi/6.3.1/../../../../arm-atollic-eabi/lib/armv7-m\libc.a(lib_a-svfiprintf.o)
 .ARM.attributes
                0x000009f1       0x2d d:/programm/atolik/truestudio for stm32 9.3.0/armtools/bin/../lib/gcc/arm-atollic-eabi/6.3.1/../../../../arm-atollic-eabi/lib/armv7-m\libc.a(lib_a-vfiprintf.o)
 .ARM.attributes
                0x00000a1e       0x2d d:/programm/atolik/truestudio for stm32 9.3.0/armtools/bin/../lib/gcc/arm-atollic-eabi/6.3.1/../../../../arm-atollic-eabi/lib/armv7-m\libc.a(lib_a-writer.o)
 .ARM.attributes
                0x00000a4b       0x2d d:/programm/atolik/truestudio for stm32 9.3.0/armtools/bin/../lib/gcc/arm-atollic-eabi/6.3.1/../../../../arm-atollic-eabi/lib/armv7-m\libc.a(lib_a-callocr.o)
 .ARM.attributes
                0x00000a78       0x2d d:/programm/atolik/truestudio for stm32 9.3.0/armtools/bin/../lib/gcc/arm-atollic-eabi/6.3.1/../../../../arm-atollic-eabi/lib/armv7-m\libc.a(lib_a-closer.o)
 .ARM.attributes
                0x00000aa5       0x2d d:/programm/atolik/truestudio for stm32 9.3.0/armtools/bin/../lib/gcc/arm-atollic-eabi/6.3.1/../../../../arm-atollic-eabi/lib/armv7-m\libc.a(lib_a-fclose.o)
 .ARM.attributes
                0x00000ad2       0x2d d:/programm/atolik/truestudio for stm32 9.3.0/armtools/bin/../lib/gcc/arm-atollic-eabi/6.3.1/../../../../arm-atollic-eabi/lib/armv7-m\libc.a(lib_a-fputwc.o)
 .ARM.attributes
                0x00000aff       0x2d d:/programm/atolik/truestudio for stm32 9.3.0/armtools/bin/../lib/gcc/arm-atollic-eabi/6.3.1/../../../../arm-atollic-eabi/lib/armv7-m\libc.a(lib_a-fstatr.o)
 .ARM.attributes
                0x00000b2c       0x2d d:/programm/atolik/truestudio for stm32 9.3.0/armtools/bin/../lib/gcc/arm-atollic-eabi/6.3.1/../../../../arm-atollic-eabi/lib/armv7-m\libc.a(lib_a-isattyr.o)
 .ARM.attributes
                0x00000b59       0x2d d:/programm/atolik/truestudio for stm32 9.3.0/armtools/bin/../lib/gcc/arm-atollic-eabi/6.3.1/../../../../arm-atollic-eabi/lib/armv7-m\libc.a(lib_a-locale.o)
 .ARM.attributes
                0x00000b86       0x2d d:/programm/atolik/truestudio for stm32 9.3.0/armtools/bin/../lib/gcc/arm-atollic-eabi/6.3.1/../../../../arm-atollic-eabi/lib/armv7-m\libc.a(lib_a-lseekr.o)
 .ARM.attributes
                0x00000bb3       0x2d d:/programm/atolik/truestudio for stm32 9.3.0/armtools/bin/../lib/gcc/arm-atollic-eabi/6.3.1/../../../../arm-atollic-eabi/lib/armv7-m\libc.a(lib_a-mbtowc_r.o)
 .ARM.attributes
                0x00000be0       0x2d d:/programm/atolik/truestudio for stm32 9.3.0/armtools/bin/../lib/gcc/arm-atollic-eabi/6.3.1/../../../../arm-atollic-eabi/lib/armv7-m\libc.a(lib_a-readr.o)
 .ARM.attributes
                0x00000c0d       0x2d d:/programm/atolik/truestudio for stm32 9.3.0/armtools/bin/../lib/gcc/arm-atollic-eabi/6.3.1/../../../../arm-atollic-eabi/lib/armv7-m\libc.a(lib_a-wbuf.o)
 .ARM.attributes
                0x00000c3a       0x2d d:/programm/atolik/truestudio for stm32 9.3.0/armtools/bin/../lib/gcc/arm-atollic-eabi/6.3.1/../../../../arm-atollic-eabi/lib/armv7-m\libc.a(lib_a-wcrtomb.o)
 .ARM.attributes
                0x00000c67       0x2d d:/programm/atolik/truestudio for stm32 9.3.0/armtools/bin/../lib/gcc/arm-atollic-eabi/6.3.1/../../../../arm-atollic-eabi/lib/armv7-m\libc.a(lib_a-wctomb_r.o)
 .ARM.attributes
                0x00000c94       0x2d d:/programm/atolik/truestudio for stm32 9.3.0/armtools/bin/../lib/gcc/arm-atollic-eabi/6.3.1/../../../../arm-atollic-eabi/lib/armv7-m\libc.a(lib_a-ctype_.o)
 .ARM.attributes
                0x00000cc1       0x1d d:/programm/atolik/truestudio for stm32 9.3.0/armtools/bin/../lib/gcc/arm-atollic-eabi/6.3.1/armv7-m\libgcc.a(_arm_addsubdf3.o)
 .ARM.attributes
                0x00000cde       0x1d d:/programm/atolik/truestudio for stm32 9.3.0/armtools/bin/../lib/gcc/arm-atollic-eabi/6.3.1/armv7-m\libgcc.a(_arm_muldivdf3.o)
 .ARM.attributes
                0x00000cfb       0x1d d:/programm/atolik/truestudio for stm32 9.3.0/armtools/bin/../lib/gcc/arm-atollic-eabi/6.3.1/armv7-m\libgcc.a(_arm_cmpdf2.o)
 .ARM.attributes
                0x00000d18       0x1d d:/programm/atolik/truestudio for stm32 9.3.0/armtools/bin/../lib/gcc/arm-atollic-eabi/6.3.1/armv7-m\libgcc.a(_arm_unorddf2.o)
 .ARM.attributes
                0x00000d35       0x1d d:/programm/atolik/truestudio for stm32 9.3.0/armtools/bin/../lib/gcc/arm-atollic-eabi/6.3.1/armv7-m\libgcc.a(_arm_fixdfsi.o)
 .ARM.attributes
                0x00000d52       0x1d d:/programm/atolik/truestudio for stm32 9.3.0/armtools/bin/../lib/gcc/arm-atollic-eabi/6.3.1/armv7-m\libgcc.a(_arm_fixunsdfsi.o)
 .ARM.attributes
                0x00000d6f       0x1d d:/programm/atolik/truestudio for stm32 9.3.0/armtools/bin/../lib/gcc/arm-atollic-eabi/6.3.1/armv7-m\libgcc.a(_arm_addsubsf3.o)
 .ARM.attributes
                0x00000d8c       0x1d d:/programm/atolik/truestudio for stm32 9.3.0/armtools/bin/../lib/gcc/arm-atollic-eabi/6.3.1/armv7-m\libgcc.a(_arm_muldivsf3.o)
 .ARM.attributes
                0x00000da9       0x1d d:/programm/atolik/truestudio for stm32 9.3.0/armtools/bin/../lib/gcc/arm-atollic-eabi/6.3.1/armv7-m\libgcc.a(_aeabi_uldivmod.o)
 .ARM.attributes
                0x00000dc6       0x2d d:/programm/atolik/truestudio for stm32 9.3.0/armtools/bin/../lib/gcc/arm-atollic-eabi/6.3.1/armv7-m\libgcc.a(_udivmoddi4.o)
 .ARM.attributes
                0x00000df3       0x1d d:/programm/atolik/truestudio for stm32 9.3.0/armtools/bin/../lib/gcc/arm-atollic-eabi/6.3.1/armv7-m\libgcc.a(_dvmd_tls.o)
 .ARM.attributes
                0x00000e10       0x1d d:/programm/atolik/truestudio for stm32 9.3.0/armtools/bin/../lib/gcc/arm-atollic-eabi/6.3.1/armv7-m/crtn.o
OUTPUT(STM32F103VE_ANALOG.elf elf32-littlearm)

.debug_info     0x00000000    0x15341
 .debug_info    0x00000000      0x77a Drivers\STM32F1xx_HAL_Driver\Src\stm32f1xx_hal.o
 .debug_info    0x0000077a      0xc69 Drivers\STM32F1xx_HAL_Driver\Src\stm32f1xx_hal_adc.o
 .debug_info    0x000013e3      0xbb8 Drivers\STM32F1xx_HAL_Driver\Src\stm32f1xx_hal_cortex.o
 .debug_info    0x00001f9b      0x9d5 Drivers\STM32F1xx_HAL_Driver\Src\stm32f1xx_hal_dac.o
 .debug_info    0x00002970      0x7ad Drivers\STM32F1xx_HAL_Driver\Src\stm32f1xx_hal_dma.o
 .debug_info    0x0000311d      0x69b Drivers\STM32F1xx_HAL_Driver\Src\stm32f1xx_hal_gpio.o
 .debug_info    0x000037b8     0x2551 Drivers\STM32F1xx_HAL_Driver\Src\stm32f1xx_hal_i2c.o
 .debug_info    0x00005d09      0x80e Drivers\STM32F1xx_HAL_Driver\Src\stm32f1xx_hal_rcc.o
 .debug_info    0x00006517      0x45d Drivers\STM32F1xx_HAL_Driver\Src\stm32f1xx_hal_rcc_ex.o
 .debug_info    0x00006974     0x157c Drivers\STM32F1xx_HAL_Driver\Src\stm32f1xx_hal_spi.o
 .debug_info    0x00007ef0     0x1218 Drivers\STM32F1xx_HAL_Driver\Src\stm32f1xx_hal_uart.o
 .debug_info    0x00009108     0x1122 LIBerry_V0.0\AVR\GPIO_Atmel.o
 .debug_info    0x0000a22a     0x148f LIBerry_V0.0\C\ADC_TEST.o
 .debug_info    0x0000b6b9     0x1952 LIBerry_V0.0\C\lcd.o
 .debug_info    0x0000d00b     0x1f42 LIBerry_V0.0\arm3\GPIO_ARM3.o
 .debug_info    0x0000ef4d     0x1bd1 Src\main.o
 .debug_info    0x00010b1e     0x1d10 Src\stm32f1xx_hal_msp.o
 .debug_info    0x0001282e     0x156f Src\stm32f1xx_it.o
 .debug_info    0x00013d9d     0x128c Src\syscalls.o
 .debug_info    0x00015029      0x29b Src\system_stm32f1xx.o
 .debug_info    0x000152c4       0x7d startup\startup_stm32f103xe.o

.debug_abbrev   0x00000000     0x2bc6
 .debug_abbrev  0x00000000      0x1c2 Drivers\STM32F1xx_HAL_Driver\Src\stm32f1xx_hal.o
 .debug_abbrev  0x000001c2      0x1d0 Drivers\STM32F1xx_HAL_Driver\Src\stm32f1xx_hal_adc.o
 .debug_abbrev  0x00000392      0x2d0 Drivers\STM32F1xx_HAL_Driver\Src\stm32f1xx_hal_cortex.o
 .debug_abbrev  0x00000662      0x1c7 Drivers\STM32F1xx_HAL_Driver\Src\stm32f1xx_hal_dac.o
 .debug_abbrev  0x00000829      0x1f9 Drivers\STM32F1xx_HAL_Driver\Src\stm32f1xx_hal_dma.o
 .debug_abbrev  0x00000a22      0x1bb Drivers\STM32F1xx_HAL_Driver\Src\stm32f1xx_hal_gpio.o
 .debug_abbrev  0x00000bdd      0x253 Drivers\STM32F1xx_HAL_Driver\Src\stm32f1xx_hal_i2c.o
 .debug_abbrev  0x00000e30      0x23e Drivers\STM32F1xx_HAL_Driver\Src\stm32f1xx_hal_rcc.o
 .debug_abbrev  0x0000106e      0x170 Drivers\STM32F1xx_HAL_Driver\Src\stm32f1xx_hal_rcc_ex.o
 .debug_abbrev  0x000011de      0x23b Drivers\STM32F1xx_HAL_Driver\Src\stm32f1xx_hal_spi.o
 .debug_abbrev  0x00001419      0x23d Drivers\STM32F1xx_HAL_Driver\Src\stm32f1xx_hal_uart.o
 .debug_abbrev  0x00001656      0x1a3 LIBerry_V0.0\AVR\GPIO_Atmel.o
 .debug_abbrev  0x000017f9      0x275 LIBerry_V0.0\C\ADC_TEST.o
 .debug_abbrev  0x00001a6e      0x2b7 LIBerry_V0.0\C\lcd.o
 .debug_abbrev  0x00001d25      0x34b LIBerry_V0.0\arm3\GPIO_ARM3.o
 .debug_abbrev  0x00002070      0x2c4 Src\main.o
 .debug_abbrev  0x00002334      0x259 Src\stm32f1xx_hal_msp.o
 .debug_abbrev  0x0000258d      0x1e4 Src\stm32f1xx_it.o
 .debug_abbrev  0x00002771      0x314 Src\syscalls.o
 .debug_abbrev  0x00002a85      0x12f Src\system_stm32f1xx.o
 .debug_abbrev  0x00002bb4       0x12 startup\startup_stm32f103xe.o

.debug_aranges  0x00000000     0x1038
 .debug_aranges
                0x00000000       0xe0 Drivers\STM32F1xx_HAL_Driver\Src\stm32f1xx_hal.o
 .debug_aranges
                0x000000e0       0xf0 Drivers\STM32F1xx_HAL_Driver\Src\stm32f1xx_hal_adc.o
 .debug_aranges
                0x000001d0      0x100 Drivers\STM32F1xx_HAL_Driver\Src\stm32f1xx_hal_cortex.o
 .debug_aranges
                0x000002d0       0xc0 Drivers\STM32F1xx_HAL_Driver\Src\stm32f1xx_hal_dac.o
 .debug_aranges
                0x00000390       0x80 Drivers\STM32F1xx_HAL_Driver\Src\stm32f1xx_hal_dma.o
 .debug_aranges
                0x00000410       0x58 Drivers\STM32F1xx_HAL_Driver\Src\stm32f1xx_hal_gpio.o
 .debug_aranges
                0x00000468      0x2a0 Drivers\STM32F1xx_HAL_Driver\Src\stm32f1xx_hal_i2c.o
 .debug_aranges
                0x00000708       0x90 Drivers\STM32F1xx_HAL_Driver\Src\stm32f1xx_hal_rcc.o
 .debug_aranges
                0x00000798       0x30 Drivers\STM32F1xx_HAL_Driver\Src\stm32f1xx_hal_rcc_ex.o
 .debug_aranges
                0x000007c8      0x1d0 Drivers\STM32F1xx_HAL_Driver\Src\stm32f1xx_hal_spi.o
 .debug_aranges
                0x00000998      0x1d0 Drivers\STM32F1xx_HAL_Driver\Src\stm32f1xx_hal_uart.o
 .debug_aranges
                0x00000b68       0x18 LIBerry_V0.0\AVR\GPIO_Atmel.o
 .debug_aranges
                0x00000b80       0x30 LIBerry_V0.0\C\ADC_TEST.o
 .debug_aranges
                0x00000bb0       0xb0 LIBerry_V0.0\C\lcd.o
 .debug_aranges
                0x00000c60      0x188 LIBerry_V0.0\arm3\GPIO_ARM3.o
 .debug_aranges
                0x00000de8       0x60 Src\main.o
 .debug_aranges
                0x00000e48       0x70 Src\stm32f1xx_hal_msp.o
 .debug_aranges
                0x00000eb8       0x78 Src\stm32f1xx_it.o
 .debug_aranges
                0x00000f30       0xb8 Src\syscalls.o
 .debug_aranges
                0x00000fe8       0x28 Src\system_stm32f1xx.o
 .debug_aranges
                0x00001010       0x28 startup\startup_stm32f103xe.o

.debug_ranges   0x00000000      0xf10
 .debug_ranges  0x00000000       0xd0 Drivers\STM32F1xx_HAL_Driver\Src\stm32f1xx_hal.o
 .debug_ranges  0x000000d0       0xe0 Drivers\STM32F1xx_HAL_Driver\Src\stm32f1xx_hal_adc.o
 .debug_ranges  0x000001b0       0xf0 Drivers\STM32F1xx_HAL_Driver\Src\stm32f1xx_hal_cortex.o
 .debug_ranges  0x000002a0       0xb0 Drivers\STM32F1xx_HAL_Driver\Src\stm32f1xx_hal_dac.o
 .debug_ranges  0x00000350       0x70 Drivers\STM32F1xx_HAL_Driver\Src\stm32f1xx_hal_dma.o
 .debug_ranges  0x000003c0       0x48 Drivers\STM32F1xx_HAL_Driver\Src\stm32f1xx_hal_gpio.o
 .debug_ranges  0x00000408      0x2b8 Drivers\STM32F1xx_HAL_Driver\Src\stm32f1xx_hal_i2c.o
 .debug_ranges  0x000006c0       0x80 Drivers\STM32F1xx_HAL_Driver\Src\stm32f1xx_hal_rcc.o
 .debug_ranges  0x00000740       0x20 Drivers\STM32F1xx_HAL_Driver\Src\stm32f1xx_hal_rcc_ex.o
 .debug_ranges  0x00000760      0x1c0 Drivers\STM32F1xx_HAL_Driver\Src\stm32f1xx_hal_spi.o
 .debug_ranges  0x00000920      0x1c0 Drivers\STM32F1xx_HAL_Driver\Src\stm32f1xx_hal_uart.o
 .debug_ranges  0x00000ae0       0x20 LIBerry_V0.0\C\ADC_TEST.o
 .debug_ranges  0x00000b00       0xa0 LIBerry_V0.0\C\lcd.o
 .debug_ranges  0x00000ba0      0x178 LIBerry_V0.0\arm3\GPIO_ARM3.o
 .debug_ranges  0x00000d18       0x50 Src\main.o
 .debug_ranges  0x00000d68       0x60 Src\stm32f1xx_hal_msp.o
 .debug_ranges  0x00000dc8       0x68 Src\stm32f1xx_it.o
 .debug_ranges  0x00000e30       0xa8 Src\syscalls.o
 .debug_ranges  0x00000ed8       0x18 Src\system_stm32f1xx.o
 .debug_ranges  0x00000ef0       0x20 startup\startup_stm32f103xe.o

.debug_line     0x00000000     0x8462
 .debug_line    0x00000000      0x3ce Drivers\STM32F1xx_HAL_Driver\Src\stm32f1xx_hal.o
 .debug_line    0x000003ce      0x772 Drivers\STM32F1xx_HAL_Driver\Src\stm32f1xx_hal_adc.o
 .debug_line    0x00000b40      0x49e Drivers\STM32F1xx_HAL_Driver\Src\stm32f1xx_hal_cortex.o
 .debug_line    0x00000fde      0x465 Drivers\STM32F1xx_HAL_Driver\Src\stm32f1xx_hal_dac.o
 .debug_line    0x00001443      0xadb Drivers\STM32F1xx_HAL_Driver\Src\stm32f1xx_hal_dma.o
 .debug_line    0x00001f1e      0x40a Drivers\STM32F1xx_HAL_Driver\Src\stm32f1xx_hal_gpio.o
 .debug_line    0x00002328     0x17c0 Drivers\STM32F1xx_HAL_Driver\Src\stm32f1xx_hal_i2c.o
 .debug_line    0x00003ae8      0x4e6 Drivers\STM32F1xx_HAL_Driver\Src\stm32f1xx_hal_rcc.o
 .debug_line    0x00003fce      0x2db Drivers\STM32F1xx_HAL_Driver\Src\stm32f1xx_hal_rcc_ex.o
 .debug_line    0x000042a9      0xbf0 Drivers\STM32F1xx_HAL_Driver\Src\stm32f1xx_hal_spi.o
 .debug_line    0x00004e99      0xb4a Drivers\STM32F1xx_HAL_Driver\Src\stm32f1xx_hal_uart.o
 .debug_line    0x000059e3      0x2fb LIBerry_V0.0\AVR\GPIO_Atmel.o
 .debug_line    0x00005cde      0x426 LIBerry_V0.0\C\ADC_TEST.o
 .debug_line    0x00006104      0x5a5 LIBerry_V0.0\C\lcd.o
 .debug_line    0x000066a9      0x939 LIBerry_V0.0\arm3\GPIO_ARM3.o
 .debug_line    0x00006fe2      0x4bf Src\main.o
 .debug_line    0x000074a1      0x477 Src\stm32f1xx_hal_msp.o
 .debug_line    0x00007918      0x423 Src\stm32f1xx_it.o
 .debug_line    0x00007d3b      0x49c Src\syscalls.o
 .debug_line    0x000081d7      0x20e Src\system_stm32f1xx.o
 .debug_line    0x000083e5       0x7d startup\startup_stm32f103xe.o

.debug_str      0x00000000     0x43f4
 .debug_str     0x00000000      0x8a2 Drivers\STM32F1xx_HAL_Driver\Src\stm32f1xx_hal.o
                                0x91a (size before relaxing)
 .debug_str     0x000008a2      0x613 Drivers\STM32F1xx_HAL_Driver\Src\stm32f1xx_hal_adc.o
                                0x930 (size before relaxing)