core_cm3.h:1876:26:ITM_SendChar	16	static
syscalls.c:74:6:initialise_monitor_handles	4	static
syscalls.c:78:5:_getpid	4	static
syscalls.c:83:5:_kill	16	static
syscalls.c:92:6:_exit	16	static
syscalls.c:100:27:_read	40	static
syscalls.c:112:5:_write	32	static
syscalls.c:133:9:_sbrk	24	static
syscalls.c:156:5:_close	16	static
syscalls.c:162:5:_fstat	16	static
syscalls.c:168:5:_isatty	16	static
syscalls.c:173:5:_lseek	24	static
syscalls.c:178:5:_open	12	static
syscalls.c:184:5:_wait	16	static
syscalls.c:190:5:_unlink	16	static
syscalls.c:196:5:_times	16	static
syscalls.c:201:5:_stat	16	static
syscalls.c:207:5:_link	16	static
syscalls.c:213:5:_fork	8	static
syscalls.c:219:5:_execve	24	static
