GPIO_ARM3.c:17:6:Alarm_PIN	8	static
GPIO_ARM3.c:39:6:OK	8	static
GPIO_ARM3.c:54:6:Alarm	16	static
GPIO_ARM3.c:70:6:Alarm_One	16	static
GPIO_ARM3.c:86:6:fail_signal	16	static
GPIO_ARM3.c:96:6:delay_nop	24	static
GPIO_ARM3.c:105:6:PIN_HIGH	16	static
GPIO_ARM3.c:114:6:PIN_LOW	16	static
GPIO_ARM3.c:120:6:PIN_OUT	16	static
GPIO_ARM3.c:135:6:PIN_IN	16	static
GPIO_ARM3.c:149:6:PIN_DOWN	16	static
GPIO_ARM3.c:165:6:PIN_PP	16	static
GPIO_ARM3.c:183:7:READ_PIN	24	static
GPIO_ARM3.c:193:6:PORT_IN	16	static
GPIO_ARM3.c:200:6:PORT_OUT	16	static
GPIO_ARM3.c:207:6:PORT_HIGH	16	static
GPIO_ARM3.c:212:6:PORT_LOW	16	static
GPIO_ARM3.c:217:6:PORT_Data	16	static
GPIO_ARM3.c:223:6:PORT_Write8	16	static
GPIO_ARM3.c:228:6:PORT_WriteRandom	16	static
GPIO_ARM3.c:236:10:PORT_READ_16	16	static
GPIO_ARM3.c:252:9:PORT_READ_8	16	static
GPIO_ARM3.c:267:9:PORT_READ_8_RANDOM	16	static
GPIO_ARM3.c:282:10:PORT_READ	24	static
GPIO_ARM3.c:354:6:system_GPIO	32	static
GPIO_ARM3.c:365:5:GPIO_TEST	40	static
GPIO_ARM3.c:482:6:GPIO_PIN_Mode	40	static
GPIO_ARM3.c:511:10:reverse	24	static
GPIO_ARM3.c:523:10:reverse_16	24	static
GPIO_ARM3.c:535:9:reverse_8	24	static
GPIO_ARM3.c:548:6:send_1wire	32	static
GPIO_ARM3.c:590:6:Alarms_One	32	static
GPIO_ARM3.c:609:6:PINS_HIGH	16	static
GPIO_ARM3.c:617:6:PINS_LOW	16	static
GPIO_ARM3.c:623:6:PINS_OUT	16	static
GPIO_ARM3.c:641:6:PINS_IN	16	static
GPIO_ARM3.c:656:6:PINS_PP	16	static
GPIO_ARM3.c:682:6:PINS_DOWN	16	static
GPIO_ARM3.c:703:6:PORTS_OUT_M	24	static
GPIO_ARM3.c:709:6:PORTS_IN_M	24	static
GPIO_ARM3.c:716:6:PINS_data	32	static
GPIO_ARM3.c:730:7:READS_PIN	24	static
GPIO_ARM3.c:735:10:READS_DATA_CLK	40	static
GPIO_ARM3.c:753:16:READS_DATA	32	static
GPIO_ARM3.c:772:10:PORTS_READ	24	static
GPIO_ARM3.c:788:6:PINS_1wire_clk	32	static
