DS1307.cpp:30:1:DS1307::DS1307()	16	static
DS1307.cpp:41:6:void DS1307::read()	24	static
DS1307.cpp:69:6:void DS1307::save()	24	static
DS1307.cpp:92:6:void DS1307::get(int*, bool)	40	static
DS1307.cpp:101:5:int DS1307::get(int, bool)	32	static
DS1307.cpp:132:6:void DS1307::set(int, int)	32	static
DS1307.cpp:186:6:void DS1307::stop()	16	static
DS1307.cpp:195:6:void DS1307::start()	16	static
DS1307.cpp:201:1:void __static_initialization_and_destruction_0(int, int)	16	static
DS1307.cpp:201:1:cpp)	8	static
